Component: ARM Compiler 5.06 update 5 (build 528) Tool: armlink [4d35e2]

==============================================================================

Section Cross References

    stspin32f0.o(i.ADC_Channel) refers to stspin32f0.o(.bss) for .bss
    stspin32f0.o(i.DisableInput_CH1_D_CH2_D_CH3_D) refers to stm32f0xx_hal_tim.o(i.HAL_TIM_PWM_Stop) for HAL_TIM_PWM_Stop
    stspin32f0.o(i.DisableInput_CH1_D_CH2_D_CH3_D) refers to stm32f0xx_hal_tim_ex.o(i.HAL_TIMEx_PWMN_Stop) for HAL_TIMEx_PWMN_Stop
    stspin32f0.o(i.DisableInput_CH1_D_CH2_D_CH3_D) refers to stspin32f0.o(.bss) for .bss
    stspin32f0.o(i.EnableInput_CH1_D_CH2_E_CH3_E) refers to stm32f0xx_hal_tim.o(i.HAL_TIM_PWM_Stop) for HAL_TIM_PWM_Stop
    stspin32f0.o(i.EnableInput_CH1_D_CH2_E_CH3_E) refers to stm32f0xx_hal_tim_ex.o(i.HAL_TIMEx_PWMN_Stop) for HAL_TIMEx_PWMN_Stop
    stspin32f0.o(i.EnableInput_CH1_D_CH2_E_CH3_E) refers to stm32f0xx_hal_tim.o(i.HAL_TIM_PWM_Start) for HAL_TIM_PWM_Start
    stspin32f0.o(i.EnableInput_CH1_D_CH2_E_CH3_E) refers to stm32f0xx_hal_tim_ex.o(i.HAL_TIMEx_PWMN_Start) for HAL_TIMEx_PWMN_Start
    stspin32f0.o(i.EnableInput_CH1_D_CH2_E_CH3_E) refers to stspin32f0.o(.bss) for .bss
    stspin32f0.o(i.EnableInput_CH1_E_CH2_D_CH3_E) refers to stm32f0xx_hal_tim.o(i.HAL_TIM_PWM_Start) for HAL_TIM_PWM_Start
    stspin32f0.o(i.EnableInput_CH1_E_CH2_D_CH3_E) refers to stm32f0xx_hal_tim_ex.o(i.HAL_TIMEx_PWMN_Start) for HAL_TIMEx_PWMN_Start
    stspin32f0.o(i.EnableInput_CH1_E_CH2_D_CH3_E) refers to stm32f0xx_hal_tim.o(i.HAL_TIM_PWM_Stop) for HAL_TIM_PWM_Stop
    stspin32f0.o(i.EnableInput_CH1_E_CH2_D_CH3_E) refers to stm32f0xx_hal_tim_ex.o(i.HAL_TIMEx_PWMN_Stop) for HAL_TIMEx_PWMN_Stop
    stspin32f0.o(i.EnableInput_CH1_E_CH2_D_CH3_E) refers to stspin32f0.o(.bss) for .bss
    stspin32f0.o(i.EnableInput_CH1_E_CH2_E_CH3_D) refers to stm32f0xx_hal_tim.o(i.HAL_TIM_PWM_Start) for HAL_TIM_PWM_Start
    stspin32f0.o(i.EnableInput_CH1_E_CH2_E_CH3_D) refers to stm32f0xx_hal_tim_ex.o(i.HAL_TIMEx_PWMN_Start) for HAL_TIMEx_PWMN_Start
    stspin32f0.o(i.EnableInput_CH1_E_CH2_E_CH3_D) refers to stm32f0xx_hal_tim.o(i.HAL_TIM_PWM_Stop) for HAL_TIM_PWM_Stop
    stspin32f0.o(i.EnableInput_CH1_E_CH2_E_CH3_D) refers to stm32f0xx_hal_tim_ex.o(i.HAL_TIMEx_PWMN_Stop) for HAL_TIMEx_PWMN_Stop
    stspin32f0.o(i.EnableInput_CH1_E_CH2_E_CH3_D) refers to stspin32f0.o(.bss) for .bss
    stspin32f0.o(i.HF_TIMx_SetDutyCycle) refers to stspin32f0.o(.bss) for .bss
    stspin32f0.o(i.HF_TIMx_SetDutyCycle_CH1) refers to stspin32f0.o(.bss) for .bss
    stspin32f0.o(i.HF_TIMx_SetDutyCycle_CH2) refers to stspin32f0.o(.bss) for .bss
    stspin32f0.o(i.HF_TIMx_SetDutyCycle_CH3) refers to stspin32f0.o(.bss) for .bss
    stspin32f0.o(i.Overcurrent_Selection) refers to stm32f0xx_hal_gpio.o(i.HAL_GPIO_WritePin) for HAL_GPIO_WritePin
    stspin32f0.o(i.Overcurrent_Threshold_Setvalue) refers to stm32f0xx_hal_gpio.o(i.HAL_GPIO_WritePin) for HAL_GPIO_WritePin
    stspin32f0.o(.data) refers to stspin32f0.o(i.EnableInput_CH1_E_CH2_E_CH3_D) for EnableInput_CH1_E_CH2_E_CH3_D
    stspin32f0.o(.data) refers to stspin32f0.o(i.EnableInput_CH1_E_CH2_D_CH3_E) for EnableInput_CH1_E_CH2_D_CH3_E
    stspin32f0.o(.data) refers to stspin32f0.o(i.EnableInput_CH1_D_CH2_E_CH3_E) for EnableInput_CH1_D_CH2_E_CH3_E
    stspin32f0.o(.data) refers to stspin32f0.o(i.DisableInput_CH1_D_CH2_D_CH3_D) for DisableInput_CH1_D_CH2_D_CH3_D
    stspin32f0.o(.data) refers to stspin32f0.o(i.HF_TIMx_SetDutyCycle_CH1) for HF_TIMx_SetDutyCycle_CH1
    stspin32f0.o(.data) refers to stspin32f0.o(i.HF_TIMx_SetDutyCycle_CH2) for HF_TIMx_SetDutyCycle_CH2
    stspin32f0.o(.data) refers to stspin32f0.o(i.HF_TIMx_SetDutyCycle_CH3) for HF_TIMx_SetDutyCycle_CH3
    stspin32f0.o(.data) refers to stspin32f0.o(i.HF_TIMx_SetDutyCycle) for HF_TIMx_SetDutyCycle
    stspin32f0.o(.data) refers to stspin32f0.o(i.Overcurrent_Selection) for Overcurrent_Selection
    stspin32f0.o(.data) refers to stspin32f0.o(i.Overcurrent_Threshold_Setvalue) for Overcurrent_Threshold_Setvalue
    stspin32f0.o(.data) refers to stspin32f0.o(i.ADC_Channel) for ADC_Channel
    stm32f0xx_hal.o(i.HAL_DeInit) refers to stm32f0xx_hal.o(i.HAL_MspDeInit) for HAL_MspDeInit
    stm32f0xx_hal.o(i.HAL_Delay) refers to 6step_lib.o(i.HAL_GetTick) for HAL_GetTick
    stm32f0xx_hal.o(i.HAL_GetTick) refers to stm32f0xx_hal.o(.data) for .data
    stm32f0xx_hal.o(i.HAL_IncTick) refers to stm32f0xx_hal.o(.data) for .data
    stm32f0xx_hal.o(i.HAL_Init) refers to stm32f0xx_hal.o(i.HAL_InitTick) for HAL_InitTick
    stm32f0xx_hal.o(i.HAL_Init) refers to stspin32f0_hal_msp.o(i.HAL_MspInit) for HAL_MspInit
    stm32f0xx_hal.o(i.HAL_InitTick) refers to stm32f0xx_hal_rcc.o(i.HAL_RCC_GetHCLKFreq) for HAL_RCC_GetHCLKFreq
    stm32f0xx_hal.o(i.HAL_InitTick) refers to aeabi_sdiv.o(.text) for __aeabi_uidivmod
    stm32f0xx_hal.o(i.HAL_InitTick) refers to stm32f0xx_hal_cortex.o(i.HAL_SYSTICK_Config) for HAL_SYSTICK_Config
[...]
    .ARM.Collect$$libinit$$0000002C          0x0800012e   Section        0  libinit2.o(.ARM.Collect$$libinit$$0000002C)
    .ARM.Collect$$libinit$$0000002E          0x0800012e   Section        0  libinit2.o(.ARM.Collect$$libinit$$0000002E)
    .ARM.Collect$$libinit$$00000030          0x0800012e   Section        0  libinit2.o(.ARM.Collect$$libinit$$00000030)
    .ARM.Collect$$libinit$$00000032          0x0800012e   Section        0  libinit2.o(.ARM.Collect$$libinit$$00000032)
    .ARM.Collect$$libinit$$00000033          0x0800012e   Section        2  libinit2.o(.ARM.Collect$$libinit$$00000033)
    .ARM.Collect$$libshutdown$$00000000      0x08000130   Section        2  libshutdown.o(.ARM.Collect$$libshutdown$$00000000)
    .ARM.Collect$$libshutdown$$00000002      0x08000132   Section        0  libshutdown2.o(.ARM.Collect$$libshutdown$$00000002)
    .ARM.Collect$$libshutdown$$00000004      0x08000132   Section        0  libshutdown2.o(.ARM.Collect$$libshutdown$$00000004)
    .ARM.Collect$$libshutdown$$00000007      0x08000132   Section        0  libshutdown2.o(.ARM.Collect$$libshutdown$$00000007)
    .ARM.Collect$$libshutdown$$0000000A      0x08000132   Section        0  libshutdown2.o(.ARM.Collect$$libshutdown$$0000000A)
    .ARM.Collect$$libshutdown$$0000000C      0x08000132   Section        0  libshutdown2.o(.ARM.Collect$$libshutdown$$0000000C)
    .ARM.Collect$$libshutdown$$0000000F      0x08000132   Section        0  libshutdown2.o(.ARM.Collect$$libshutdown$$0000000F)
    .ARM.Collect$$libshutdown$$00000010      0x08000132   Section        2  libshutdown2.o(.ARM.Collect$$libshutdown$$00000010)
    .ARM.Collect$$rtentry$$00000000          0x08000134   Section        0  __rtentry.o(.ARM.Collect$$rtentry$$00000000)
    .ARM.Collect$$rtentry$$00000002          0x08000134   Section        0  __rtentry2.o(.ARM.Collect$$rtentry$$00000002)
    .ARM.Collect$$rtentry$$00000004          0x08000134   Section        6  __rtentry4.o(.ARM.Collect$$rtentry$$00000004)
    .ARM.Collect$$rtentry$$00000009          0x0800013a   Section        0  __rtentry2.o(.ARM.Collect$$rtentry$$00000009)
    .ARM.Collect$$rtentry$$0000000A          0x0800013a   Section        4  __rtentry2.o(.ARM.Collect$$rtentry$$0000000A)
    .ARM.Collect$$rtentry$$0000000C          0x0800013e   Section        0  __rtentry2.o(.ARM.Collect$$rtentry$$0000000C)
    .ARM.Collect$$rtentry$$0000000D          0x0800013e   Section        8  __rtentry2.o(.ARM.Collect$$rtentry$$0000000D)
    .ARM.Collect$$rtexit$$00000000           0x08000146   Section        2  rtexit.o(.ARM.Collect$$rtexit$$00000000)
    .ARM.Collect$$rtexit$$00000002           0x08000148   Section        0  rtexit2.o(.ARM.Collect$$rtexit$$00000002)
    .ARM.Collect$$rtexit$$00000003           0x08000148   Section        4  rtexit2.o(.ARM.Collect$$rtexit$$00000003)
    .ARM.Collect$$rtexit$$00000004           0x0800014c   Section        6  rtexit2.o(.ARM.Collect$$rtexit$$00000004)
    .text                                    0x08000154   Section      116  startup_stm32f031.o(.text)
    .text                                    0x080001c8   Section      346  aeabi_sdiv.o(.text)
    .text                                    0x08000322   Section        0  heapauxi.o(.text)
    .text                                    0x08000328   Section        0  dfixi.o(.text)
    .text                                    0x08000394   Section        0  dflti.o(.text)
    .text                                    0x080003ec   Section        0  dmul.o(.text)
    .text                                    0x08000634   Section        0  _rserrno.o(.text)
    .text                                    0x0800064c   Section        0  dsqrt.o(.text)
    .text                                    0x0800074c   Section        8  rt_errno_addr_intlibspace.o(.text)
    .text                                    0x08000754   Section        8  libspace.o(.text)
    .text                                    0x0800075c   Section       62  sys_stackheap_outer.o(.text)
    .text                                    0x0800079a   Section        0  exit.o(.text)
    .text                                    0x080007ac   Section        0  sys_exit.o(.text)
    .text                                    0x080007b8   Section        2  use_no_semi.o(.text)
    .text                                    0x080007ba   Section        0  indicate_semi.o(.text)
    i.ADC_Channel                            0x080007bc   Section        0  stspin32f0.o(i.ADC_Channel)
    i.BSP_BOARD_FAULT_LED_OFF                0x080007f4   Section        0  rov_r1.o(i.BSP_BOARD_FAULT_LED_OFF)
    i.BSP_BOARD_FAULT_LED_ON                 0x080007f6   Section        0  rov_r1.o(i.BSP_BOARD_FAULT_LED_ON)
    i.DMA1_Channel2_3_IRQHandler             0x080007f8   Section        0  stspin32f0_it.o(i.DMA1_Channel2_3_IRQHandler)
    i.DMA_SetConfig                          0x08000810   Section        0  stm32f0xx_hal_dma.o(i.DMA_SetConfig)
    DMA_SetConfig                            0x08000811   Thumb Code    30  stm32f0xx_hal_dma.o(i.DMA_SetConfig)
    i.DisableInput_CH1_D_CH2_D_CH3_D         0x08000830   Section        0  stspin32f0.o(i.DisableInput_CH1_D_CH2_D_CH3_D)
    i.EXTI0_1_IRQHandler                     0x08000868   Section        0  stspin32f0_it.o(i.EXTI0_1_IRQHandler)
    i.EnableInput_CH1_D_CH2_E_CH3_E          0x0800086c   Section        0  stspin32f0.o(i.EnableInput_CH1_D_CH2_E_CH3_E)
    i.EnableInput_CH1_E_CH2_D_CH3_E          0x080008a4   Section        0  stspin32f0.o(i.EnableInput_CH1_E_CH2_D_CH3_E)
    i.EnableInput_CH1_E_CH2_E_CH3_D          0x080008dc   Section        0  stspin32f0.o(i.EnableInput_CH1_E_CH2_E_CH3_D)
    i.HAL_DMA_IRQHandler                     0x08000914   Section        0  stm32f0xx_hal_dma.o(i.HAL_DMA_IRQHandler)
    i.HAL_DMA_Init                           0x08000af0   Section        0  stm32f0xx_hal_dma.o(i.HAL_DMA_Init)
    i.HAL_DMA_Start_IT                       0x08000b3c   Section        0  stm32f0xx_hal_dma.o(i.HAL_DMA_Start_IT)
    i.HAL_GPIO_Init                          0x08000b8c   Section        0  stm32f0xx_hal_gpio.o(i.HAL_GPIO_Init)
    i.HAL_GPIO_ReadPin                       0x08000cc0   Section        0  stm32f0xx_hal_gpio.o(i.HAL_GPIO_ReadPin)
    i.HAL_GPIO_WritePin                      0x08000cca   Section        0  stm32f0xx_hal_gpio.o(i.HAL_GPIO_WritePin)
    i.HAL_GetTick                            0x08000cd8   Section        0  6step_lib.o(i.HAL_GetTick)
    i.HAL_IWDG_GetState                      0x08000ce4   Section        0  stm32f0xx_hal_iwdg.o(i.HAL_IWDG_GetState)
    i.HAL_IWDG_Init                          0x08000ce8   Section        0  stm32f0xx_hal_iwdg.o(i.HAL_IWDG_Init)
    i.HAL_IWDG_MspInit                       0x08000d90   Section        0  stm32f0xx_hal_iwdg.o(i.HAL_IWDG_MspInit)
    i.HAL_IWDG_Refresh                       0x08000d94   Section        0  stm32f0xx_hal_iwdg.o(i.HAL_IWDG_Refresh)
    i.HAL_IWDG_Start                         0x08000de8   Section        0  stm32f0xx_hal_iwdg.o(i.HAL_IWDG_Start)
    i.HAL_IncTick                            0x08000e60   Section        0  6step_lib.o(i.HAL_IncTick)
    i.HAL_Init                               0x08000e70   Section        0  stm32f0xx_hal.o(i.HAL_Init)
    i.HAL_InitTick                           0x08000e90   Section        0  stm32f0xx_hal.o(i.HAL_InitTick)
    i.HAL_MspInit                            0x08000eb2   Section        0  stspin32f0_hal_msp.o(i.HAL_MspInit)
    i.HAL_NVIC_EnableIRQ                     0x08000ecc   Section        0  stm32f0xx_hal_cortex.o(i.HAL_NVIC_EnableIRQ)
    i.HAL_NVIC_SetPriority                   0x08000ee4   Section        0  stm32f0xx_hal_cortex.o(i.HAL_NVIC_SetPriority)
    i.HAL_RCC_ClockConfig                    0x08000eec   Section        0  stm32f0xx_hal_rcc_ex.o(i.HAL_RCC_ClockConfig)
    i.HAL_RCC_GetHCLKFreq                    0x08001088   Section        0  stm32f0xx_hal_rcc.o(i.HAL_RCC_GetHCLKFreq)
    i.HAL_RCC_GetSysClockFreq                0x080010b0   Section        0  stm32f0xx_hal_rcc_ex.o(i.HAL_RCC_GetSysClockFreq)
    i.HAL_RCC_OscConfig                      0x080010fc   Section        0  stm32f0xx_hal_rcc_ex.o(i.HAL_RCC_OscConfig)
    i.HAL_SPI_ErrorCallback                  0x08001418   Section        0  stm32f0xx_hal_spi.o(i.HAL_SPI_ErrorCallback)
    i.HAL_SPI_FlushRxFifo                    0x0800141a   Section        0  stm32f0xx_hal_spi.o(i.HAL_SPI_FlushRxFifo)
    i.HAL_SPI_GetState                       0x0800143e   Section        0  stm32f0xx_hal_spi.o(i.HAL_SPI_GetState)
    i.HAL_SPI_IRQHandler                     0x08001444   Section        0  stm32f0xx_hal_spi.o(i.HAL_SPI_IRQHandler)
    i.HAL_SPI_Init                           0x080014d0   Section        0  stm32f0xx_hal_spi.o(i.HAL_SPI_Init)
    i.HAL_SPI_MspInit                        0x08001594   Section        0  stspin32f0_hal_msp.o(i.HAL_SPI_MspInit)
    i.HAL_SPI_RxCpltCallback                 0x0800163c   Section        0  stm32f0xx_hal_spi.o(i.HAL_SPI_RxCpltCallback)
    i.HAL_SPI_RxHalfCpltCallback             0x0800163e   Section        0  stm32f0xx_hal_spi.o(i.HAL_SPI_RxHalfCpltCallback)
    i.HAL_SPI_TransmitReceive_DMA            0x08001640   Section        0  stm32f0xx_hal_spi.o(i.HAL_SPI_TransmitReceive_DMA)
    i.HAL_SPI_TxRxCpltCallback               0x080017e4   Section        0  stm32f0xx_hal_spi.o(i.HAL_SPI_TxRxCpltCallback)
    i.HAL_SPI_TxRxHalfCpltCallback           0x080017e6   Section        0  stm32f0xx_hal_spi.o(i.HAL_SPI_TxRxHalfCpltCallback)
    i.HAL_SYSTICK_Callback                   0x080017e8   Section        0  stspin32f0_hal_msp.o(i.HAL_SYSTICK_Callback)
    i.HAL_SYSTICK_Config                     0x080017f0   Section        0  stm32f0xx_hal_cortex.o(i.HAL_SYSTICK_Config)
    i.HAL_SYSTICK_IRQHandler                 0x08001820   Section        0  stm32f0xx_hal_cortex.o(i.HAL_SYSTICK_IRQHandler)
    i.HAL_TIMEx_BreakCallback                0x08001828   Section        0  stspin32f0_hal_msp.o(i.HAL_TIMEx_BreakCallback)
    i.HAL_TIMEx_CommutationCallback          0x08001838   Section        0  stspin32f0_hal_msp.o(i.HAL_TIMEx_CommutationCallback)
    i.HAL_TIMEx_ConfigBreakDeadTime          0x08001848   Section        0  stm32f0xx_hal_tim_ex.o(i.HAL_TIMEx_ConfigBreakDeadTime)
    i.HAL_TIMEx_ConfigCommutationEvent_IT    0x08001884   Section        0  stm32f0xx_hal_tim_ex.o(i.HAL_TIMEx_ConfigCommutationEvent_IT)
    i.HAL_TIMEx_HallSensor_Init              0x080018e6   Section        0  stm32f0xx_hal_tim_ex.o(i.HAL_TIMEx_HallSensor_Init)
    i.HAL_TIMEx_HallSensor_MspInit           0x08001994   Section        0  stspin32f0_hal_msp.o(i.HAL_TIMEx_HallSensor_MspInit)
    i.HAL_TIMEx_HallSensor_Start_IT          0x080019e8   Section        0  stm32f0xx_hal_tim_ex.o(i.HAL_TIMEx_HallSensor_Start_IT)
    i.HAL_TIMEx_HallSensor_Stop_IT           0x08001a10   Section        0  stm32f0xx_hal_tim_ex.o(i.HAL_TIMEx_HallSensor_Stop_IT)
    i.HAL_TIMEx_MasterConfigSynchronization  0x08001a4c   Section        0  stm32f0xx_hal_tim_ex.o(i.HAL_TIMEx_MasterConfigSynchronization)
    i.HAL_TIMEx_PWMN_Start                   0x08001a94   Section        0  stm32f0xx_hal_tim_ex.o(i.HAL_TIMEx_PWMN_Start)
    i.HAL_TIMEx_PWMN_Stop                    0x08001abc   Section        0  stm32f0xx_hal_tim_ex.o(i.HAL_TIMEx_PWMN_Stop)
    i.HAL_TIM_Base_Init                      0x08001b08   Section        0  stm32f0xx_hal_tim.o(i.HAL_TIM_Base_Init)
    i.HAL_TIM_Base_MspInit                   0x08001b38   Section        0  stspin32f0_hal_msp.o(i.HAL_TIM_Base_MspInit)
    i.HAL_TIM_IC_CaptureCallback             0x08001c10   Section        0  stspin32f0_hal_msp.o(i.HAL_TIM_IC_CaptureCallback)
    i.HAL_TIM_IRQHandler                     0x08001c1c   Section        0  stm32f0xx_hal_tim.o(i.HAL_TIM_IRQHandler)
    i.HAL_TIM_OC_DelayElapsedCallback        0x08001d80   Section        0  stspin32f0_hal_msp.o(i.HAL_TIM_OC_DelayElapsedCallback)
    i.HAL_TIM_PWM_ConfigChannel              0x08001ddc   Section        0  stm32f0xx_hal_tim.o(i.HAL_TIM_PWM_ConfigChannel)
    i.HAL_TIM_PWM_Init                       0x08001eac   Section        0  stm32f0xx_hal_tim.o(i.HAL_TIM_PWM_Init)
    i.HAL_TIM_PWM_MspInit                    0x08001edc   Section        0  stm32f0xx_hal_tim.o(i.HAL_TIM_PWM_MspInit)
    i.HAL_TIM_PWM_PulseFinishedCallback      0x08001ede   Section        0  stm32f0xx_hal_tim.o(i.HAL_TIM_PWM_PulseFinishedCallback)
    i.HAL_TIM_PWM_Start                      0x08001ee0   Section        0  stm32f0xx_hal_tim.o(i.HAL_TIM_PWM_Start)
    i.HAL_TIM_PWM_Stop                       0x08001f24   Section        0  stm32f0xx_hal_tim.o(i.HAL_TIM_PWM_Stop)
    i.HAL_TIM_PeriodElapsedCallback          0x08001f90   Section        0  stm32f0xx_hal_tim.o(i.HAL_TIM_PeriodElapsedCallback)
    i.HAL_TIM_SlaveConfigSynchronization     0x08001f92   Section        0  stm32f0xx_hal_tim.o(i.HAL_TIM_SlaveConfigSynchronization)
    i.HAL_TIM_TriggerCallback                0x08001fce   Section        0  stm32f0xx_hal_tim.o(i.HAL_TIM_TriggerCallback)
    i.HF_TIMx_SetDutyCycle                   0x08001fd0   Section        0  stspin32f0.o(i.HF_TIMx_SetDutyCycle)
    i.HF_TIMx_SetDutyCycle_CH1               0x08001fe8   Section        0  stspin32f0.o(i.HF_TIMx_SetDutyCycle_CH1)
    i.HF_TIMx_SetDutyCycle_CH2               0x08001ff4   Section        0  stspin32f0.o(i.HF_TIMx_SetDutyCycle_CH2)
    i.HF_TIMx_SetDutyCycle_CH3               0x08002000   Section        0  stspin32f0.o(i.HF_TIMx_SetDutyCycle_CH3)
    i.HardFault_Handler                      0x0800200c   Section        0  stspin32f0_it.o(i.HardFault_Handler)
    i.MC_GetMechSpeedRPM                     0x08002010   Section        0  6step_lib.o(i.MC_GetMechSpeedRPM)
    i.MC_PI_Controller                       0x0800204c   Section        0  6step_lib.o(i.MC_PI_Controller)
    i.MC_Set_PI_param                        0x0800208c   Section        0  6step_lib.o(i.MC_Set_PI_param)
    i.MC_Set_Thrust                          0x080020e8   Section        0  6step_lib.o(i.MC_Set_Thrust)
    i.MC_SixStep_Current_Reference_Setvalue  0x08002110   Section        0  rov_r1.o(i.MC_SixStep_Current_Reference_Setvalue)
    i.MC_SixStep_Current_Reference_Start     0x08002128   Section        0  rov_r1.o(i.MC_SixStep_Current_Reference_Start)
    i.MC_SixStep_Current_Reference_Stop      0x08002138   Section        0  rov_r1.o(i.MC_SixStep_Current_Reference_Stop)
    i.MC_SixStep_DisableInput_CH1_D_CH2_D_CH3_D 0x08002150   Section        0  rov_r1.o(i.MC_SixStep_DisableInput_CH1_D_CH2_D_CH3_D)
    i.MC_SixStep_EnableInput_CH1_D_CH2_E_CH3_E 0x0800215c   Section        0  rov_r1.o(i.MC_SixStep_EnableInput_CH1_D_CH2_E_CH3_E)
    i.MC_SixStep_EnableInput_CH1_E_CH2_D_CH3_E 0x08002168   Section        0  rov_r1.o(i.MC_SixStep_EnableInput_CH1_E_CH2_D_CH3_E)
    i.MC_SixStep_EnableInput_CH1_E_CH2_E_CH3_D 0x08002174   Section        0  rov_r1.o(i.MC_SixStep_EnableInput_CH1_E_CH2_E_CH3_D)
    i.MC_SixStep_HF_TIMx_SetDutyCycle        0x08002180   Section        0  rov_r1.o(i.MC_SixStep_HF_TIMx_SetDutyCycle)
    i.MC_SixStep_HF_TIMx_SetDutyCycle_CH1    0x0800218c   Section        0  rov_r1.o(i.MC_SixStep_HF_TIMx_SetDutyCycle_CH1)
    i.MC_SixStep_HF_TIMx_SetDutyCycle_CH2    0x08002198   Section        0  rov_r1.o(i.MC_SixStep_HF_TIMx_SetDutyCycle_CH2)
    i.MC_SixStep_HF_TIMx_SetDutyCycle_CH3    0x080021a4   Section        0  rov_r1.o(i.MC_SixStep_HF_TIMx_SetDutyCycle_CH3)
    i.MC_SixStep_Hall_Run_Failure_Handler    0x080021b0   Section        0  6step_lib.o(i.MC_SixStep_Hall_Run_Failure_Handler)
    i.MC_SixStep_Hall_Startup_Failure_Handler 0x080021fc   Section        0  6step_lib.o(i.MC_SixStep_Hall_Startup_Failure_Handler)
    i.MC_SixStep_INIT                        0x0800224c   Section        0  6step_lib.o(i.MC_SixStep_INIT)
    i.MC_SixStep_Init_main_data              0x08002288   Section        0  6step_lib.o(i.MC_SixStep_Init_main_data)
    i.MC_SixStep_NEXT_step                   0x080022bc   Section        0  6step_lib.o(i.MC_SixStep_NEXT_step)
    i.MC_SixStep_RESET                       0x080023dc   Section        0  6step_lib.o(i.MC_SixStep_RESET)
    i.MC_SixStep_TABLE                       0x080024bc   Section        0  6step_lib.o(i.MC_SixStep_TABLE)
    i.MC_Speed_Filter                        0x08002544   Section        0  6step_lib.o(i.MC_Speed_Filter)
    i.MC_StartMotor                          0x080025b4   Section        0  6step_lib.o(i.MC_StartMotor)
    i.MC_StopMotor                           0x0800269c   Section        0  6step_lib.o(i.MC_StopMotor)
    i.MC_SysTick_SixStep_MediumFrequencyTask 0x080026f8   Section        0  6step_lib.o(i.MC_SysTick_SixStep_MediumFrequencyTask)
    i.MC_TIMx_SixStep_CommutationEvent       0x08002754   Section        0  6step_lib.o(i.MC_TIMx_SixStep_CommutationEvent)
    i.MC_TIMx_SixStep_timebase               0x08002824   Section        0  6step_lib.o(i.MC_TIMx_SixStep_timebase)
    i.MC_Task_Speed                          0x08002838   Section        0  6step_lib.o(i.MC_Task_Speed)
    i.MX_GPIO_Init                           0x08002894   Section        0  main_32f0.o(i.MX_GPIO_Init)
    MX_GPIO_Init                             0x08002895   Thumb Code   124  main_32f0.o(i.MX_GPIO_Init)
    i.MX_HF_TIMx_Init                        0x0800291c   Section        0  main_32f0.o(i.MX_HF_TIMx_Init)
    MX_HF_TIMx_Init                          0x0800291d   Thumb Code   142  main_32f0.o(i.MX_HF_TIMx_Init)
    i.MX_REFx_Init                           0x080029b8   Section        0  main_32f0.o(i.MX_REFx_Init)
    MX_REFx_Init                             0x080029b9   Thumb Code    88  main_32f0.o(i.MX_REFx_Init)
    i.MX_SPI1_Init                           0x08002a18   Section        0  main_32f0.o(i.MX_SPI1_Init)
    MX_SPI1_Init                             0x08002a19   Thumb Code    46  main_32f0.o(i.MX_SPI1_Init)
    i.Overcurrent_Selection                  0x08002a50   Section        0  stspin32f0.o(i.Overcurrent_Selection)
    i.Overcurrent_Threshold_Setvalue         0x08002a64   Section        0  stspin32f0.o(i.Overcurrent_Threshold_Setvalue)
    i.SPI1_IRQHandler                        0x08002aa8   Section        0  stspin32f0_it.o(i.SPI1_IRQHandler)
    i.SPI_Communication_Task                 0x08002ab8   Section        0  spi_ui.o(i.SPI_Communication_Task)
    i.SPI_DMAError                           0x08002b84   Section        0  stm32f0xx_hal_spi.o(i.SPI_DMAError)
    SPI_DMAError                             0x08002b85   Thumb Code    34  stm32f0xx_hal_spi.o(i.SPI_DMAError)
    i.SPI_DMAHalfReceiveCplt                 0x08002ba6   Section        0  stm32f0xx_hal_spi.o(i.SPI_DMAHalfReceiveCplt)
    SPI_DMAHalfReceiveCplt                   0x08002ba7   Thumb Code    10  stm32f0xx_hal_spi.o(i.SPI_DMAHalfReceiveCplt)
    i.SPI_DMAHalfTransmitReceiveCplt         0x08002bb0   Section        0  stm32f0xx_hal_spi.o(i.SPI_DMAHalfTransmitReceiveCplt)
    SPI_DMAHalfTransmitReceiveCplt           0x08002bb1   Thumb Code    10  stm32f0xx_hal_spi.o(i.SPI_DMAHalfTransmitReceiveCplt)
    i.SPI_DMAReceiveCplt                     0x08002bbc   Section        0  stm32f0xx_hal_spi.o(i.SPI_DMAReceiveCplt)
    SPI_DMAReceiveCplt                       0x08002bbd   Thumb Code   186  stm32f0xx_hal_spi.o(i.SPI_DMAReceiveCplt)
    i.SPI_DMATransmitReceiveCplt             0x08002c7c   Section        0  stm32f0xx_hal_spi.o(i.SPI_DMATransmitReceiveCplt)
    SPI_DMATransmitReceiveCplt               0x08002c7d   Thumb Code   176  stm32f0xx_hal_spi.o(i.SPI_DMATransmitReceiveCplt)
    i.SPI_EndRxTransaction                   0x08002d30   Section        0  stm32f0xx_hal_spi.o(i.SPI_EndRxTransaction)
    SPI_EndRxTransaction                     0x08002d31   Thumb Code    90  stm32f0xx_hal_spi.o(i.SPI_EndRxTransaction)
    i.SPI_WaitFifoStateUntilTimeout          0x08002d8c   Section        0  stm32f0xx_hal_spi.o(i.SPI_WaitFifoStateUntilTimeout)
    SPI_WaitFifoStateUntilTimeout            0x08002d8d   Thumb Code   158  stm32f0xx_hal_spi.o(i.SPI_WaitFifoStateUntilTimeout)
    i.SPI_WaitFlagStateUntilTimeout          0x08002e30   Section        0  stm32f0xx_hal_spi.o(i.SPI_WaitFlagStateUntilTimeout)
    SPI_WaitFlagStateUntilTimeout            0x08002e31   Thumb Code   138  stm32f0xx_hal_spi.o(i.SPI_WaitFlagStateUntilTimeout)
    i.SetSysClock                            0x08002ec0   Section        0  system_stm32f0xx.o(i.SetSysClock)
    SetSysClock                              0x08002ec1   Thumb Code   140  system_stm32f0xx.o(i.SetSysClock)
    i.SysTick_Handler                        0x08002f58   Section        0  stspin32f0_it.o(i.SysTick_Handler)
    i.SystemClock_Config                     0x08002f64   Section        0  main_32f0.o(i.SystemClock_Config)
    i.SystemInit                             0x08002fb0   Section        0  system_stm32f0xx.o(i.SystemInit)
    i.TIM1_BRK_UP_TRG_COM_IRQHandler         0x08003010   Section        0  stspin32f0_it.o(i.TIM1_BRK_UP_TRG_COM_IRQHandler)
    i.TIM2_IRQHandler                        0x08003020   Section        0  stspin32f0_it.o(i.TIM2_IRQHandler)
    i.TIM3_IRQHandler                        0x08003030   Section        0  stspin32f0_it.o(i.TIM3_IRQHandler)
    i.TIM_Base_SetConfig                     0x08003040   Section        0  stm32f0xx_hal_tim.o(i.TIM_Base_SetConfig)
    i.TIM_CCxChannelCmd                      0x080030bc   Section        0  stm32f0xx_hal_tim.o(i.TIM_CCxChannelCmd)
    i.TIM_CCxNChannelCmd                     0x080030d2   Section        0  stm32f0xx_hal_tim_ex.o(i.TIM_CCxNChannelCmd)
    TIM_CCxNChannelCmd                       0x080030d3   Thumb Code    22  stm32f0xx_hal_tim_ex.o(i.TIM_CCxNChannelCmd)
    i.TIM_ETR_SetConfig                      0x080030e8   Section        0  stm32f0xx_hal_tim.o(i.TIM_ETR_SetConfig)
    TIM_ETR_SetConfig                        0x080030e9   Thumb Code    22  stm32f0xx_hal_tim.o(i.TIM_ETR_SetConfig)
    i.TIM_OC1_SetConfig                      0x08003100   Section        0  stm32f0xx_hal_tim.o(i.TIM_OC1_SetConfig)
    TIM_OC1_SetConfig                        0x08003101   Thumb Code   108  stm32f0xx_hal_tim.o(i.TIM_OC1_SetConfig)
    i.TIM_OC2_SetConfig                      0x08003178   Section        0  stm32f0xx_hal_tim.o(i.TIM_OC2_SetConfig)
    i.TIM_OC3_SetConfig                      0x080031ec   Section        0  stm32f0xx_hal_tim.o(i.TIM_OC3_SetConfig)
    TIM_OC3_SetConfig                        0x080031ed   Thumb Code   106  stm32f0xx_hal_tim.o(i.TIM_OC3_SetConfig)
    i.TIM_OC4_SetConfig                      0x08003264   Section        0  stm32f0xx_hal_tim.o(i.TIM_OC4_SetConfig)
    TIM_OC4_SetConfig                        0x08003265   Thumb Code    84  stm32f0xx_hal_tim.o(i.TIM_OC4_SetConfig)
    i.TIM_SlaveTimer_SetConfig               0x080032c4   Section        0  stm32f0xx_hal_tim.o(i.TIM_SlaveTimer_SetConfig)
    TIM_SlaveTimer_SetConfig                 0x080032c5   Thumb Code   122  stm32f0xx_hal_tim.o(i.TIM_SlaveTimer_SetConfig)
    i.TIM_TI1_ConfigInputStage               0x0800333e   Section        0  stm32f0xx_hal_tim.o(i.TIM_TI1_ConfigInputStage)
    TIM_TI1_ConfigInputStage                 0x0800333f   Thumb Code    34  stm32f0xx_hal_tim.o(i.TIM_TI1_ConfigInputStage)
    i.TIM_TI1_SetConfig                      0x08003360   Section        0  stm32f0xx_hal_tim.o(i.TIM_TI1_SetConfig)
    i.TIM_TI2_ConfigInputStage               0x080033ac   Section        0  stm32f0xx_hal_tim.o(i.TIM_TI2_ConfigInputStage)
    TIM_TI2_ConfigInputStage                 0x080033ad   Thumb Code    38  stm32f0xx_hal_tim.o(i.TIM_TI2_ConfigInputStage)
    i.USART1_IRQHandler                      0x080033d2   Section        0  stspin32f0_it.o(i.USART1_IRQHandler)
    i.__ARM_common_switch8                   0x080033d4   Section        0  stm32f0xx_hal_tim.o(i.__ARM_common_switch8)
    i.__NVIC_SetPriority                     0x080033f0   Section        0  stm32f0xx_hal_cortex.o(i.__NVIC_SetPriority)
    __NVIC_SetPriority                       0x080033f1   Thumb Code    60  stm32f0xx_hal_cortex.o(i.__NVIC_SetPriority)
    i.main                                   0x08003434   Section        0  main_32f0.o(i.main)
    i.referenceToCurrent                     0x080034c4   Section        0  spi_ui.o(i.referenceToCurrent)
    i.speedToThrust                          0x08003504   Section        0  6step_lib.o(i.speedToThrust)
    i.sqrt                                   0x0800358c   Section        0  sqrt.o(i.sqrt)
    i.thrustToDirection                      0x080035d4   Section        0  6step_lib.o(i.thrustToDirection)
    i.thrustToSpeed                          0x080035e0   Section        0  6step_lib.o(i.thrustToSpeed)
    .constdata                               0x08003648   Section       16  stm32f0xx_hal_rcc.o(.constdata)
    x$fpl$usenofp                            0x08003648   Section        0  usenofp.o(x$fpl$usenofp)
    .constdata                               0x08003658   Section       32  stm32f0xx_hal_rcc_ex.o(.constdata)
    .data                                    0x20000000   Section       48  stspin32f0.o(.data)
    .data                                    0x20000030   Section       64  6step_lib.o(.data)
    uwTick                                   0x20000054   Data           4  6step_lib.o(.data)
    .data                                    0x20000070   Section        1  spi_ui.o(.data)
    .data                                    0x20000074   Section       20  system_stm32f0xx.o(.data)
    .bss                                     0x20000088   Section      132  stspin32f0.o(.bss)
    .bss                                     0x2000010c   Section       60  stspin32f0.o(.bss)
    .bss                                     0x20000148   Section       60  stspin32f0.o(.bss)
    .bss                                     0x20000184   Section      100  stspin32f0.o(.bss)
    .bss                                     0x200001e8   Section      300  6step_lib.o(.bss)
    .bss                                     0x20000314   Section       20  main_32f0.o(.bss)
    .bss                                     0x20000328   Section       56  main_32f0.o(.bss)
    .bss                                     0x20000360   Section       56  main_32f0.o(.bss)
    .bss                                     0x20000398   Section       44  spi_ui.o(.bss)
    .bss                                     0x200003c4   Section       96  libspace.o(.bss)
    HEAP                                     0x20000428   Section      512  startup_stm32f031.o(HEAP)
    Heap_Mem                                 0x20000428   Data         512  startup_stm32f031.o(HEAP)
    STACK                                    0x20000628   Section     1024  startup_stm32f031.o(STACK)
    Stack_Mem                                0x20000628   Data        1024  startup_stm32f031.o(STACK)
    __initial_sp                             0x20000a28   Data           0  startup_stm32f031.o(STACK)

    Global Symbols

    Symbol Name                              Value     Ov Type        Size  Object(Section)

    BuildAttributes$$THM_ISAv3M$S$PE$A:L22$X:L11$S22$IEEE1$IW$USESV6$~STKCKD$USESV7$~SHL$OTIME$ROPI$IEEEJ$EBA8$UX$STANDARDLIB$REQ8$PRES8$EABIv2 0x00000000   Number         0  anon$$obj.o ABSOLUTE
    __ARM_use_no_argv                        0x00000000   Number         0  main_32f0.o ABSOLUTE
    __ARM_exceptions_init                     - Undefined Weak Reference
    __alloca_initialize                       - Undefined Weak Reference
    __arm_preinit_                            - Undefined Weak Reference
    __cpp_initialize__aeabi_                  - Undefined Weak Reference
    __cxa_finalize                            - Undefined Weak Reference
    __rt_locale                               - Undefined Weak Reference
    __sigvec_lookup                           - Undefined Weak Reference
    _atexit_init                              - Undefined Weak Reference
    _call_atexit_fns                          - Undefined Weak Reference
    _clock_init                               - Undefined Weak Reference
    _fp_trap_init                             - Undefined Weak Reference
    _fp_trap_shutdown                         - Undefined Weak Reference
    _get_lc_collate                           - Undefined Weak Reference
    _get_lc_ctype                             - Undefined Weak Reference
    _get_lc_monetary                          - Undefined Weak Reference
    _get_lc_numeric                           - Undefined Weak Reference
    _get_lc_time                              - Undefined Weak Reference
    _getenv_init                              - Undefined Weak Reference
    _handle_redirection                       - Undefined Weak Reference
    _init_alloc                               - Undefined Weak Reference
    _init_user_alloc                          - Undefined Weak Reference
    _initio                                   - Undefined Weak Reference
    _rand_init                                - Undefined Weak Reference
    _signal_finish                            - Undefined Weak Reference
    _signal_init                              - Undefined Weak Reference
    _terminate_alloc                          - Undefined Weak Reference
    _terminate_user_alloc                     - Undefined Weak Reference
    _terminateio                              - Undefined Weak Reference
    __Vectors_Size                           0x000000b0   Number         0  startup_stm32f031.o ABSOLUTE
    __Vectors                                0x08000000   Data           4  startup_stm32f031.o(RESET)
    __Vectors_End                            0x080000b0   Data           0  startup_stm32f031.o(RESET)
    __main                                   0x080000b1   Thumb Code     8  __main.o(!!!main)
    __scatterload                            0x080000b9   Thumb Code     0  __scatter.o(!!!scatter)
    __scatterload_rt2                        0x080000b9   Thumb Code    52  __scatter.o(!!!scatter)
    __scatterload_rt2_thumb_only             0x080000b9   Thumb Code     0  __scatter.o(!!!scatter)
    __scatterload_null                       0x080000c9   Thumb Code     0  __scatter.o(!!!scatter)
    __scatterload_copy                       0x080000f5   Thumb Code    26  __scatter_copy.o(!!handler_copy)
    __scatterload_zeroinit                   0x08000111   Thumb Code    28  __scatter_zi.o(!!handler_zi)
    __rt_lib_init                            0x0800012d   Thumb Code     0  libinit.o(.ARM.Collect$$libinit$$00000000)
    __rt_lib_init_alloca_1                   0x0800012f   Thumb Code     0  libinit2.o(.ARM.Collect$$libinit$$0000002E)
    __rt_lib_init_argv_1                     0x0800012f   Thumb Code     0  libinit2.o(.ARM.Collect$$libinit$$0000002C)
    __rt_lib_init_atexit_1                   0x0800012f   Thumb Code     0  libinit2.o(.ARM.Collect$$libinit$$0000001B)
    __rt_lib_init_clock_1                    0x0800012f   Thumb Code     0  libinit2.o(.ARM.Collect$$libinit$$00000021)
    __rt_lib_init_cpp_1                      0x0800012f   Thumb Code     0  libinit2.o(.ARM.Collect$$libinit$$00000032)
    __rt_lib_init_exceptions_1               0x0800012f   Thumb Code     0  libinit2.o(.ARM.Collect$$libinit$$00000030)
    __rt_lib_init_fp_1                       0x0800012f   Thumb Code     0  libinit2.o(.ARM.Collect$$libinit$$00000002)
    __rt_lib_init_fp_trap_1                  0x0800012f   Thumb Code     0  libinit2.o(.ARM.Collect$$libinit$$0000001F)
    __rt_lib_init_getenv_1                   0x0800012f   Thumb Code     0  libinit2.o(.ARM.Collect$$libinit$$00000023)
    __rt_lib_init_heap_1                     0x0800012f   Thumb Code     0  libinit2.o(.ARM.Collect$$libinit$$0000000A)
    __rt_lib_init_lc_collate_1               0x0800012f   Thumb Code     0  libinit2.o(.ARM.Collect$$libinit$$00000011)
    __rt_lib_init_lc_ctype_1                 0x0800012f   Thumb Code     0  libinit2.o(.ARM.Collect$$libinit$$00000013)
    __rt_lib_init_lc_monetary_1              0x0800012f   Thumb Code     0  libinit2.o(.ARM.Collect$$libinit$$00000015)
    __rt_lib_init_lc_numeric_1               0x0800012f   Thumb Code     0  libinit2.o(.ARM.Collect$$libinit$$00000017)
    __rt_lib_init_lc_time_1                  0x0800012f   Thumb Code     0  libinit2.o(.ARM.Collect$$libinit$$00000019)
    __rt_lib_init_preinit_1                  0x0800012f   Thumb Code     0  libinit2.o(.ARM.Collect$$libinit$$00000004)
    __rt_lib_init_rand_1                     0x0800012f   Thumb Code     0  libinit2.o(.ARM.Collect$$libinit$$0000000E)
    __rt_lib_init_return                     0x0800012f   Thumb Code     0  libinit2.o(.ARM.Collect$$libinit$$00000033)
    __rt_lib_init_signal_1                   0x0800012f   Thumb Code     0  libinit2.o(.ARM.Collect$$libinit$$0000001D)
    __rt_lib_init_stdio_1                    0x0800012f   Thumb Code     0  libinit2.o(.ARM.Collect$$libinit$$00000025)
    __rt_lib_init_user_alloc_1               0x0800012f   Thumb Code     0  libinit2.o(.ARM.Collect$$libinit$$0000000C)
    __rt_lib_shutdown                        0x08000131   Thumb Code     0  libshutdown.o(.ARM.Collect$$libshutdown$$00000000)
    __rt_lib_shutdown_cpp_1                  0x08000133   Thumb Code     0  libshutdown2.o(.ARM.Collect$$libshutdown$$00000002)
    __rt_lib_shutdown_fp_trap_1              0x08000133   Thumb Code     0  libshutdown2.o(.ARM.Collect$$libshutdown$$00000007)
    __rt_lib_shutdown_heap_1                 0x08000133   Thumb Code     0  libshutdown2.o(.ARM.Collect$$libshutdown$$0000000F)
    __rt_lib_shutdown_return                 0x08000133   Thumb Code     0  libshutdown2.o(.ARM.Collect$$libshutdown$$00000010)
    __rt_lib_shutdown_signal_1               0x08000133   Thumb Code     0  libshutdown2.o(.ARM.Collect$$libshutdown$$0000000A)
    __rt_lib_shutdown_stdio_1                0x08000133   Thumb Code     0  libshutdown2.o(.ARM.Collect$$libshutdown$$00000004)
    __rt_lib_shutdown_user_alloc_1           0x08000133   Thumb Code     0  libshutdown2.o(.ARM.Collect$$libshutdown$$0000000C)
    __rt_entry                               0x08000135   Thumb Code     0  __rtentry.o(.ARM.Collect$$rtentry$$00000000)
    __rt_entry_presh_1                       0x08000135   Thumb Code     0  __rtentry2.o(.ARM.Collect$$rtentry$$00000002)
    __rt_entry_sh                            0x08000135   Thumb Code     0  __rtentry4.o(.ARM.Collect$$rtentry$$00000004)
    __rt_entry_li                            0x0800013b   Thumb Code     0  __rtentry2.o(.ARM.Collect$$rtentry$$0000000A)
    __rt_entry_postsh_1                      0x0800013b   Thumb Code     0  __rtentry2.o(.ARM.Collect$$rtentry$$00000009)
    __rt_entry_main                          0x0800013f   Thumb Code     0  __rtentry2.o(.ARM.Collect$$rtentry$$0000000D)
    __rt_entry_postli_1                      0x0800013f   Thumb Code     0  __rtentry2.o(.ARM.Collect$$rtentry$$0000000C)
    __rt_exit                                0x08000147   Thumb Code     0  rtexit.o(.ARM.Collect$$rtexit$$00000000)
    __rt_exit_ls                             0x08000149   Thumb Code     0  rtexit2.o(.ARM.Collect$$rtexit$$00000003)
    __rt_exit_prels_1                        0x08000149   Thumb Code     0  rtexit2.o(.ARM.Collect$$rtexit$$00000002)
    __rt_exit_exit                           0x0800014d   Thumb Code     0  rtexit2.o(.ARM.Collect$$rtexit$$00000004)
    Reset_Handler                            0x08000155   Thumb Code    38  startup_stm32f031.o(.text)
    NMI_Handler                              0x0800017b   Thumb Code     2  startup_stm32f031.o(.text)
    SVC_Handler                              0x0800017f   Thumb Code     2  startup_stm32f031.o(.text)
    PendSV_Handler                           0x08000181   Thumb Code     2  startup_stm32f031.o(.text)
    ADC1_IRQHandler                          0x08000185   Thumb Code     0  startup_stm32f031.o(.text)
    DMA1_Channel1_IRQHandler                 0x08000185   Thumb Code     0  startup_stm32f031.o(.text)
    DMA1_Channel4_5_IRQHandler               0x08000185   Thumb Code     0  startup_stm32f031.o(.text)
    EXTI2_3_IRQHandler                       0x08000185   Thumb Code     0  startup_stm32f031.o(.text)
    EXTI4_15_IRQHandler                      0x08000185   Thumb Code     0  startup_stm32f031.o(.text)
    FLASH_IRQHandler                         0x08000185   Thumb Code     0  startup_stm32f031.o(.text)
    I2C1_IRQHandler                          0x08000185   Thumb Code     0  startup_stm32f031.o(.text)
    PVD_IRQHandler                           0x08000185   Thumb Code     0  startup_stm32f031.o(.text)
    RCC_IRQHandler                           0x08000185   Thumb Code     0  startup_stm32f031.o(.text)
    RTC_IRQHandler                           0x08000185   Thumb Code     0  startup_stm32f031.o(.text)
    TIM14_IRQHandler                         0x08000185   Thumb Code     0  startup_stm32f031.o(.text)
    TIM16_IRQHandler                         0x08000185   Thumb Code     0  startup_stm32f031.o(.text)
    TIM17_IRQHandler                         0x08000185   Thumb Code     0  startup_stm32f031.o(.text)
    TIM1_CC_IRQHandler                       0x08000185   Thumb Code     0  startup_stm32f031.o(.text)
    WWDG_IRQHandler                          0x08000185   Thumb Code     0  startup_stm32f031.o(.text)
    __user_initial_stackheap                 0x08000189   Thumb Code     0  startup_stm32f031.o(.text)
    __aeabi_uidiv                            0x080001c9   Thumb Code     0  aeabi_sdiv.o(.text)
    __aeabi_uidivmod                         0x080001c9   Thumb Code    20  aeabi_sdiv.o(.text)
    __aeabi_idiv                             0x080001dd   Thumb Code     0  aeabi_sdiv.o(.text)
    __aeabi_idivmod                          0x080001dd   Thumb Code   326  aeabi_sdiv.o(.text)
    __use_two_region_memory                  0x08000323   Thumb Code     2  heapauxi.o(.text)
    __rt_heap_escrow$2region                 0x08000325   Thumb Code     2  heapauxi.o(.text)
    __rt_heap_expand$2region                 0x08000327   Thumb Code     2  heapauxi.o(.text)
    __aeabi_d2iz                             0x08000329   Thumb Code     0  dfixi.o(.text)
    _dfix                                    0x08000329   Thumb Code    98  dfixi.o(.text)
    __aeabi_i2d_normalise                    0x08000395   Thumb Code    66  dflti.o(.text)
    __aeabi_i2d                              0x080003d7   Thumb Code    16  dflti.o(.text)
    _dflt                                    0x080003d7   Thumb Code     0  dflti.o(.text)
    __aeabi_ui2d                             0x080003e7   Thumb Code     6  dflti.o(.text)
    _dfltu                                   0x080003e7   Thumb Code     0  dflti.o(.text)
    __aeabi_dmul                             0x080003ed   Thumb Code     0  dmul.o(.text)
    _dmul                                    0x080003ed   Thumb Code   558  dmul.o(.text)
    __read_errno                             0x08000635   Thumb Code    10  _rserrno.o(.text)
    __set_errno                              0x0800063f   Thumb Code    12  _rserrno.o(.text)
    _dsqrt                                   0x0800064d   Thumb Code   248  dsqrt.o(.text)
    __aeabi_errno_addr                       0x0800074d   Thumb Code     8  rt_errno_addr_intlibspace.o(.text)
    __errno$intlibspace                      0x0800074d   Thumb Code     0  rt_errno_addr_intlibspace.o(.text)
    __rt_errno_addr$intlibspace              0x0800074d   Thumb Code     0  rt_errno_addr_intlibspace.o(.text)
    __user_libspace                          0x08000755   Thumb Code     8  libspace.o(.text)
    __user_perproc_libspace                  0x08000755   Thumb Code     0  libspace.o(.text)
    __user_perthread_libspace                0x08000755   Thumb Code     0  libspace.o(.text)
    __user_setup_stackheap                   0x0800075d   Thumb Code    62  sys_stackheap_outer.o(.text)
    exit                                     0x0800079b   Thumb Code    16  exit.o(.text)
    _sys_exit                                0x080007ad   Thumb Code     8  sys_exit.o(.text)
    __I$use$semihosting                      0x080007b9   Thumb Code     0  use_no_semi.o(.text)
    __use_no_semihosting_swi                 0x080007b9   Thumb Code     2  use_no_semi.o(.text)
    __semihosting_library_function           0x080007bb   Thumb Code     0  indicate_semi.o(.text)
    ADC_Channel                              0x080007bd   Thumb Code    50  stspin32f0.o(i.ADC_Channel)
    BSP_BOARD_FAULT_LED_OFF                  0x080007f5   Thumb Code     2  rov_r1.o(i.BSP_BOARD_FAULT_LED_OFF)
    BSP_BOARD_FAULT_LED_ON                   0x080007f7   Thumb Code     2  rov_r1.o(i.BSP_BOARD_FAULT_LED_ON)
    DMA1_Channel2_3_IRQHandler               0x080007f9   Thumb Code    16  stspin32f0_it.o(i.DMA1_Channel2_3_IRQHandler)
    DisableInput_CH1_D_CH2_D_CH3_D           0x08000831   Thumb Code    52  stspin32f0.o(i.DisableInput_CH1_D_CH2_D_CH3_D)
    EXTI0_1_IRQHandler                       0x08000869   Thumb Code     2  stspin32f0_it.o(i.EXTI0_1_IRQHandler)
    EnableInput_CH1_D_CH2_E_CH3_E            0x0800086d   Thumb Code    52  stspin32f0.o(i.EnableInput_CH1_D_CH2_E_CH3_E)
    EnableInput_CH1_E_CH2_D_CH3_E            0x080008a5   Thumb Code    52  stspin32f0.o(i.EnableInput_CH1_E_CH2_D_CH3_E)
    EnableInput_CH1_E_CH2_E_CH3_D            0x080008dd   Thumb Code    52  stspin32f0.o(i.EnableInput_CH1_E_CH2_E_CH3_D)
    HAL_DMA_IRQHandler                       0x08000915   Thumb Code   470  stm32f0xx_hal_dma.o(i.HAL_DMA_IRQHandler)
    HAL_DMA_Init                             0x08000af1   Thumb Code    70  stm32f0xx_hal_dma.o(i.HAL_DMA_Init)
    HAL_DMA_Start_IT                         0x08000b3d   Thumb Code    78  stm32f0xx_hal_dma.o(i.HAL_DMA_Start_IT)
    HAL_GPIO_Init                            0x08000b8d   Thumb Code   286  stm32f0xx_hal_gpio.o(i.HAL_GPIO_Init)
    HAL_GPIO_ReadPin                         0x08000cc1   Thumb Code    10  stm32f0xx_hal_gpio.o(i.HAL_GPIO_ReadPin)
    HAL_GPIO_WritePin                        0x08000ccb   Thumb Code    12  stm32f0xx_hal_gpio.o(i.HAL_GPIO_WritePin)
    HAL_GetTick                              0x08000cd9   Thumb Code     6  6step_lib.o(i.HAL_GetTick)
    HAL_IWDG_GetState                        0x08000ce5   Thumb Code     4  stm32f0xx_hal_iwdg.o(i.HAL_IWDG_GetState)
    HAL_IWDG_Init                            0x08000ce9   Thumb Code   160  stm32f0xx_hal_iwdg.o(i.HAL_IWDG_Init)
    HAL_IWDG_MspInit                         0x08000d91   Thumb Code     2  stm32f0xx_hal_iwdg.o(i.HAL_IWDG_MspInit)
    HAL_IWDG_Refresh                         0x08000d95   Thumb Code    78  stm32f0xx_hal_iwdg.o(i.HAL_IWDG_Refresh)
    HAL_IWDG_Start                           0x08000de9   Thumb Code   108  stm32f0xx_hal_iwdg.o(i.HAL_IWDG_Start)
    HAL_IncTick                              0x08000e61   Thumb Code    10  6step_lib.o(i.HAL_IncTick)
    HAL_Init                                 0x08000e71   Thumb Code    26  stm32f0xx_hal.o(i.HAL_Init)
    HAL_InitTick                             0x08000e91   Thumb Code    34  stm32f0xx_hal.o(i.HAL_InitTick)
    HAL_MspInit                              0x08000eb3   Thumb Code    24  stspin32f0_hal_msp.o(i.HAL_MspInit)
    HAL_NVIC_EnableIRQ                       0x08000ecd   Thumb Code    18  stm32f0xx_hal_cortex.o(i.HAL_NVIC_EnableIRQ)
    HAL_NVIC_SetPriority                     0x08000ee5   Thumb Code     8  stm32f0xx_hal_cortex.o(i.HAL_NVIC_SetPriority)
    HAL_RCC_ClockConfig                      0x08000eed   Thumb Code   400  stm32f0xx_hal_rcc_ex.o(i.HAL_RCC_ClockConfig)
    HAL_RCC_GetHCLKFreq                      0x08001089   Thumb Code    26  stm32f0xx_hal_rcc.o(i.HAL_RCC_GetHCLKFreq)
    HAL_RCC_GetSysClockFreq                  0x080010b1   Thumb Code    60  stm32f0xx_hal_rcc_ex.o(i.HAL_RCC_GetSysClockFreq)
    HAL_RCC_OscConfig                        0x080010fd   Thumb Code   784  stm32f0xx_hal_rcc_ex.o(i.HAL_RCC_OscConfig)
    HAL_SPI_ErrorCallback                    0x08001419   Thumb Code     2  stm32f0xx_hal_spi.o(i.HAL_SPI_ErrorCallback)
    HAL_SPI_FlushRxFifo                      0x0800141b   Thumb Code    36  stm32f0xx_hal_spi.o(i.HAL_SPI_FlushRxFifo)
    HAL_SPI_GetState                         0x0800143f   Thumb Code     6  stm32f0xx_hal_spi.o(i.HAL_SPI_GetState)
    HAL_SPI_IRQHandler                       0x08001445   Thumb Code   138  stm32f0xx_hal_spi.o(i.HAL_SPI_IRQHandler)
    HAL_SPI_Init                             0x080014d1   Thumb Code   190  stm32f0xx_hal_spi.o(i.HAL_SPI_Init)
    HAL_SPI_MspInit                          0x08001595   Thumb Code   148  stspin32f0_hal_msp.o(i.HAL_SPI_MspInit)
    HAL_SPI_RxCpltCallback                   0x0800163d   Thumb Code     2  stm32f0xx_hal_spi.o(i.HAL_SPI_RxCpltCallback)
    HAL_SPI_RxHalfCpltCallback               0x0800163f   Thumb Code     2  stm32f0xx_hal_spi.o(i.HAL_SPI_RxHalfCpltCallback)
    HAL_SPI_TransmitReceive_DMA              0x08001641   Thumb Code   392  stm32f0xx_hal_spi.o(i.HAL_SPI_TransmitReceive_DMA)
    HAL_SPI_TxRxCpltCallback                 0x080017e5   Thumb Code     2  stm32f0xx_hal_spi.o(i.HAL_SPI_TxRxCpltCallback)
    HAL_SPI_TxRxHalfCpltCallback             0x080017e7   Thumb Code     2  stm32f0xx_hal_spi.o(i.HAL_SPI_TxRxHalfCpltCallback)
    HAL_SYSTICK_Callback                     0x080017e9   Thumb Code     8  stspin32f0_hal_msp.o(i.HAL_SYSTICK_Callback)
    HAL_SYSTICK_Config                       0x080017f1   Thumb Code    38  stm32f0xx_hal_cortex.o(i.HAL_SYSTICK_Config)
    HAL_SYSTICK_IRQHandler                   0x08001821   Thumb Code     8  stm32f0xx_hal_cortex.o(i.HAL_SYSTICK_IRQHandler)
    HAL_TIMEx_BreakCallback                  0x08001829   Thumb Code    10  stspin32f0_hal_msp.o(i.HAL_TIMEx_BreakCallback)
    HAL_TIMEx_CommutationCallback            0x08001839   Thumb Code    12  stspin32f0_hal_msp.o(i.HAL_TIMEx_CommutationCallback)
    HAL_TIMEx_ConfigBreakDeadTime            0x08001849   Thumb Code    60  stm32f0xx_hal_tim_ex.o(i.HAL_TIMEx_ConfigBreakDeadTime)
    HAL_TIMEx_ConfigCommutationEvent_IT      0x08001885   Thumb Code    98  stm32f0xx_hal_tim_ex.o(i.HAL_TIMEx_ConfigCommutationEvent_IT)
    HAL_TIMEx_HallSensor_Init                0x080018e7   Thumb Code   172  stm32f0xx_hal_tim_ex.o(i.HAL_TIMEx_HallSensor_Init)
    HAL_TIMEx_HallSensor_MspInit             0x08001995   Thumb Code    80  stspin32f0_hal_msp.o(i.HAL_TIMEx_HallSensor_MspInit)
    HAL_TIMEx_HallSensor_Start_IT            0x080019e9   Thumb Code    38  stm32f0xx_hal_tim_ex.o(i.HAL_TIMEx_HallSensor_Start_IT)
    HAL_TIMEx_HallSensor_Stop_IT             0x08001a11   Thumb Code    54  stm32f0xx_hal_tim_ex.o(i.HAL_TIMEx_HallSensor_Stop_IT)
    HAL_TIMEx_MasterConfigSynchronization    0x08001a4d   Thumb Code    72  stm32f0xx_hal_tim_ex.o(i.HAL_TIMEx_MasterConfigSynchronization)
    HAL_TIMEx_PWMN_Start                     0x08001a95   Thumb Code    38  stm32f0xx_hal_tim_ex.o(i.HAL_TIMEx_PWMN_Start)
    HAL_TIMEx_PWMN_Stop                      0x08001abd   Thumb Code    66  stm32f0xx_hal_tim_ex.o(i.HAL_TIMEx_PWMN_Stop)
    HAL_TIM_Base_Init                        0x08001b09   Thumb Code    48  stm32f0xx_hal_tim.o(i.HAL_TIM_Base_Init)
    HAL_TIM_Base_MspInit                     0x08001b39   Thumb Code   194  stspin32f0_hal_msp.o(i.HAL_TIM_Base_MspInit)
    HAL_TIM_IC_CaptureCallback               0x08001c11   Thumb Code    12  stspin32f0_hal_msp.o(i.HAL_TIM_IC_CaptureCallback)
    HAL_TIM_IRQHandler                       0x08001c1d   Thumb Code   354  stm32f0xx_hal_tim.o(i.HAL_TIM_IRQHandler)
    HAL_TIM_OC_DelayElapsedCallback          0x08001d81   Thumb Code    86  stspin32f0_hal_msp.o(i.HAL_TIM_OC_DelayElapsedCallback)
    HAL_TIM_PWM_ConfigChannel                0x08001ddd   Thumb Code   208  stm32f0xx_hal_tim.o(i.HAL_TIM_PWM_ConfigChannel)
    HAL_TIM_PWM_Init                         0x08001ead   Thumb Code    48  stm32f0xx_hal_tim.o(i.HAL_TIM_PWM_Init)
    HAL_TIM_PWM_MspInit                      0x08001edd   Thumb Code     2  stm32f0xx_hal_tim.o(i.HAL_TIM_PWM_MspInit)
    HAL_TIM_PWM_PulseFinishedCallback        0x08001edf   Thumb Code     2  stm32f0xx_hal_tim.o(i.HAL_TIM_PWM_PulseFinishedCallback)
    HAL_TIM_PWM_Start                        0x08001ee1   Thumb Code    56  stm32f0xx_hal_tim.o(i.HAL_TIM_PWM_Start)
    HAL_TIM_PWM_Stop                         0x08001f25   Thumb Code    90  stm32f0xx_hal_tim.o(i.HAL_TIM_PWM_Stop)
    HAL_TIM_PeriodElapsedCallback            0x08001f91   Thumb Code     2  stm32f0xx_hal_tim.o(i.HAL_TIM_PeriodElapsedCallback)
    HAL_TIM_SlaveConfigSynchronization       0x08001f93   Thumb Code    60  stm32f0xx_hal_tim.o(i.HAL_TIM_SlaveConfigSynchronization)
    HAL_TIM_TriggerCallback                  0x08001fcf   Thumb Code     2  stm32f0xx_hal_tim.o(i.HAL_TIM_TriggerCallback)
    HF_TIMx_SetDutyCycle                     0x08001fd1   Thumb Code    20  stspin32f0.o(i.HF_TIMx_SetDutyCycle)
    HF_TIMx_SetDutyCycle_CH1                 0x08001fe9   Thumb Code     8  stspin32f0.o(i.HF_TIMx_SetDutyCycle_CH1)
    HF_TIMx_SetDutyCycle_CH2                 0x08001ff5   Thumb Code     8  stspin32f0.o(i.HF_TIMx_SetDutyCycle_CH2)
    HF_TIMx_SetDutyCycle_CH3                 0x08002001   Thumb Code     8  stspin32f0.o(i.HF_TIMx_SetDutyCycle_CH3)
    HardFault_Handler                        0x0800200d   Thumb Code     2  stspin32f0_it.o(i.HardFault_Handler)
    MC_GetMechSpeedRPM                       0x08002011   Thumb Code    48  6step_lib.o(i.MC_GetMechSpeedRPM)
    MC_PI_Controller                         0x0800204d   Thumb Code    58  6step_lib.o(i.MC_PI_Controller)
    MC_Set_PI_param                          0x0800208d   Thumb Code    82  6step_lib.o(i.MC_Set_PI_param)
    MC_Set_Thrust                            0x080020e9   Thumb Code    34  6step_lib.o(i.MC_Set_Thrust)
    MC_SixStep_Current_Reference_Setvalue    0x08002111   Thumb Code    20  rov_r1.o(i.MC_SixStep_Current_Reference_Setvalue)
    MC_SixStep_Current_Reference_Start       0x08002129   Thumb Code    12  rov_r1.o(i.MC_SixStep_Current_Reference_Start)
    MC_SixStep_Current_Reference_Stop        0x08002139   Thumb Code    20  rov_r1.o(i.MC_SixStep_Current_Reference_Stop)
    MC_SixStep_DisableInput_CH1_D_CH2_D_CH3_D 0x08002151   Thumb Code     6  rov_r1.o(i.MC_SixStep_DisableInput_CH1_D_CH2_D_CH3_D)
    MC_SixStep_EnableInput_CH1_D_CH2_E_CH3_E 0x0800215d   Thumb Code     6  rov_r1.o(i.MC_SixStep_EnableInput_CH1_D_CH2_E_CH3_E)
    MC_SixStep_EnableInput_CH1_E_CH2_D_CH3_E 0x08002169   Thumb Code     6  rov_r1.o(i.MC_SixStep_EnableInput_CH1_E_CH2_D_CH3_E)
    MC_SixStep_EnableInput_CH1_E_CH2_E_CH3_D 0x08002175   Thumb Code     6  rov_r1.o(i.MC_SixStep_EnableInput_CH1_E_CH2_E_CH3_D)
    MC_SixStep_HF_TIMx_SetDutyCycle          0x08002181   Thumb Code     6  rov_r1.o(i.MC_SixStep_HF_TIMx_SetDutyCycle)
    MC_SixStep_HF_TIMx_SetDutyCycle_CH1      0x0800218d   Thumb Code     6  rov_r1.o(i.MC_SixStep_HF_TIMx_SetDutyCycle_CH1)
    MC_SixStep_HF_TIMx_SetDutyCycle_CH2      0x08002199   Thumb Code     6  rov_r1.o(i.MC_SixStep_HF_TIMx_SetDutyCycle_CH2)
    MC_SixStep_HF_TIMx_SetDutyCycle_CH3      0x080021a5   Thumb Code     6  rov_r1.o(i.MC_SixStep_HF_TIMx_SetDutyCycle_CH3)
    MC_SixStep_Hall_Run_Failure_Handler      0x080021b1   Thumb Code    58  6step_lib.o(i.MC_SixStep_Hall_Run_Failure_Handler)
    MC_SixStep_Hall_Startup_Failure_Handler  0x080021fd   Thumb Code    62  6step_lib.o(i.MC_SixStep_Hall_Startup_Failure_Handler)
    MC_SixStep_INIT                          0x0800224d   Thumb Code    46  6step_lib.o(i.MC_SixStep_INIT)
    MC_SixStep_Init_main_data                0x08002289   Thumb Code    44  6step_lib.o(i.MC_SixStep_Init_main_data)
    MC_SixStep_NEXT_step                     0x080022bd   Thumb Code   272  6step_lib.o(i.MC_SixStep_NEXT_step)
    MC_SixStep_RESET                         0x080023dd   Thumb Code   204  6step_lib.o(i.MC_SixStep_RESET)
    MC_SixStep_TABLE                         0x080024bd   Thumb Code   130  6step_lib.o(i.MC_SixStep_TABLE)
    MC_Speed_Filter                          0x08002545   Thumb Code   104  6step_lib.o(i.MC_Speed_Filter)
    MC_StartMotor                            0x080025b5   Thumb Code   210  6step_lib.o(i.MC_StartMotor)
    MC_StopMotor                             0x0800269d   Thumb Code    72  6step_lib.o(i.MC_StopMotor)
    MC_SysTick_SixStep_MediumFrequencyTask   0x080026f9   Thumb Code    82  6step_lib.o(i.MC_SysTick_SixStep_MediumFrequencyTask)
    MC_TIMx_SixStep_CommutationEvent         0x08002755   Thumb Code   188  6step_lib.o(i.MC_TIMx_SixStep_CommutationEvent)
    MC_TIMx_SixStep_timebase                 0x08002825   Thumb Code    16  6step_lib.o(i.MC_TIMx_SixStep_timebase)
    MC_Task_Speed                            0x08002839   Thumb Code    88  6step_lib.o(i.MC_Task_Speed)
    Overcurrent_Selection                    0x08002a51   Thumb Code    18  stspin32f0.o(i.Overcurrent_Selection)
    Overcurrent_Threshold_Setvalue           0x08002a65   Thumb Code    64  stspin32f0.o(i.Overcurrent_Threshold_Setvalue)
    SPI1_IRQHandler                          0x08002aa9   Thumb Code    10  stspin32f0_it.o(i.SPI1_IRQHandler)
    SPI_Communication_Task                   0x08002ab9   Thumb Code   170  spi_ui.o(i.SPI_Communication_Task)
    SysTick_Handler                          0x08002f59   Thumb Code    12  stspin32f0_it.o(i.SysTick_Handler)
    SystemClock_Config                       0x08002f65   Thumb Code    72  main_32f0.o(i.SystemClock_Config)
    SystemInit                               0x08002fb1   Thumb Code    84  system_stm32f0xx.o(i.SystemInit)
    TIM1_BRK_UP_TRG_COM_IRQHandler           0x08003011   Thumb Code    10  stspin32f0_it.o(i.TIM1_BRK_UP_TRG_COM_IRQHandler)
    TIM2_IRQHandler                          0x08003021   Thumb Code    10  stspin32f0_it.o(i.TIM2_IRQHandler)
    TIM3_IRQHandler                          0x08003031   Thumb Code    10  stspin32f0_it.o(i.TIM3_IRQHandler)
    TIM_Base_SetConfig                       0x08003041   Thumb Code   104  stm32f0xx_hal_tim.o(i.TIM_Base_SetConfig)
    TIM_CCxChannelCmd                        0x080030bd   Thumb Code    22  stm32f0xx_hal_tim.o(i.TIM_CCxChannelCmd)
    TIM_OC2_SetConfig                        0x08003179   Thumb Code   104  stm32f0xx_hal_tim.o(i.TIM_OC2_SetConfig)
    TIM_TI1_SetConfig                        0x08003361   Thumb Code    68  stm32f0xx_hal_tim.o(i.TIM_TI1_SetConfig)
    USART1_IRQHandler                        0x080033d3   Thumb Code     2  stspin32f0_it.o(i.USART1_IRQHandler)
    __ARM_common_switch8                     0x080033d5   Thumb Code    26  stm32f0xx_hal_tim.o(i.__ARM_common_switch8)
    main                                     0x08003435   Thumb Code   120  main_32f0.o(i.main)
    referenceToCurrent                       0x080034c5   Thumb Code    56  spi_ui.o(i.referenceToCurrent)
    speedToThrust                            0x08003505   Thumb Code   102  6step_lib.o(i.speedToThrust)
    sqrt                                     0x0800358d   Thumb Code    66  sqrt.o(i.sqrt)
    thrustToDirection                        0x080035d5   Thumb Code    12  6step_lib.o(i.thrustToDirection)
    thrustToSpeed                            0x080035e1   Thumb Code    72  6step_lib.o(i.thrustToSpeed)
    APBAHBPrescTable                         0x08003648   Data          16  stm32f0xx_hal_rcc.o(.constdata)
    __I$use$fp                               0x08003648   Number         0  usenofp.o(x$fpl$usenofp)
    PLLMULFactorTable                        0x08003658   Data          16  stm32f0xx_hal_rcc_ex.o(.constdata)
    PredivFactorTable                        0x08003668   Data          16  stm32f0xx_hal_rcc_ex.o(.constdata)
    Region$$Table$$Base                      0x08003678   Number         0  anon$$obj.o(Region$$Table)
    Region$$Table$$Limit                     0x08003698   Number         0  anon$$obj.o(Region$$Table)
    STSPIN32F0MotorDriver                    0x20000000   Data          48  stspin32f0.o(.data)
    array_completed                          0x20000030   Data           1  6step_lib.o(.data)
    Enable_start_button                      0x20000031   Data           1  6step_lib.o(.data)
    hallStatus                               0x20000032   Data           1  6step_lib.o(.data)
    index_array                              0x20000034   Data           2  6step_lib.o(.data)
    index_adc_chn                            0x20000036   Data           2  6step_lib.o(.data)
    shift_n_sqrt                             0x20000038   Data           2  6step_lib.o(.data)
    index_align                              0x2000003a   Data           2  6step_lib.o(.data)
    index_pot_filt                           0x2000003c   Data           2  6step_lib.o(.data)
    potent_filtered                          0x2000003e   Data           2  6step_lib.o(.data)
    H1                                       0x20000040   Data           2  6step_lib.o(.data)
    H2                                       0x20000042   Data           2  6step_lib.o(.data)
    H3                                       0x20000044   Data           2  6step_lib.o(.data)
    hall_capture_adjusted                    0x20000046   Data           2  6step_lib.o(.data)
    Rotor_poles_pairs                        0x20000048   Data           2  6step_lib.o(.data)
    Mech_Speed_RPM                           0x2000004c   Data           4  6step_lib.o(.data)
    El_Speed_Hz                              0x20000050   Data           4  6step_lib.o(.data)
    speed_sum_sp_filt                        0x20000058   Data           4  6step_lib.o(.data)
    speed_sum_pot_filt                       0x2000005c   Data           4  6step_lib.o(.data)
    Tick_cnt                                 0x20000060   Data           4  6step_lib.o(.data)
    counter_ARR_Bemf                         0x20000064   Data           4  6step_lib.o(.data)
    constant_multiplier_tmp                  0x20000068   Data           8  6step_lib.o(.data)
    currentlyRunning                         0x20000070   Data           1  spi_ui.o(.data)
    SystemCoreClock                          0x20000074   Data           4  system_stm32f0xx.o(.data)
    AHBPrescTable                            0x20000078   Data          16  system_stm32f0xx.o(.data)
    HF_TIMx                                  0x20000088   Data          60  stspin32f0.o(.bss)
    ADCx                                     0x200000c4   Data          72  stspin32f0.o(.bss)
    LF_TIMx                                  0x2000010c   Data          60  stspin32f0.o(.bss)
    REFx                                     0x20000148   Data          60  stspin32f0.o(.bss)
    hspi1                                    0x20000184   Data         100  stspin32f0.o(.bss)
    SIXSTEP_parameters                       0x200001e8   Data         128  6step_lib.o(.bss)
    PI_parameters                            0x20000268   Data          16  6step_lib.o(.bss)
    sConfig                                  0x20000278   Data          28  6step_lib.o(.bss)
    speed_tmp_array                          0x20000294   Data         128  6step_lib.o(.bss)
    hiwdg                                    0x20000314   Data          20  main_32f0.o(.bss)
    hdma_spi1_tx                             0x20000328   Data          56  main_32f0.o(.bss)
    hdma_spi1_rx                             0x20000360   Data          56  main_32f0.o(.bss)
    statusStructUnion                        0x20000398   Data          10  spi_ui.o(.bss)
    commandStructUnion                       0x200003a4   Data          12  spi_ui.o(.bss)
    SPI_Recived_DUMP                         0x200003b0   Data          20  spi_ui.o(.bss)
    __libspace_start                         0x200003c4   Data          96  libspace.o(.bss)
    __temporary_stack_top$libspace           0x20000424   Data           0  libspace.o(.bss)



==============================================================================

Memory Map of the image

  Image Entry point : 0x080000b1

  Load Region LR_IROM1 (Base: 0x08000000, Size: 0x00003720, Max: 0x00008000, ABSOLUTE)

    Execution Region ER_IROM1 (Exec base: 0x08000000, Load base: 0x08000000, Size: 0x00003698, Max: 0x00008000, ABSOLUTE)

    Exec Addr    Load Addr    Size         Type   Attr      Idx    E Section Name        Object

    0x08000000   0x08000000   0x000000b0   Data   RO         2883    RESET               startup_stm32f031.o
    0x080000b0   0x080000b0   0x00000008   Code   RO         2939  * !!!main             c_p.l(__main.o)
    0x080000b8   0x080000b8   0x0000003c   Code   RO         3146    !!!scatter          c_p.l(__scatter.o)
    0x080000f4   0x080000f4   0x0000001a   Code   RO         3148    !!handler_copy      c_p.l(__scatter_copy.o)
    0x0800010e   0x0800010e   0x00000002   PAD
    0x08000110   0x08000110   0x0000001c   Code   RO         3150    !!handler_zi        c_p.l(__scatter_zi.o)
    0x0800012c   0x0800012c   0x00000002   Code   RO         3012    .ARM.Collect$$libinit$$00000000  c_p.l(libinit.o)
    0x0800012e   0x0800012e   0x00000000   Code   RO         3027    .ARM.Collect$$libinit$$00000002  c_p.l(libinit2.o)
    0x0800012e   0x0800012e   0x00000000   Code   RO         3029    .ARM.Collect$$libinit$$00000004  c_p.l(libinit2.o)
    0x0800012e   0x0800012e   0x00000000   Code   RO         3032    .ARM.Collect$$libinit$$0000000A  c_p.l(libinit2.o)
    0x0800012e   0x0800012e   0x00000000   Code   RO         3034    .ARM.Collect$$libinit$$0000000C  c_p.l(libinit2.o)
    0x0800012e   0x0800012e   0x00000000   Code   RO         3036    .ARM.Collect$$libinit$$0000000E  c_p.l(libinit2.o)
    0x0800012e   0x0800012e   0x00000000   Code   RO         3039    .ARM.Collect$$libinit$$00000011  c_p.l(libinit2.o)
    0x0800012e   0x0800012e   0x00000000   Code   RO         3041    .ARM.Collect$$libinit$$00000013  c_p.l(libinit2.o)
    0x0800012e   0x0800012e   0x00000000   Code   RO         3043    .ARM.Collect$$libinit$$00000015  c_p.l(libinit2.o)
    0x0800012e   0x0800012e   0x00000000   Code   RO         3045    .ARM.Collect$$libinit$$00000017  c_p.l(libinit2.o)
    0x0800012e   0x0800012e   0x00000000   Code   RO         3047    .ARM.Collect$$libinit$$00000019  c_p.l(libinit2.o)
    0x0800012e   0x0800012e   0x00000000   Code   RO         3049    .ARM.Collect$$libinit$$0000001B  c_p.l(libinit2.o)
    0x0800012e   0x0800012e   0x00000000   Code   RO         3051    .ARM.Collect$$libinit$$0000001D  c_p.l(libinit2.o)
    0x0800012e   0x0800012e   0x00000000   Code   RO         3053    .ARM.Collect$$libinit$$0000001F  c_p.l(libinit2.o)
    0x0800012e   0x0800012e   0x00000000   Code   RO         3055    .ARM.Collect$$libinit$$00000021  c_p.l(libinit2.o)
    0x0800012e   0x0800012e   0x00000000   Code   RO         3057    .ARM.Collect$$libinit$$00000023  c_p.l(libinit2.o)
    0x0800012e   0x0800012e   0x00000000   Code   RO         3059    .ARM.Collect$$libinit$$00000025  c_p.l(libinit2.o)
    0x0800012e   0x0800012e   0x00000000   Code   RO         3063    .ARM.Collect$$libinit$$0000002C  c_p.l(libinit2.o)
    0x0800012e   0x0800012e   0x00000000   Code   RO         3065    .ARM.Collect$$libinit$$0000002E  c_p.l(libinit2.o)
    0x0800012e   0x0800012e   0x00000000   Code   RO         3067    .ARM.Collect$$libinit$$00000030  c_p.l(libinit2.o)
    0x0800012e   0x0800012e   0x00000000   Code   RO         3069    .ARM.Collect$$libinit$$00000032  c_p.l(libinit2.o)
    0x0800012e   0x0800012e   0x00000002   Code   RO         3070    .ARM.Collect$$libinit$$00000033  c_p.l(libinit2.o)
    0x08000130   0x08000130   0x00000002   Code   RO         3103    .ARM.Collect$$libshutdown$$00000000  c_p.l(libshutdown.o)
    0x08000132   0x08000132   0x00000000   Code   RO         3129    .ARM.Collect$$libshutdown$$00000002  c_p.l(libshutdown2.o)
    0x08000132   0x08000132   0x00000000   Code   RO         3131    .ARM.Collect$$libshutdown$$00000004  c_p.l(libshutdown2.o)
    0x08000132   0x08000132   0x00000000   Code   RO         3134    .ARM.Collect$$libshutdown$$00000007  c_p.l(libshutdown2.o)
    0x08000132   0x08000132   0x00000000   Code   RO         3137    .ARM.Collect$$libshutdown$$0000000A  c_p.l(libshutdown2.o)
    0x08000132   0x08000132   0x00000000   Code   RO         3139    .ARM.Collect$$libshutdown$$0000000C  c_p.l(libshutdown2.o)
    0x08000132   0x08000132   0x00000000   Code   RO         3142    .ARM.Collect$$libshutdown$$0000000F  c_p.l(libshutdown2.o)
    0x08000132   0x08000132   0x00000002   Code   RO         3143    .ARM.Collect$$libshutdown$$00000010  c_p.l(libshutdown2.o)
    0x08000134   0x08000134   0x00000000   Code   RO         2955    .ARM.Collect$$rtentry$$00000000  c_p.l(__rtentry.o)
    0x08000134   0x08000134   0x00000000   Code   RO         2972    .ARM.Collect$$rtentry$$00000002  c_p.l(__rtentry2.o)
    0x08000134   0x08000134   0x00000006   Code   RO         2984    .ARM.Collect$$rtentry$$00000004  c_p.l(__rtentry4.o)
    0x0800013a   0x0800013a   0x00000000   Code   RO         2974    .ARM.Collect$$rtentry$$00000009  c_p.l(__rtentry2.o)
    0x0800013a   0x0800013a   0x00000004   Code   RO         2975    .ARM.Collect$$rtentry$$0000000A  c_p.l(__rtentry2.o)
    0x0800013e   0x0800013e   0x00000000   Code   RO         2977    .ARM.Collect$$rtentry$$0000000C  c_p.l(__rtentry2.o)
    0x0800013e   0x0800013e   0x00000008   Code   RO         2978    .ARM.Collect$$rtentry$$0000000D  c_p.l(__rtentry2.o)
    0x08000146   0x08000146   0x00000002   Code   RO         3018    .ARM.Collect$$rtexit$$00000000  c_p.l(rtexit.o)
    0x08000148   0x08000148   0x00000000   Code   RO         3076    .ARM.Collect$$rtexit$$00000002  c_p.l(rtexit2.o)
    0x08000148   0x08000148   0x00000004   Code   RO         3077    .ARM.Collect$$rtexit$$00000003  c_p.l(rtexit2.o)
    0x0800014c   0x0800014c   0x00000006   Code   RO         3078    .ARM.Collect$$rtexit$$00000004  c_p.l(rtexit2.o)
    0x08000152   0x08000152   0x00000002   PAD
    0x08000154   0x08000154   0x00000074   Code   RO         2884    .text               startup_stm32f031.o
    0x080001c8   0x080001c8   0x0000015a   Code   RO         2933    .text               c_p.l(aeabi_sdiv.o)
    0x08000322   0x08000322   0x00000006   Code   RO         2937    .text               c_p.l(heapauxi.o)
    0x08000328   0x08000328   0x0000006c   Code   RO         2941    .text               fz_ps.l(dfixi.o)
    0x08000394   0x08000394   0x00000058   Code   RO         2943    .text               fz_ps.l(dflti.o)
    0x080003ec   0x080003ec   0x00000248   Code   RO         2945    .text               fz_ps.l(dmul.o)
    0x08000634   0x08000634   0x00000016   Code   RO         2964    .text               c_p.l(_rserrno.o)
    0x0800064a   0x0800064a   0x00000002   PAD
    0x0800064c   0x0800064c   0x00000100   Code   RO         2968    .text               fz_ps.l(dsqrt.o)
    0x0800074c   0x0800074c   0x00000008   Code   RO         2991    .text               c_p.l(rt_errno_addr_intlibspace.o)
    0x08000754   0x08000754   0x00000008   Code   RO         2995    .text               c_p.l(libspace.o)
    0x0800075c   0x0800075c   0x0000003e   Code   RO         2998    .text               c_p.l(sys_stackheap_outer.o)
    0x0800079a   0x0800079a   0x00000010   Code   RO         3001    .text               c_p.l(exit.o)
    0x080007aa   0x080007aa   0x00000002   PAD
    0x080007ac   0x080007ac   0x0000000c   Code   RO         3073    .text               c_p.l(sys_exit.o)
    0x080007b8   0x080007b8   0x00000002   Code   RO         3092    .text               c_p.l(use_no_semi.o)
    0x080007ba   0x080007ba   0x00000000   Code   RO         3094    .text               c_p.l(indicate_semi.o)
    0x080007ba   0x080007ba   0x00000002   PAD
    0x080007bc   0x080007bc   0x00000038   Code   RO            3    i.ADC_Channel       stspin32f0.o
    0x080007f4   0x080007f4   0x00000002   Code   RO         2779    i.BSP_BOARD_FAULT_LED_OFF  rov_r1.o
    0x080007f6   0x080007f6   0x00000002   Code   RO         2780    i.BSP_BOARD_FAULT_LED_ON  rov_r1.o
    0x080007f8   0x080007f8   0x00000018   Code   RO         2658    i.DMA1_Channel2_3_IRQHandler  stspin32f0_it.o
    0x08000810   0x08000810   0x0000001e   Code   RO          595    i.DMA_SetConfig     stm32f0xx_hal_dma.o
    0x0800082e   0x0800082e   0x00000002   PAD
    0x08000830   0x08000830   0x00000038   Code   RO            4    i.DisableInput_CH1_D_CH2_D_CH3_D  stspin32f0.o
    0x08000868   0x08000868   0x00000002   Code   RO         2659    i.EXTI0_1_IRQHandler  stspin32f0_it.o
    0x0800086a   0x0800086a   0x00000002   PAD
    0x0800086c   0x0800086c   0x00000038   Code   RO            5    i.EnableInput_CH1_D_CH2_E_CH3_E  stspin32f0.o
    0x080008a4   0x080008a4   0x00000038   Code   RO            6    i.EnableInput_CH1_E_CH2_D_CH3_E  stspin32f0.o
    0x080008dc   0x080008dc   0x00000038   Code   RO            7    i.EnableInput_CH1_E_CH2_E_CH3_D  stspin32f0.o
    0x08000914   0x08000914   0x000001dc   Code   RO          600    i.HAL_DMA_IRQHandler  stm32f0xx_hal_dma.o
    0x08000af0   0x08000af0   0x0000004c   Code   RO          601    i.HAL_DMA_Init      stm32f0xx_hal_dma.o
    0x08000b3c   0x08000b3c   0x0000004e   Code   RO          604    i.HAL_DMA_Start_IT  stm32f0xx_hal_dma.o
    0x08000b8a   0x08000b8a   0x00000002   PAD
    0x08000b8c   0x08000b8c   0x00000134   Code   RO          825    i.HAL_GPIO_Init     stm32f0xx_hal_gpio.o
    0x08000cc0   0x08000cc0   0x0000000a   Code   RO          827    i.HAL_GPIO_ReadPin  stm32f0xx_hal_gpio.o
    0x08000cca   0x08000cca   0x0000000c   Code   RO          829    i.HAL_GPIO_WritePin  stm32f0xx_hal_gpio.o
    0x08000cd6   0x08000cd6   0x00000002   PAD
    0x08000cd8   0x08000cd8   0x0000000c   Code   RO         2320    i.HAL_GetTick       6step_lib.o
    0x08000ce4   0x08000ce4   0x00000004   Code   RO         2233    i.HAL_IWDG_GetState  stm32f0xx_hal_iwdg.o
    0x08000ce8   0x08000ce8   0x000000a8   Code   RO         2234    i.HAL_IWDG_Init     stm32f0xx_hal_iwdg.o
    0x08000d90   0x08000d90   0x00000002   Code   RO         2235    i.HAL_IWDG_MspInit  stm32f0xx_hal_iwdg.o
    0x08000d92   0x08000d92   0x00000002   PAD
    0x08000d94   0x08000d94   0x00000054   Code   RO         2236    i.HAL_IWDG_Refresh  stm32f0xx_hal_iwdg.o
    0x08000de8   0x08000de8   0x00000078   Code   RO         2237    i.HAL_IWDG_Start    stm32f0xx_hal_iwdg.o
    0x08000e60   0x08000e60   0x00000010   Code   RO         2321    i.HAL_IncTick       6step_lib.o
    0x08000e70   0x08000e70   0x00000020   Code   RO          198    i.HAL_Init          stm32f0xx_hal.o
    0x08000e90   0x08000e90   0x00000022   Code   RO          199    i.HAL_InitTick      stm32f0xx_hal.o
    0x08000eb2   0x08000eb2   0x00000018   Code   RO         2572    i.HAL_MspInit       stspin32f0_hal_msp.o
    0x08000eca   0x08000eca   0x00000002   PAD
    0x08000ecc   0x08000ecc   0x00000018   Code   RO          503    i.HAL_NVIC_EnableIRQ  stm32f0xx_hal_cortex.o
    0x08000ee4   0x08000ee4   0x00000008   Code   RO          507    i.HAL_NVIC_SetPriority  stm32f0xx_hal_cortex.o
    0x08000eec   0x08000eec   0x0000019c   Code   RO          981    i.HAL_RCC_ClockConfig  stm32f0xx_hal_rcc_ex.o
    0x08001088   0x08001088   0x00000028   Code   RO          890    i.HAL_RCC_GetHCLKFreq  stm32f0xx_hal_rcc.o
    0x080010b0   0x080010b0   0x0000004c   Code   RO          982    i.HAL_RCC_GetSysClockFreq  stm32f0xx_hal_rcc_ex.o
    0x080010fc   0x080010fc   0x0000031c   Code   RO          983    i.HAL_RCC_OscConfig  stm32f0xx_hal_rcc_ex.o
    0x08001418   0x08001418   0x00000002   Code   RO         1936    i.HAL_SPI_ErrorCallback  stm32f0xx_hal_spi.o
    0x0800141a   0x0800141a   0x00000024   Code   RO         1937    i.HAL_SPI_FlushRxFifo  stm32f0xx_hal_spi.o
    0x0800143e   0x0800143e   0x00000006   Code   RO         1939    i.HAL_SPI_GetState  stm32f0xx_hal_spi.o
    0x08001444   0x08001444   0x0000008a   Code   RO         1940    i.HAL_SPI_IRQHandler  stm32f0xx_hal_spi.o
    0x080014ce   0x080014ce   0x00000002   PAD
    0x080014d0   0x080014d0   0x000000c4   Code   RO         1941    i.HAL_SPI_Init      stm32f0xx_hal_spi.o
    0x08001594   0x08001594   0x000000a8   Code   RO         2573    i.HAL_SPI_MspInit   stspin32f0_hal_msp.o
    0x0800163c   0x0800163c   0x00000002   Code   RO         1947    i.HAL_SPI_RxCpltCallback  stm32f0xx_hal_spi.o
    0x0800163e   0x0800163e   0x00000002   Code   RO         1948    i.HAL_SPI_RxHalfCpltCallback  stm32f0xx_hal_spi.o
    0x08001640   0x08001640   0x000001a4   Code   RO         1951    i.HAL_SPI_TransmitReceive_DMA  stm32f0xx_hal_spi.o
    0x080017e4   0x080017e4   0x00000002   Code   RO         1957    i.HAL_SPI_TxRxCpltCallback  stm32f0xx_hal_spi.o
    0x080017e6   0x080017e6   0x00000002   Code   RO         1958    i.HAL_SPI_TxRxHalfCpltCallback  stm32f0xx_hal_spi.o
    0x080017e8   0x080017e8   0x00000008   Code   RO         2574    i.HAL_SYSTICK_Callback  stspin32f0_hal_msp.o
    0x080017f0   0x080017f0   0x00000030   Code   RO          511    i.HAL_SYSTICK_Config  stm32f0xx_hal_cortex.o
    0x08001820   0x08001820   0x00000008   Code   RO          512    i.HAL_SYSTICK_IRQHandler  stm32f0xx_hal_cortex.o
    0x08001828   0x08001828   0x00000010   Code   RO         2575    i.HAL_TIMEx_BreakCallback  stspin32f0_hal_msp.o
    0x08001838   0x08001838   0x00000010   Code   RO         2576    i.HAL_TIMEx_CommutationCallback  stspin32f0_hal_msp.o
    0x08001848   0x08001848   0x0000003c   Code   RO         1657    i.HAL_TIMEx_ConfigBreakDeadTime  stm32f0xx_hal_tim_ex.o
    0x08001884   0x08001884   0x00000062   Code   RO         1660    i.HAL_TIMEx_ConfigCommutationEvent_IT  stm32f0xx_hal_tim_ex.o
    0x080018e6   0x080018e6   0x000000ac   Code   RO         1664    i.HAL_TIMEx_HallSensor_Init  stm32f0xx_hal_tim_ex.o
    0x08001992   0x08001992   0x00000002   PAD
    0x08001994   0x08001994   0x00000054   Code   RO         2578    i.HAL_TIMEx_HallSensor_MspInit  stspin32f0_hal_msp.o
    0x080019e8   0x080019e8   0x00000026   Code   RO         1669    i.HAL_TIMEx_HallSensor_Start_IT  stm32f0xx_hal_tim_ex.o
    0x08001a0e   0x08001a0e   0x00000002   PAD
    0x08001a10   0x08001a10   0x0000003c   Code   RO         1672    i.HAL_TIMEx_HallSensor_Stop_IT  stm32f0xx_hal_tim_ex.o
    0x08001a4c   0x08001a4c   0x00000048   Code   RO         1673    i.HAL_TIMEx_MasterConfigSynchronization  stm32f0xx_hal_tim_ex.o
    0x08001a94   0x08001a94   0x00000026   Code   RO         1684    i.HAL_TIMEx_PWMN_Start  stm32f0xx_hal_tim_ex.o
    0x08001aba   0x08001aba   0x00000002   PAD
    0x08001abc   0x08001abc   0x0000004c   Code   RO         1687    i.HAL_TIMEx_PWMN_Stop  stm32f0xx_hal_tim_ex.o
    0x08001b08   0x08001b08   0x00000030   Code   RO         1028    i.HAL_TIM_Base_Init  stm32f0xx_hal_tim.o
    0x08001b38   0x08001b38   0x000000d8   Code   RO         2580    i.HAL_TIM_Base_MspInit  stspin32f0_hal_msp.o
    0x08001c10   0x08001c10   0x0000000c   Code   RO         2581    i.HAL_TIM_IC_CaptureCallback  stspin32f0_hal_msp.o
    0x08001c1c   0x08001c1c   0x00000162   Code   RO         1073    i.HAL_TIM_IRQHandler  stm32f0xx_hal_tim.o
    0x08001d7e   0x08001d7e   0x00000002   PAD
    0x08001d80   0x08001d80   0x0000005c   Code   RO         2582    i.HAL_TIM_OC_DelayElapsedCallback  stspin32f0_hal_msp.o
    0x08001ddc   0x08001ddc   0x000000d0   Code   RO         1097    i.HAL_TIM_PWM_ConfigChannel  stm32f0xx_hal_tim.o
    0x08001eac   0x08001eac   0x00000030   Code   RO         1100    i.HAL_TIM_PWM_Init  stm32f0xx_hal_tim.o
    0x08001edc   0x08001edc   0x00000002   Code   RO         1102    i.HAL_TIM_PWM_MspInit  stm32f0xx_hal_tim.o
    0x08001ede   0x08001ede   0x00000002   Code   RO         1103    i.HAL_TIM_PWM_PulseFinishedCallback  stm32f0xx_hal_tim.o
    0x08001ee0   0x08001ee0   0x00000044   Code   RO         1104    i.HAL_TIM_PWM_Start  stm32f0xx_hal_tim.o
    0x08001f24   0x08001f24   0x0000006c   Code   RO         1107    i.HAL_TIM_PWM_Stop  stm32f0xx_hal_tim.o
    0x08001f90   0x08001f90   0x00000002   Code   RO         1110    i.HAL_TIM_PeriodElapsedCallback  stm32f0xx_hal_tim.o
    0x08001f92   0x08001f92   0x0000003c   Code   RO         1112    i.HAL_TIM_SlaveConfigSynchronization  stm32f0xx_hal_tim.o
    0x08001fce   0x08001fce   0x00000002   Code   RO         1114    i.HAL_TIM_TriggerCallback  stm32f0xx_hal_tim.o
    0x08001fd0   0x08001fd0   0x00000018   Code   RO            8    i.HF_TIMx_SetDutyCycle  stspin32f0.o
    0x08001fe8   0x08001fe8   0x0000000c   Code   RO            9    i.HF_TIMx_SetDutyCycle_CH1  stspin32f0.o
    0x08001ff4   0x08001ff4   0x0000000c   Code   RO           10    i.HF_TIMx_SetDutyCycle_CH2  stspin32f0.o
    0x08002000   0x08002000   0x0000000c   Code   RO           11    i.HF_TIMx_SetDutyCycle_CH3  stspin32f0.o
    0x0800200c   0x0800200c   0x00000002   Code   RO         2661    i.HardFault_Handler  stspin32f0_it.o
    0x0800200e   0x0800200e   0x00000002   PAD
    0x08002010   0x08002010   0x0000003c   Code   RO         2326    i.MC_GetMechSpeedRPM  6step_lib.o
    0x0800204c   0x0800204c   0x00000040   Code   RO         2327    i.MC_PI_Controller  6step_lib.o
    0x0800208c   0x0800208c   0x0000005c   Code   RO         2328    i.MC_Set_PI_param   6step_lib.o
    0x080020e8   0x080020e8   0x00000028   Code   RO         2330    i.MC_Set_Thrust     6step_lib.o
    0x08002110   0x08002110   0x00000018   Code   RO         2782    i.MC_SixStep_Current_Reference_Setvalue  rov_r1.o
    0x08002128   0x08002128   0x00000010   Code   RO         2783    i.MC_SixStep_Current_Reference_Start  rov_r1.o
    0x08002138   0x08002138   0x00000018   Code   RO         2784    i.MC_SixStep_Current_Reference_Stop  rov_r1.o
    0x08002150   0x08002150   0x0000000c   Code   RO         2785    i.MC_SixStep_DisableInput_CH1_D_CH2_D_CH3_D  rov_r1.o
    0x0800215c   0x0800215c   0x0000000c   Code   RO         2786    i.MC_SixStep_EnableInput_CH1_D_CH2_E_CH3_E  rov_r1.o
    0x08002168   0x08002168   0x0000000c   Code   RO         2787    i.MC_SixStep_EnableInput_CH1_E_CH2_D_CH3_E  rov_r1.o
    0x08002174   0x08002174   0x0000000c   Code   RO         2788    i.MC_SixStep_EnableInput_CH1_E_CH2_E_CH3_D  rov_r1.o
    0x08002180   0x08002180   0x0000000c   Code   RO         2789    i.MC_SixStep_HF_TIMx_SetDutyCycle  rov_r1.o
    0x0800218c   0x0800218c   0x0000000c   Code   RO         2790    i.MC_SixStep_HF_TIMx_SetDutyCycle_CH1  rov_r1.o
    0x08002198   0x08002198   0x0000000c   Code   RO         2791    i.MC_SixStep_HF_TIMx_SetDutyCycle_CH2  rov_r1.o
    0x080021a4   0x080021a4   0x0000000c   Code   RO         2792    i.MC_SixStep_HF_TIMx_SetDutyCycle_CH3  rov_r1.o
    0x080021b0   0x080021b0   0x0000004c   Code   RO         2331    i.MC_SixStep_Hall_Run_Failure_Handler  6step_lib.o
    0x080021fc   0x080021fc   0x00000050   Code   RO         2332    i.MC_SixStep_Hall_Startup_Failure_Handler  6step_lib.o
    0x0800224c   0x0800224c   0x0000003c   Code   RO         2333    i.MC_SixStep_INIT   6step_lib.o
    0x08002288   0x08002288   0x00000034   Code   RO         2334    i.MC_SixStep_Init_main_data  6step_lib.o
    0x080022bc   0x080022bc   0x00000120   Code   RO         2335    i.MC_SixStep_NEXT_step  6step_lib.o
    0x080023dc   0x080023dc   0x000000e0   Code   RO         2336    i.MC_SixStep_RESET  6step_lib.o
    0x080024bc   0x080024bc   0x00000088   Code   RO         2337    i.MC_SixStep_TABLE  6step_lib.o
    0x08002544   0x08002544   0x00000070   Code   RO         2338    i.MC_Speed_Filter   6step_lib.o
    0x080025b4   0x080025b4   0x000000e8   Code   RO         2339    i.MC_StartMotor     6step_lib.o
    0x0800269c   0x0800269c   0x0000005c   Code   RO         2340    i.MC_StopMotor      6step_lib.o
    0x080026f8   0x080026f8   0x0000005c   Code   RO         2341    i.MC_SysTick_SixStep_MediumFrequencyTask  6step_lib.o
    0x08002754   0x08002754   0x000000d0   Code   RO         2342    i.MC_TIMx_SixStep_CommutationEvent  6step_lib.o
    0x08002824   0x08002824   0x00000014   Code   RO         2343    i.MC_TIMx_SixStep_timebase  6step_lib.o
    0x08002838   0x08002838   0x0000005c   Code   RO         2344    i.MC_Task_Speed     6step_lib.o
    0x08002894   0x08002894   0x00000088   Code   RO         2513    i.MX_GPIO_Init      main_32f0.o
    0x0800291c   0x0800291c   0x0000009c   Code   RO         2514    i.MX_HF_TIMx_Init   main_32f0.o
    0x080029b8   0x080029b8   0x00000060   Code   RO         2515    i.MX_REFx_Init      main_32f0.o
    0x08002a18   0x08002a18   0x00000038   Code   RO         2516    i.MX_SPI1_Init      main_32f0.o
    0x08002a50   0x08002a50   0x00000012   Code   RO           12    i.Overcurrent_Selection  stspin32f0.o
    0x08002a62   0x08002a62   0x00000002   PAD
    0x08002a64   0x08002a64   0x00000044   Code   RO           13    i.Overcurrent_Threshold_Setvalue  stspin32f0.o
    0x08002aa8   0x08002aa8   0x00000010   Code   RO         2662    i.SPI1_IRQHandler   stspin32f0_it.o
    0x08002ab8   0x08002ab8   0x000000cc   Code   RO         2736    i.SPI_Communication_Task  spi_ui.o
    0x08002b84   0x08002b84   0x00000022   Code   RO         1968    i.SPI_DMAError      stm32f0xx_hal_spi.o
    0x08002ba6   0x08002ba6   0x0000000a   Code   RO         1969    i.SPI_DMAHalfReceiveCplt  stm32f0xx_hal_spi.o
    0x08002bb0   0x08002bb0   0x0000000a   Code   RO         1971    i.SPI_DMAHalfTransmitReceiveCplt  stm32f0xx_hal_spi.o
    0x08002bba   0x08002bba   0x00000002   PAD
    0x08002bbc   0x08002bbc   0x000000c0   Code   RO         1972    i.SPI_DMAReceiveCplt  stm32f0xx_hal_spi.o
    0x08002c7c   0x08002c7c   0x000000b4   Code   RO         1974    i.SPI_DMATransmitReceiveCplt  stm32f0xx_hal_spi.o
    0x08002d30   0x08002d30   0x0000005a   Code   RO         1975    i.SPI_EndRxTransaction  stm32f0xx_hal_spi.o
    0x08002d8a   0x08002d8a   0x00000002   PAD
    0x08002d8c   0x08002d8c   0x000000a4   Code   RO         1982    i.SPI_WaitFifoStateUntilTimeout  stm32f0xx_hal_spi.o
    0x08002e30   0x08002e30   0x00000090   Code   RO         1983    i.SPI_WaitFlagStateUntilTimeout  stm32f0xx_hal_spi.o
    0x08002ec0   0x08002ec0   0x00000098   Code   RO         2890    i.SetSysClock       system_stm32f0xx.o
    0x08002f58   0x08002f58   0x0000000c   Code   RO         2663    i.SysTick_Handler   stspin32f0_it.o
    0x08002f64   0x08002f64   0x0000004c   Code   RO         2517    i.SystemClock_Config  main_32f0.o
    0x08002fb0   0x08002fb0   0x00000060   Code   RO         2892    i.SystemInit        system_stm32f0xx.o
    0x08003010   0x08003010   0x00000010   Code   RO         2664    i.TIM1_BRK_UP_TRG_COM_IRQHandler  stspin32f0_it.o
    0x08003020   0x08003020   0x00000010   Code   RO         2665    i.TIM2_IRQHandler   stspin32f0_it.o
    0x08003030   0x08003030   0x00000010   Code   RO         2666    i.TIM3_IRQHandler   stspin32f0_it.o
    0x08003040   0x08003040   0x0000007c   Code   RO         1115    i.TIM_Base_SetConfig  stm32f0xx_hal_tim.o
    0x080030bc   0x080030bc   0x00000016   Code   RO         1116    i.TIM_CCxChannelCmd  stm32f0xx_hal_tim.o
    0x080030d2   0x080030d2   0x00000016   Code   RO         1691    i.TIM_CCxNChannelCmd  stm32f0xx_hal_tim_ex.o
    0x080030e8   0x080030e8   0x00000016   Code   RO         1119    i.TIM_ETR_SetConfig  stm32f0xx_hal_tim.o
    0x080030fe   0x080030fe   0x00000002   PAD
    0x08003100   0x08003100   0x00000078   Code   RO         1121    i.TIM_OC1_SetConfig  stm32f0xx_hal_tim.o
    0x08003178   0x08003178   0x00000074   Code   RO         1122    i.TIM_OC2_SetConfig  stm32f0xx_hal_tim.o
    0x080031ec   0x080031ec   0x00000078   Code   RO         1123    i.TIM_OC3_SetConfig  stm32f0xx_hal_tim.o
    0x08003264   0x08003264   0x00000060   Code   RO         1124    i.TIM_OC4_SetConfig  stm32f0xx_hal_tim.o
    0x080032c4   0x080032c4   0x0000007a   Code   RO         1125    i.TIM_SlaveTimer_SetConfig  stm32f0xx_hal_tim.o
    0x0800333e   0x0800333e   0x00000022   Code   RO         1126    i.TIM_TI1_ConfigInputStage  stm32f0xx_hal_tim.o
    0x08003360   0x08003360   0x0000004c   Code   RO         1127    i.TIM_TI1_SetConfig  stm32f0xx_hal_tim.o
    0x080033ac   0x080033ac   0x00000026   Code   RO         1128    i.TIM_TI2_ConfigInputStage  stm32f0xx_hal_tim.o
    0x080033d2   0x080033d2   0x00000002   Code   RO         2667    i.USART1_IRQHandler  stspin32f0_it.o
    0x080033d4   0x080033d4   0x0000001a   Code   RO         1647    i.__ARM_common_switch8  stm32f0xx_hal_tim.o
    0x080033ee   0x080033ee   0x00000002   PAD
    0x080033f0   0x080033f0   0x00000044   Code   RO          513    i.__NVIC_SetPriority  stm32f0xx_hal_cortex.o
    0x08003434   0x08003434   0x00000090   Code   RO         2518    i.main              main_32f0.o
    0x080034c4   0x080034c4   0x00000040   Code   RO         2738    i.referenceToCurrent  spi_ui.o
    0x08003504   0x08003504   0x00000088   Code   RO         2345    i.speedToThrust     6step_lib.o
    0x0800358c   0x0800358c   0x00000048   Code   RO         2948    i.sqrt              m_ps.l(sqrt.o)
    0x080035d4   0x080035d4   0x0000000c   Code   RO         2346    i.thrustToDirection  6step_lib.o
    0x080035e0   0x080035e0   0x00000068   Code   RO         2347    i.thrustToSpeed     6step_lib.o
    0x08003648   0x08003648   0x00000000   Code   RO         2970    x$fpl$usenofp       fz_ps.l(usenofp.o)
    0x08003648   0x08003648   0x00000010   Data   RO          897    .constdata          stm32f0xx_hal_rcc.o
    0x08003658   0x08003658   0x00000020   Data   RO          984    .constdata          stm32f0xx_hal_rcc_ex.o
    0x08003678   0x08003678   0x00000020   Data   RO         3144    Region$$Table       anon$$obj.o


    Execution Region RW_IRAM1 (Exec base: 0x20000000, Load base: 0x08003698, Size: 0x00000a28, Max: 0x00001000, ABSOLUTE)

    Exec Addr    Load Addr    Size         Type   Attr      Idx    E Section Name        Object

    0x20000000   0x08003698   0x00000030   Data   RW           18    .data               stspin32f0.o
    0x20000030   0x080036c8   0x00000040   Data   RW         2356    .data               6step_lib.o
    0x20000070   0x08003708   0x00000001   Data   RW         2742    .data               spi_ui.o
    0x20000071   0x08003709   0x00000003   PAD
    0x20000074   0x0800370c   0x00000014   Data   RW         2893    .data               system_stm32f0xx.o
    0x20000088        -       0x00000084   Zero   RW           14    .bss                stspin32f0.o
    0x2000010c        -       0x0000003c   Zero   RW           15    .bss                stspin32f0.o
    0x20000148        -       0x0000003c   Zero   RW           16    .bss                stspin32f0.o
    0x20000184        -       0x00000064   Zero   RW           17    .bss                stspin32f0.o
    0x200001e8        -       0x0000012c   Zero   RW         2348    .bss                6step_lib.o
    0x20000314        -       0x00000014   Zero   RW         2519    .bss                main_32f0.o
    0x20000328        -       0x00000038   Zero   RW         2520    .bss                main_32f0.o
    0x20000360        -       0x00000038   Zero   RW         2521    .bss                main_32f0.o
    0x20000398        -       0x0000002c   Zero   RW         2740    .bss                spi_ui.o
    0x200003c4        -       0x00000060   Zero   RW         2996    .bss                c_p.l(libspace.o)
    0x20000424   0x08003720   0x00000004   PAD
    0x20000428        -       0x00000200   Zero   RW         2882    HEAP                startup_stm32f031.o
    0x20000628        -       0x00000400   Zero   RW         2881    STACK               startup_stm32f031.o


==============================================================================

Image component sizes


      Code (inc. data)   RO Data    RW Data    ZI Data      Debug   Object Name

      2300        330          0         64        300      19089   6step_lib.o
       664         72          0          0        132       6274   main_32f0.o
       164         60          0          0          0       7881   rov_r1.o
       268         42          0          1         44       2628   spi_ui.o
       116         56        176          0       1536        748   startup_stm32f031.o
        66          6          0          0          0       1322   stm32f0xx_hal.o
       156         24          0          0          0      10662   stm32f0xx_hal_cortex.o
       660         12          0          0          0       4047   stm32f0xx_hal_dma.o
       330         22          0          0          0       3355   stm32f0xx_hal_gpio.o
       378         26          0          0          0       4467   stm32f0xx_hal_iwdg.o
        40         14         16          0          0       1705   stm32f0xx_hal_rcc.o
      1284         40         32          0          0       4718   stm32f0xx_hal_rcc_ex.o
      1630         56          0          0          0      15047   stm32f0xx_hal_spi.o
      1818        118          0          0          0      18417   stm32f0xx_hal_tim.o
       636         16          0          0          0       7874   stm32f0xx_hal_tim_ex.o
       426         42          0         48        352     184172   stspin32f0.o
       636         62          0          0          0       6327   stspin32f0_hal_msp.o
       106         32          0          0          0       4695   stspin32f0_it.o
       248         24          0         20          0       2105   system_stm32f0xx.o
         0          0          0          0          0       2456   uart_ui.o

    ----------------------------------------------------------------------
     11960       1054        256        136       2364     307989   Object Totals
         0          0         32          0          0          0   (incl. Generated)
        34          0          0          3          0          0   (incl. Padding)

    ----------------------------------------------------------------------

      Code (inc. data)   RO Data    RW Data    ZI Data      Debug   Library Member Name

         8          0          0          0          0         68   __main.o
         0          0          0          0          0          0   __rtentry.o
        12          0          0          0          0          0   __rtentry2.o
         6          0          0          0          0          0   __rtentry4.o
        60          8          0          0          0          0   __scatter.o
        26          0          0          0          0          0   __scatter_copy.o
        28          0          0          0          0          0   __scatter_zi.o
        22          0          0          0          0         92   _rserrno.o
       346          0          0          0          0         92   aeabi_sdiv.o
        16          0          0          0          0         68   exit.o
         6          0          0          0          0        136   heapauxi.o
         0          0          0          0          0          0   indicate_semi.o
         2          0          0          0          0          0   libinit.o
         2          0          0          0          0          0   libinit2.o
         2          0          0          0          0          0   libshutdown.o
         2          0          0          0          0          0   libshutdown2.o
         8          4          0          0         96         68   libspace.o
         8          4          0          0          0         68   rt_errno_addr_intlibspace.o
         2          0          0          0          0          0   rtexit.o
        10          0          0          0          0          0   rtexit2.o
        12          4          0          0          0         60   sys_exit.o
        62          0          0          0          0         80   sys_stackheap_outer.o
         2          0          0          0          0         68   use_no_semi.o
       108         10          0          0          0         72   dfixi.o
        88          0          0          0          0         92   dflti.o
       584         26          0          0          0         84   dmul.o
       256          8          0          0          0         76   dsqrt.o
         0          0          0          0          0          0   usenofp.o
        72          6          0          0          0         76   sqrt.o

    ----------------------------------------------------------------------
      1760         70          0          0        100       1200   Library Totals
        10          0          0          0          4          0   (incl. Padding)

    ----------------------------------------------------------------------

      Code (inc. data)   RO Data    RW Data    ZI Data      Debug   Library Name

       642         20          0          0         96        800   c_p.l
      1036         44          0          0          0        324   fz_ps.l
        72          6          0          0          0         76   m_ps.l

    ----------------------------------------------------------------------
      1760         70          0          0        100       1200   Library Totals

    ----------------------------------------------------------------------

==============================================================================


      Code (inc. data)   RO Data    RW Data    ZI Data      Debug   

     13720       1124        256        136       2464     302393   Grand Totals
     13720       1124        256        136       2464     302393   ELF Image Totals
     13720       1124        256        136          0          0   ROM Totals

==============================================================================

    Total RO  Size (Code + RO Data)                13976 (  13.65kB)
    Total RW  Size (RW Data + ZI Data)              2600 (   2.54kB)
    Total ROM Size (Code + RO Data + RW Data)      14112 (  13.78kB)

==============================================================================

