Component: ARM Compiler 5.06 update 5 (build 528) Tool: armlink [4d35e2]

==============================================================================

Section Cross References

    stspin32f0.o(i.ADC_Channel) refers to stspin32f0.o(.bss) for .bss
    stspin32f0.o(i.DisableInput_CH1_D_CH2_D_CH3_D) refers to stm32f0xx_hal_tim.o(i.HAL_TIM_PWM_Stop) for HAL_TIM_PWM_Stop
    stspin32f0.o(i.DisableInput_CH1_D_CH2_D_CH3_D) refers to stm32f0xx_hal_tim_ex.o(i.HAL_TIMEx_PWMN_Stop) for HAL_TIMEx_PWMN_Stop
    stspin32f0.o(i.DisableInput_CH1_D_CH2_D_CH3_D) refers to stspin32f0.o(.bss) for .bss
    stspin32f0.o(i.EnableInput_CH1_D_CH2_E_CH3_E) refers to stm32f0xx_hal_tim.o(i.HAL_TIM_PWM_Stop) for HAL_TIM_PWM_Stop
    stspin32f0.o(i.EnableInput_CH1_D_CH2_E_CH3_E) refers to stm32f0xx_hal_tim_ex.o(i.HAL_TIMEx_PWMN_Stop) for HAL_TIMEx_PWMN_Stop
    stspin32f0.o(i.EnableInput_CH1_D_CH2_E_CH3_E) refers to stm32f0xx_hal_tim.o(i.HAL_TIM_PWM_Start) for HAL_TIM_PWM_Start
    stspin32f0.o(i.EnableInput_CH1_D_CH2_E_CH3_E) refers to stm32f0xx_hal_tim_ex.o(i.HAL_TIMEx_PWMN_Start) for HAL_TIMEx_PWMN_Start
    stspin32f0.o(i.EnableInput_CH1_D_CH2_E_CH3_E) refers to stspin32f0.o(.bss) for .bss
    stspin32f0.o(i.EnableInput_CH1_E_CH2_D_CH3_E) refers to stm32f0xx_hal_tim.o(i.HAL_TIM_PWM_Start) for HAL_TIM_PWM_Start
    stspin32f0.o(i.EnableInput_CH1_E_CH2_D_CH3_E) refers to stm32f0xx_hal_tim_ex.o(i.HAL_TIMEx_PWMN_Start) for HAL_TIMEx_PWMN_Start
    stspin32f0.o(i.EnableInput_CH1_E_CH2_D_CH3_E) refers to stm32f0xx_hal_tim.o(i.HAL_TIM_PWM_Stop) for HAL_TIM_PWM_Stop
    stspin32f0.o(i.EnableInput_CH1_E_CH2_D_CH3_E) refers to stm32f0xx_hal_tim_ex.o(i.HAL_TIMEx_PWMN_Stop) for HAL_TIMEx_PWMN_Stop
    stspin32f0.o(i.EnableInput_CH1_E_CH2_D_CH3_E) refers to stspin32f0.o(.bss) for .bss
    stspin32f0.o(i.EnableInput_CH1_E_CH2_E_CH3_D) refers to stm32f0xx_hal_tim.o(i.HAL_TIM_PWM_Start) for HAL_TIM_PWM_Start
    stspin32f0.o(i.EnableInput_CH1_E_CH2_E_CH3_D) refers to stm32f0xx_hal_tim_ex.o(i.HAL_TIMEx_PWMN_Start) for HAL_TIMEx_PWMN_Start
    stspin32f0.o(i.EnableInput_CH1_E_CH2_E_CH3_D) refers to stm32f0xx_hal_tim.o(i.HAL_TIM_PWM_Stop) for HAL_TIM_PWM_Stop
    stspin32f0.o(i.EnableInput_CH1_E_CH2_E_CH3_D) refers to stm32f0xx_hal_tim_ex.o(i.HAL_TIMEx_PWMN_Stop) for HAL_TIMEx_PWMN_Stop
    stspin32f0.o(i.EnableInput_CH1_E_CH2_E_CH3_D) refers to stspin32f0.o(.bss) for .bss
    stspin32f0.o(i.HF_TIMx_SetDutyCycle) refers to stspin32f0.o(.bss) for .bss
    stspin32f0.o(i.HF_TIMx_SetDutyCycle_CH1) refers to stspin32f0.o(.bss) for .bss
    stspin32f0.o(i.HF_TIMx_SetDutyCycle_CH2) refers to stspin32f0.o(.bss) for .bss
    stspin32f0.o(i.HF_TIMx_SetDutyCycle_CH3) refers to stspin32f0.o(.bss) for .bss
    stspin32f0.o(i.Overcurrent_Selection) refers to stm32f0xx_hal_gpio.o(i.HAL_GPIO_WritePin) for HAL_GPIO_WritePin
    stspin32f0.o(i.Overcurrent_Threshold_Setvalue) refers to stm32f0xx_hal_gpio.o(i.HAL_GPIO_WritePin) for HAL_GPIO_WritePin
    stspin32f0.o(.data) refers to stspin32f0.o(i.EnableInput_CH1_E_CH2_E_CH3_D) for EnableInput_CH1_E_CH2_E_CH3_D
    stspin32f0.o(.data) refers to stspin32f0.o(i.EnableInput_CH1_E_CH2_D_CH3_E) for EnableInput_CH1_E_CH2_D_CH3_E
    stspin32f0.o(.data) refers to stspin32f0.o(i.EnableInput_CH1_D_CH2_E_CH3_E) for EnableInput_CH1_D_CH2_E_CH3_E
    stspin32f0.o(.data) refers to stspin32f0.o(i.DisableInput_CH1_D_CH2_D_CH3_D) for DisableInput_CH1_D_CH2_D_CH3_D
    stspin32f0.o(.data) refers to stspin32f0.o(i.HF_TIMx_SetDutyCycle_CH1) for HF_TIMx_SetDutyCycle_CH1
    stspin32f0.o(.data) refers to stspin32f0.o(i.HF_TIMx_SetDutyCycle_CH2) for HF_TIMx_SetDutyCycle_CH2
    stspin32f0.o(.data) refers to stspin32f0.o(i.HF_TIMx_SetDutyCycle_CH3) for HF_TIMx_SetDutyCycle_CH3
    stspin32f0.o(.data) refers to stspin32f0.o(i.HF_TIMx_SetDutyCycle) for HF_TIMx_SetDutyCycle
    stspin32f0.o(.data) refers to stspin32f0.o(i.Overcurrent_Selection) for Overcurrent_Selection
    stspin32f0.o(.data) refers to stspin32f0.o(i.Overcurrent_Threshold_Setvalue) for Overcurrent_Threshold_Setvalue
    stspin32f0.o(.data) refers to stspin32f0.o(i.ADC_Channel) for ADC_Channel
    stm32f0xx_hal.o(i.HAL_DeInit) refers to stm32f0xx_hal.o(i.HAL_MspDeInit) for HAL_MspDeInit
    stm32f0xx_hal.o(i.HAL_Delay) refers to 6step_lib.o(i.HAL_GetTick) for HAL_GetTick
    stm32f0xx_hal.o(i.HAL_GetTick) refers to stm32f0xx_hal.o(.data) for .data
    stm32f0xx_hal.o(i.HAL_IncTick) refers to stm32f0xx_hal.o(.data) for .data
    stm32f0xx_hal.o(i.HAL_Init) refers to stm32f0xx_hal.o(i.HAL_InitTick) for HAL_InitTick
    stm32f0xx_hal.o(i.HAL_Init) refers to stspin32f0_hal_msp.o(i.HAL_MspInit) for HAL_MspInit
    stm32f0xx_hal.o(i.HAL_InitTick) refers to stm32f0xx_hal_rcc.o(i.HAL_RCC_GetHCLKFreq) for HAL_RCC_GetHCLKFreq
    stm32f0xx_hal.o(i.HAL_InitTick) refers to aeabi_sdiv.o(.text) for __aeabi_uidivmod
    stm32f0xx_hal.o(i.HAL_InitTick) refers to stm32f0xx_hal_cortex.o(i.HAL_SYSTICK_Config) for HAL_SYSTICK_Config
[...]
    ../clib/angel/rt.s                       0x00000000   Number         0  aeabi_idiv0.o ABSOLUTE
    ../clib/angel/scatterp.s                 0x00000000   Number         0  __scatter.o ABSOLUTE
    ../clib/angel/startup.s                  0x00000000   Number         0  __main.o ABSOLUTE
    ../clib/angel/sys.s                      0x00000000   Number         0  indicate_semi.o ABSOLUTE
    ../clib/angel/sys.s                      0x00000000   Number         0  sys_stackheap_outer.o ABSOLUTE
    ../clib/angel/sys.s                      0x00000000   Number         0  tempstk.o ABSOLUTE
    ../clib/angel/sys.s                      0x00000000   Number         0  libspace.o ABSOLUTE
    ../clib/angel/sys.s                      0x00000000   Number         0  use_no_semi.o ABSOLUTE
    ../clib/angel/sysapp.c                   0x00000000   Number         0  sys_wrch.o ABSOLUTE
    ../clib/angel/sysapp.c                   0x00000000   Number         0  sys_command.o ABSOLUTE
    ../clib/angel/sysapp.c                   0x00000000   Number         0  sys_exit.o ABSOLUTE
    ../clib/armsys.c                         0x00000000   Number         0  _get_argv_nomalloc.o ABSOLUTE
    ../clib/armsys.c                         0x00000000   Number         0  argv_veneer.o ABSOLUTE
    ../clib/armsys.c                         0x00000000   Number         0  no_argv.o ABSOLUTE
    ../clib/division.c                       0x00000000   Number         0  lludiv.o ABSOLUTE
    ../clib/division.s                       0x00000000   Number         0  aeabi_sdiv.o ABSOLUTE
    ../clib/division.s                       0x00000000   Number         0  aeabi_sdiv_div0.o ABSOLUTE
    ../clib/heapalloc.c                      0x00000000   Number         0  hrguard.o ABSOLUTE
    ../clib/heapaux.c                        0x00000000   Number         0  heapauxi.o ABSOLUTE
    ../clib/libinit.s                        0x00000000   Number         0  libshutdown.o ABSOLUTE
    ../clib/libinit.s                        0x00000000   Number         0  libinit2.o ABSOLUTE
    ../clib/libinit.s                        0x00000000   Number         0  libshutdown2.o ABSOLUTE
    ../clib/libinit.s                        0x00000000   Number         0  libinit.o ABSOLUTE
    ../clib/longlong.c                       0x00000000   Number         0  llushr.o ABSOLUTE
    ../clib/longlong.c                       0x00000000   Number         0  llshl.o ABSOLUTE
    ../clib/signal.c                         0x00000000   Number         0  defsig_fpe_outer.o ABSOLUTE
    ../clib/signal.c                         0x00000000   Number         0  defsig_stak_inner.o ABSOLUTE
    ../clib/signal.c                         0x00000000   Number         0  defsig_rtmem_outer.o ABSOLUTE
    ../clib/signal.c                         0x00000000   Number         0  defsig_rtmem_inner.o ABSOLUTE
    ../clib/signal.c                         0x00000000   Number         0  defsig_pvfn_inner.o ABSOLUTE
    ../clib/signal.c                         0x00000000   Number         0  defsig_rtred_inner.o ABSOLUTE
    ../clib/signal.c                         0x00000000   Number         0  defsig_abrt_inner.o ABSOLUTE
    ../clib/signal.c                         0x00000000   Number         0  defsig_general.o ABSOLUTE
    ../clib/signal.c                         0x00000000   Number         0  defsig_rtmem_formal.o ABSOLUTE
    ../clib/signal.c                         0x00000000   Number         0  defsig_exit.o ABSOLUTE
    ../clib/signal.c                         0x00000000   Number         0  defsig_fpe_inner.o ABSOLUTE
    ../clib/signal.c                         0x00000000   Number         0  __raise.o ABSOLUTE
    ../clib/signal.c                         0x00000000   Number         0  defsig_other.o ABSOLUTE
    ../clib/signal.c                         0x00000000   Number         0  defsig_segv_inner.o ABSOLUTE
    ../clib/signal.c                         0x00000000   Number         0  defsig_cppl_inner.o ABSOLUTE
    ../clib/signal.c                         0x00000000   Number         0  defsig_fpe_formal.o ABSOLUTE
    ../clib/signal.s                         0x00000000   Number         0  defsig.o ABSOLUTE
    ../clib/stdlib.c                         0x00000000   Number         0  exit.o ABSOLUTE
    ../fplib/cfplib/fpinit.c                 0x00000000   Number         0  fpinit.o ABSOLUTE
    ..\..\..\..\..\..\..\Drivers\BSP\Components\stspin32f0\stspin32f0.c 0x00000000   Number         0  stspin32f0.o ABSOLUTE
    ..\..\..\..\..\..\..\Drivers\BSP\ROV\ROV_R1.c 0x00000000   Number         0  rov_r1.o ABSOLUTE
    ..\..\..\..\..\..\..\Drivers\STM32F0xx_HAL_Driver\Src\stm32f0xx_hal.c 0x00000000   Number         0  stm32f0xx_hal.o ABSOLUTE
    ..\..\..\..\..\..\..\Drivers\STM32F0xx_HAL_Driver\Src\stm32f0xx_hal_adc.c 0x00000000   Number         0  stm32f0xx_hal_adc.o ABSOLUTE
    ..\..\..\..\..\..\..\Drivers\STM32F0xx_HAL_Driver\Src\stm32f0xx_hal_adc_ex.c 0x00000000   Number         0  stm32f0xx_hal_adc_ex.o ABSOLUTE
    ..\..\..\..\..\..\..\Drivers\STM32F0xx_HAL_Driver\Src\stm32f0xx_hal_cortex.c 0x00000000   Number         0  stm32f0xx_hal_cortex.o ABSOLUTE
    ..\..\..\..\..\..\..\Drivers\STM32F0xx_HAL_Driver\Src\stm32f0xx_hal_dma.c 0x00000000   Number         0  stm32f0xx_hal_dma.o ABSOLUTE
    ..\..\..\..\..\..\..\Drivers\STM32F0xx_HAL_Driver\Src\stm32f0xx_hal_flash.c 0x00000000   Number         0  stm32f0xx_hal_flash.o ABSOLUTE
    ..\..\..\..\..\..\..\Drivers\STM32F0xx_HAL_Driver\Src\stm32f0xx_hal_flash_ex.c 0x00000000   Number         0  stm32f0xx_hal_flash_ex.o ABSOLUTE
    ..\..\..\..\..\..\..\Drivers\STM32F0xx_HAL_Driver\Src\stm32f0xx_hal_gpio.c 0x00000000   Number         0  stm32f0xx_hal_gpio.o ABSOLUTE
    ..\..\..\..\..\..\..\Drivers\STM32F0xx_HAL_Driver\Src\stm32f0xx_hal_rcc.c 0x00000000   Number         0  stm32f0xx_hal_rcc.o ABSOLUTE
    ..\..\..\..\..\..\..\Drivers\STM32F0xx_HAL_Driver\Src\stm32f0xx_hal_rcc_ex.c 0x00000000   Number         0  stm32f0xx_hal_rcc_ex.o ABSOLUTE
    ..\..\..\..\..\..\..\Drivers\STM32F0xx_HAL_Driver\Src\stm32f0xx_hal_spi.c 0x00000000   Number         0  stm32f0xx_hal_spi.o ABSOLUTE
    ..\..\..\..\..\..\..\Drivers\STM32F0xx_HAL_Driver\Src\stm32f0xx_hal_tim.c 0x00000000   Number         0  stm32f0xx_hal_tim.o ABSOLUTE
    ..\..\..\..\..\..\..\Drivers\STM32F0xx_HAL_Driver\Src\stm32f0xx_hal_tim_ex.c 0x00000000   Number         0  stm32f0xx_hal_tim_ex.o ABSOLUTE
    ..\..\..\..\..\..\..\Drivers\STM32F0xx_HAL_Driver\Src\stm32f0xx_hal_uart.c 0x00000000   Number         0  stm32f0xx_hal_uart.o ABSOLUTE
    ..\..\..\..\..\..\..\Drivers\STM32F0xx_HAL_Driver\Src\stm32f0xx_hal_uart_ex.c 0x00000000   Number         0  stm32f0xx_hal_uart_ex.o ABSOLUTE
    ..\..\..\..\..\..\..\Drivers\STM32F0xx_HAL_Driver\Src\stm32f0xx_hal_usart.c 0x00000000   Number         0  stm32f0xx_hal_usart.o ABSOLUTE
    ..\..\..\..\..\..\..\Middlewares\ST\MC_6Step_Lib\Src\6Step_Lib.c 0x00000000   Number         0  6step_lib.o ABSOLUTE
    ..\..\..\..\..\..\..\Middlewares\ST\UART_serial_com\Src\UART_UI.c 0x00000000   Number         0  uart_ui.o ABSOLUTE
    ..\..\Src\SPI_UI.c                       0x00000000   Number         0  spi_ui.o ABSOLUTE
    ..\..\Src\main_32F0.c                    0x00000000   Number         0  main_32f0.o ABSOLUTE
    ..\..\Src\stspin32f0_hal_msp.c           0x00000000   Number         0  stspin32f0_hal_msp.o ABSOLUTE
    ..\..\Src\stspin32f0_it.c                0x00000000   Number         0  stspin32f0_it.o ABSOLUTE
    ..\\..\\..\\..\\..\\..\\..\\Drivers\\BSP\\Components\\stspin32f0\\stspin32f0.c 0x00000000   Number         0  stspin32f0.o ABSOLUTE
    ..\\..\\..\\..\\..\\..\\..\\Drivers\\BSP\\ROV\\ROV_R1.c 0x00000000   Number         0  rov_r1.o ABSOLUTE
    ..\\..\\..\\..\\..\\..\\..\\Drivers\\STM32F0xx_HAL_Driver\\Src\\stm32f0xx_hal.c 0x00000000   Number         0  stm32f0xx_hal.o ABSOLUTE
    ..\\..\\..\\..\\..\\..\\..\\Drivers\\STM32F0xx_HAL_Driver\\Src\\stm32f0xx_hal_adc.c 0x00000000   Number         0  stm32f0xx_hal_adc.o ABSOLUTE
    ..\\..\\..\\..\\..\\..\\..\\Drivers\\STM32F0xx_HAL_Driver\\Src\\stm32f0xx_hal_adc_ex.c 0x00000000   Number         0  stm32f0xx_hal_adc_ex.o ABSOLUTE
    ..\\..\\..\\..\\..\\..\\..\\Drivers\\STM32F0xx_HAL_Driver\\Src\\stm32f0xx_hal_cortex.c 0x00000000   Number         0  stm32f0xx_hal_cortex.o ABSOLUTE
    ..\\..\\..\\..\\..\\..\\..\\Drivers\\STM32F0xx_HAL_Driver\\Src\\stm32f0xx_hal_dma.c 0x00000000   Number         0  stm32f0xx_hal_dma.o ABSOLUTE
    ..\\..\\..\\..\\..\\..\\..\\Drivers\\STM32F0xx_HAL_Driver\\Src\\stm32f0xx_hal_flash.c 0x00000000   Number         0  stm32f0xx_hal_flash.o ABSOLUTE
    ..\\..\\..\\..\\..\\..\\..\\Drivers\\STM32F0xx_HAL_Driver\\Src\\stm32f0xx_hal_flash_ex.c 0x00000000   Number         0  stm32f0xx_hal_flash_ex.o ABSOLUTE
    ..\\..\\..\\..\\..\\..\\..\\Drivers\\STM32F0xx_HAL_Driver\\Src\\stm32f0xx_hal_gpio.c 0x00000000   Number         0  stm32f0xx_hal_gpio.o ABSOLUTE
    ..\\..\\..\\..\\..\\..\\..\\Drivers\\STM32F0xx_HAL_Driver\\Src\\stm32f0xx_hal_rcc.c 0x00000000   Number         0  stm32f0xx_hal_rcc.o ABSOLUTE
    ..\\..\\..\\..\\..\\..\\..\\Drivers\\STM32F0xx_HAL_Driver\\Src\\stm32f0xx_hal_rcc_ex.c 0x00000000   Number         0  stm32f0xx_hal_rcc_ex.o ABSOLUTE
    ..\\..\\..\\..\\..\\..\\..\\Drivers\\STM32F0xx_HAL_Driver\\Src\\stm32f0xx_hal_spi.c 0x00000000   Number         0  stm32f0xx_hal_spi.o ABSOLUTE
    ..\\..\\..\\..\\..\\..\\..\\Drivers\\STM32F0xx_HAL_Driver\\Src\\stm32f0xx_hal_tim.c 0x00000000   Number         0  stm32f0xx_hal_tim.o ABSOLUTE
    ..\\..\\..\\..\\..\\..\\..\\Drivers\\STM32F0xx_HAL_Driver\\Src\\stm32f0xx_hal_tim_ex.c 0x00000000   Number         0  stm32f0xx_hal_tim_ex.o ABSOLUTE
    ..\\..\\..\\..\\..\\..\\..\\Drivers\\STM32F0xx_HAL_Driver\\Src\\stm32f0xx_hal_uart.c 0x00000000   Number         0  stm32f0xx_hal_uart.o ABSOLUTE
    ..\\..\\..\\..\\..\\..\\..\\Drivers\\STM32F0xx_HAL_Driver\\Src\\stm32f0xx_hal_uart_ex.c 0x00000000   Number         0  stm32f0xx_hal_uart_ex.o ABSOLUTE
    ..\\..\\..\\..\\..\\..\\..\\Drivers\\STM32F0xx_HAL_Driver\\Src\\stm32f0xx_hal_usart.c 0x00000000   Number         0  stm32f0xx_hal_usart.o ABSOLUTE
    ..\\..\\..\\..\\..\\..\\..\\Middlewares\\ST\\MC_6Step_Lib\\Src\\6Step_Lib.c 0x00000000   Number         0  6step_lib.o ABSOLUTE
    ..\\..\\..\\..\\..\\..\\..\\Middlewares\\ST\\UART_serial_com\\Src\\UART_UI.c 0x00000000   Number         0  uart_ui.o ABSOLUTE
    ..\\..\\Src\\SPI_UI.c                    0x00000000   Number         0  spi_ui.o ABSOLUTE
    ..\\..\\Src\\main_32F0.c                 0x00000000   Number         0  main_32f0.o ABSOLUTE
    ..\\..\\Src\\stspin32f0_hal_msp.c        0x00000000   Number         0  stspin32f0_hal_msp.o ABSOLUTE
    ..\\..\\Src\\stspin32f0_it.c             0x00000000   Number         0  stspin32f0_it.o ABSOLUTE
    RTE\Device\STM32F031C6\startup_stm32f031.s 0x00000000   Number         0  startup_stm32f031.o ABSOLUTE
    RTE\Device\STM32F031C6\system_stm32f0xx.c 0x00000000   Number         0  system_stm32f0xx.o ABSOLUTE
    RTE\\Device\\STM32F031C6\\system_stm32f0xx.c 0x00000000   Number         0  system_stm32f0xx.o ABSOLUTE
    dc.s                                     0x00000000   Number         0  dc.o ABSOLUTE
    RESET                                    0x08000000   Section      176  startup_stm32f031.o(RESET)
    !!!main                                  0x080000b0   Section        8  __main.o(!!!main)
    !!!scatter                               0x080000b8   Section       60  __scatter.o(!!!scatter)
    !!handler_copy                           0x080000f4   Section       26  __scatter_copy.o(!!handler_copy)
    !!handler_zi                             0x08000110   Section       28  __scatter_zi.o(!!handler_zi)
    .ARM.Collect$$libinit$$00000000          0x0800012c   Section        2  libinit.o(.ARM.Collect$$libinit$$00000000)
    .ARM.Collect$$libinit$$00000002          0x0800012e   Section        0  libinit2.o(.ARM.Collect$$libinit$$00000002)
    .ARM.Collect$$libinit$$00000004          0x0800012e   Section        0  libinit2.o(.ARM.Collect$$libinit$$00000004)
    .ARM.Collect$$libinit$$0000000A          0x0800012e   Section        0  libinit2.o(.ARM.Collect$$libinit$$0000000A)
    .ARM.Collect$$libinit$$0000000C          0x0800012e   Section        0  libinit2.o(.ARM.Collect$$libinit$$0000000C)
    .ARM.Collect$$libinit$$0000000E          0x0800012e   Section        0  libinit2.o(.ARM.Collect$$libinit$$0000000E)
    .ARM.Collect$$libinit$$00000011          0x0800012e   Section        0  libinit2.o(.ARM.Collect$$libinit$$00000011)
    .ARM.Collect$$libinit$$00000013          0x0800012e   Section        0  libinit2.o(.ARM.Collect$$libinit$$00000013)
    .ARM.Collect$$libinit$$00000015          0x0800012e   Section        0  libinit2.o(.ARM.Collect$$libinit$$00000015)
    .ARM.Collect$$libinit$$00000017          0x0800012e   Section        0  libinit2.o(.ARM.Collect$$libinit$$00000017)
    .ARM.Collect$$libinit$$00000019          0x0800012e   Section        0  libinit2.o(.ARM.Collect$$libinit$$00000019)
    .ARM.Collect$$libinit$$0000001B          0x0800012e   Section        0  libinit2.o(.ARM.Collect$$libinit$$0000001B)
    .ARM.Collect$$libinit$$0000001D          0x0800012e   Section        0  libinit2.o(.ARM.Collect$$libinit$$0000001D)
    .ARM.Collect$$libinit$$0000001F          0x0800012e   Section        0  libinit2.o(.ARM.Collect$$libinit$$0000001F)
    .ARM.Collect$$libinit$$00000021          0x0800012e   Section        0  libinit2.o(.ARM.Collect$$libinit$$00000021)
    .ARM.Collect$$libinit$$00000023          0x0800012e   Section        0  libinit2.o(.ARM.Collect$$libinit$$00000023)
    .ARM.Collect$$libinit$$00000025          0x0800012e   Section        0  libinit2.o(.ARM.Collect$$libinit$$00000025)
    .ARM.Collect$$libinit$$0000002C          0x0800012e   Section        0  libinit2.o(.ARM.Collect$$libinit$$0000002C)
    .ARM.Collect$$libinit$$0000002E          0x0800012e   Section        0  libinit2.o(.ARM.Collect$$libinit$$0000002E)
    .ARM.Collect$$libinit$$00000030          0x0800012e   Section        0  libinit2.o(.ARM.Collect$$libinit$$00000030)
    .ARM.Collect$$libinit$$00000032          0x0800012e   Section        0  libinit2.o(.ARM.Collect$$libinit$$00000032)
    .ARM.Collect$$libinit$$00000033          0x0800012e   Section        2  libinit2.o(.ARM.Collect$$libinit$$00000033)
    .ARM.Collect$$libshutdown$$00000000      0x08000130   Section        2  libshutdown.o(.ARM.Collect$$libshutdown$$00000000)
    .ARM.Collect$$libshutdown$$00000002      0x08000132   Section        0  libshutdown2.o(.ARM.Collect$$libshutdown$$00000002)
    .ARM.Collect$$libshutdown$$00000004      0x08000132   Section        0  libshutdown2.o(.ARM.Collect$$libshutdown$$00000004)
    .ARM.Collect$$libshutdown$$00000007      0x08000132   Section        0  libshutdown2.o(.ARM.Collect$$libshutdown$$00000007)
    .ARM.Collect$$libshutdown$$0000000A      0x08000132   Section        0  libshutdown2.o(.ARM.Collect$$libshutdown$$0000000A)
    .ARM.Collect$$libshutdown$$0000000C      0x08000132   Section        0  libshutdown2.o(.ARM.Collect$$libshutdown$$0000000C)
    .ARM.Collect$$libshutdown$$0000000F      0x08000132   Section        0  libshutdown2.o(.ARM.Collect$$libshutdown$$0000000F)
    .ARM.Collect$$libshutdown$$00000010      0x08000132   Section        2  libshutdown2.o(.ARM.Collect$$libshutdown$$00000010)
    .ARM.Collect$$rtentry$$00000000          0x08000134   Section        0  __rtentry.o(.ARM.Collect$$rtentry$$00000000)
    .ARM.Collect$$rtentry$$00000002          0x08000134   Section        0  __rtentry2.o(.ARM.Collect$$rtentry$$00000002)
    .ARM.Collect$$rtentry$$00000004          0x08000134   Section        6  __rtentry4.o(.ARM.Collect$$rtentry$$00000004)
    .ARM.Collect$$rtentry$$00000009          0x0800013a   Section        0  __rtentry2.o(.ARM.Collect$$rtentry$$00000009)
    .ARM.Collect$$rtentry$$0000000A          0x0800013a   Section        4  __rtentry2.o(.ARM.Collect$$rtentry$$0000000A)
    .ARM.Collect$$rtentry$$0000000C          0x0800013e   Section        0  __rtentry2.o(.ARM.Collect$$rtentry$$0000000C)
    .ARM.Collect$$rtentry$$0000000D          0x0800013e   Section        8  __rtentry2.o(.ARM.Collect$$rtentry$$0000000D)
    .ARM.Collect$$rtexit$$00000000           0x08000146   Section        2  rtexit.o(.ARM.Collect$$rtexit$$00000000)
    .ARM.Collect$$rtexit$$00000002           0x08000148   Section        0  rtexit2.o(.ARM.Collect$$rtexit$$00000002)
    .ARM.Collect$$rtexit$$00000003           0x08000148   Section        4  rtexit2.o(.ARM.Collect$$rtexit$$00000003)
    .ARM.Collect$$rtexit$$00000004           0x0800014c   Section        6  rtexit2.o(.ARM.Collect$$rtexit$$00000004)
    .text                                    0x08000154   Section      116  startup_stm32f031.o(.text)
    .text                                    0x080001c8   Section      346  aeabi_sdiv.o(.text)
    .text                                    0x08000322   Section        0  heapauxi.o(.text)
    .text                                    0x08000328   Section       62  sys_stackheap_outer.o(.text)
    .text                                    0x08000366   Section        0  exit.o(.text)
    .text                                    0x08000378   Section        8  libspace.o(.text)
    .text                                    0x08000380   Section        0  sys_exit.o(.text)
    .text                                    0x0800038c   Section        2  use_no_semi.o(.text)
    .text                                    0x0800038e   Section        0  indicate_semi.o(.text)
    i.ADC_Channel                            0x08000390   Section        0  stspin32f0.o(i.ADC_Channel)
    i.BSP_BOARD_FAULT_LED_OFF                0x080003c8   Section        0  rov_r1.o(i.BSP_BOARD_FAULT_LED_OFF)
    i.BSP_BOARD_FAULT_LED_ON                 0x080003ca   Section        0  rov_r1.o(i.BSP_BOARD_FAULT_LED_ON)
    i.DMA1_Channel2_3_IRQHandler             0x080003cc   Section        0  stspin32f0_it.o(i.DMA1_Channel2_3_IRQHandler)
    i.DisableInput_CH1_D_CH2_D_CH3_D         0x080003d0   Section        0  stspin32f0.o(i.DisableInput_CH1_D_CH2_D_CH3_D)
    i.EXTI0_1_IRQHandler                     0x08000408   Section        0  stspin32f0_it.o(i.EXTI0_1_IRQHandler)
    i.EnableInput_CH1_D_CH2_E_CH3_E          0x0800040c   Section        0  stspin32f0.o(i.EnableInput_CH1_D_CH2_E_CH3_E)
    i.EnableInput_CH1_E_CH2_D_CH3_E          0x08000444   Section        0  stspin32f0.o(i.EnableInput_CH1_E_CH2_D_CH3_E)
    i.EnableInput_CH1_E_CH2_E_CH3_D          0x0800047c   Section        0  stspin32f0.o(i.EnableInput_CH1_E_CH2_E_CH3_D)
    i.HAL_GPIO_Init                          0x080004b4   Section        0  stm32f0xx_hal_gpio.o(i.HAL_GPIO_Init)
    i.HAL_GPIO_ReadPin                       0x080005e8   Section        0  stm32f0xx_hal_gpio.o(i.HAL_GPIO_ReadPin)
    i.HAL_GPIO_TogglePin                     0x080005f2   Section        0  stm32f0xx_hal_gpio.o(i.HAL_GPIO_TogglePin)
    i.HAL_GPIO_WritePin                      0x080005fa   Section        0  stm32f0xx_hal_gpio.o(i.HAL_GPIO_WritePin)
    i.HAL_GetTick                            0x08000608   Section        0  6step_lib.o(i.HAL_GetTick)
    i.HAL_IncTick                            0x08000614   Section        0  6step_lib.o(i.HAL_IncTick)
    i.HAL_Init                               0x08000624   Section        0  stm32f0xx_hal.o(i.HAL_Init)
    i.HAL_InitTick                           0x08000644   Section        0  stm32f0xx_hal.o(i.HAL_InitTick)
    i.HAL_MspInit                            0x08000666   Section        0  stspin32f0_hal_msp.o(i.HAL_MspInit)
    i.HAL_NVIC_EnableIRQ                     0x08000674   Section        0  stm32f0xx_hal_cortex.o(i.HAL_NVIC_EnableIRQ)
    i.HAL_NVIC_SetPriority                   0x0800068c   Section        0  stm32f0xx_hal_cortex.o(i.HAL_NVIC_SetPriority)
    i.HAL_RCC_ClockConfig                    0x08000694   Section        0  stm32f0xx_hal_rcc_ex.o(i.HAL_RCC_ClockConfig)
    i.HAL_RCC_GetHCLKFreq                    0x08000830   Section        0  stm32f0xx_hal_rcc.o(i.HAL_RCC_GetHCLKFreq)
    i.HAL_RCC_GetSysClockFreq                0x08000858   Section        0  stm32f0xx_hal_rcc_ex.o(i.HAL_RCC_GetSysClockFreq)
    i.HAL_RCC_OscConfig                      0x080008a4   Section        0  stm32f0xx_hal_rcc_ex.o(i.HAL_RCC_OscConfig)
    i.HAL_SPI_Init                           0x08000bc0   Section        0  stm32f0xx_hal_spi.o(i.HAL_SPI_Init)
    i.HAL_SPI_MspInit                        0x08000c84   Section        0  stspin32f0_hal_msp.o(i.HAL_SPI_MspInit)
    i.HAL_SPI_Receive                        0x08000cc4   Section        0  stm32f0xx_hal_spi.o(i.HAL_SPI_Receive)
    i.HAL_SPI_TransmitReceive                0x08000f04   Section        0  stm32f0xx_hal_spi.o(i.HAL_SPI_TransmitReceive)
    i.HAL_SYSTICK_Callback                   0x08001194   Section        0  stspin32f0_hal_msp.o(i.HAL_SYSTICK_Callback)
    i.HAL_SYSTICK_Config                     0x0800119c   Section        0  stm32f0xx_hal_cortex.o(i.HAL_SYSTICK_Config)
    i.HAL_SYSTICK_IRQHandler                 0x080011cc   Section        0  stm32f0xx_hal_cortex.o(i.HAL_SYSTICK_IRQHandler)
    i.HAL_TIMEx_BreakCallback                0x080011d4   Section        0  stspin32f0_hal_msp.o(i.HAL_TIMEx_BreakCallback)
    i.HAL_TIMEx_CommutationCallback          0x080011e4   Section        0  stspin32f0_hal_msp.o(i.HAL_TIMEx_CommutationCallback)
    i.HAL_TIMEx_ConfigBreakDeadTime          0x080011f4   Section        0  stm32f0xx_hal_tim_ex.o(i.HAL_TIMEx_ConfigBreakDeadTime)
    i.HAL_TIMEx_ConfigCommutationEvent_IT    0x08001230   Section        0  stm32f0xx_hal_tim_ex.o(i.HAL_TIMEx_ConfigCommutationEvent_IT)
    i.HAL_TIMEx_HallSensor_Init              0x08001292   Section        0  stm32f0xx_hal_tim_ex.o(i.HAL_TIMEx_HallSensor_Init)
    i.HAL_TIMEx_HallSensor_MspInit           0x08001340   Section        0  stspin32f0_hal_msp.o(i.HAL_TIMEx_HallSensor_MspInit)
    i.HAL_TIMEx_HallSensor_Start_IT          0x08001394   Section        0  stm32f0xx_hal_tim_ex.o(i.HAL_TIMEx_HallSensor_Start_IT)
    i.HAL_TIMEx_HallSensor_Stop_IT           0x080013bc   Section        0  stm32f0xx_hal_tim_ex.o(i.HAL_TIMEx_HallSensor_Stop_IT)
    i.HAL_TIMEx_MasterConfigSynchronization  0x080013f8   Section        0  stm32f0xx_hal_tim_ex.o(i.HAL_TIMEx_MasterConfigSynchronization)
    i.HAL_TIMEx_PWMN_Start                   0x08001440   Section        0  stm32f0xx_hal_tim_ex.o(i.HAL_TIMEx_PWMN_Start)
    i.HAL_TIMEx_PWMN_Stop                    0x08001468   Section        0  stm32f0xx_hal_tim_ex.o(i.HAL_TIMEx_PWMN_Stop)
    i.HAL_TIM_Base_Init                      0x080014b4   Section        0  stm32f0xx_hal_tim.o(i.HAL_TIM_Base_Init)
    i.HAL_TIM_Base_MspInit                   0x080014e4   Section        0  stspin32f0_hal_msp.o(i.HAL_TIM_Base_MspInit)
    i.HAL_TIM_IC_CaptureCallback             0x080015bc   Section        0  stspin32f0_hal_msp.o(i.HAL_TIM_IC_CaptureCallback)
    i.HAL_TIM_IRQHandler                     0x080015c8   Section        0  stm32f0xx_hal_tim.o(i.HAL_TIM_IRQHandler)
    i.HAL_TIM_OC_DelayElapsedCallback        0x0800172c   Section        0  stspin32f0_hal_msp.o(i.HAL_TIM_OC_DelayElapsedCallback)
    i.HAL_TIM_PWM_ConfigChannel              0x08001788   Section        0  stm32f0xx_hal_tim.o(i.HAL_TIM_PWM_ConfigChannel)
    i.HAL_TIM_PWM_Init                       0x08001858   Section        0  stm32f0xx_hal_tim.o(i.HAL_TIM_PWM_Init)
    i.HAL_TIM_PWM_MspInit                    0x08001888   Section        0  stm32f0xx_hal_tim.o(i.HAL_TIM_PWM_MspInit)
    i.HAL_TIM_PWM_PulseFinishedCallback      0x0800188a   Section        0  stm32f0xx_hal_tim.o(i.HAL_TIM_PWM_PulseFinishedCallback)
    i.HAL_TIM_PWM_Start                      0x0800188c   Section        0  stm32f0xx_hal_tim.o(i.HAL_TIM_PWM_Start)
    i.HAL_TIM_PWM_Stop                       0x080018d0   Section        0  stm32f0xx_hal_tim.o(i.HAL_TIM_PWM_Stop)
    i.HAL_TIM_PeriodElapsedCallback          0x0800193c   Section        0  stm32f0xx_hal_tim.o(i.HAL_TIM_PeriodElapsedCallback)
    i.HAL_TIM_SlaveConfigSynchronization     0x0800193e   Section        0  stm32f0xx_hal_tim.o(i.HAL_TIM_SlaveConfigSynchronization)
    i.HAL_TIM_TriggerCallback                0x0800197a   Section        0  stm32f0xx_hal_tim.o(i.HAL_TIM_TriggerCallback)
    i.HF_TIMx_SetDutyCycle                   0x0800197c   Section        0  stspin32f0.o(i.HF_TIMx_SetDutyCycle)
    i.HF_TIMx_SetDutyCycle_CH1               0x08001994   Section        0  stspin32f0.o(i.HF_TIMx_SetDutyCycle_CH1)
    i.HF_TIMx_SetDutyCycle_CH2               0x080019a0   Section        0  stspin32f0.o(i.HF_TIMx_SetDutyCycle_CH2)
    i.HF_TIMx_SetDutyCycle_CH3               0x080019ac   Section        0  stspin32f0.o(i.HF_TIMx_SetDutyCycle_CH3)
    i.HardFault_Handler                      0x080019b8   Section        0  stspin32f0_it.o(i.HardFault_Handler)
    i.MC_GetMechSpeedRPM                     0x080019bc   Section        0  6step_lib.o(i.MC_GetMechSpeedRPM)
    i.MC_PI_Controller                       0x080019f8   Section        0  6step_lib.o(i.MC_PI_Controller)
    i.MC_Set_PI_param                        0x08001a38   Section        0  6step_lib.o(i.MC_Set_PI_param)
    i.MC_Set_Speed                           0x08001a94   Section        0  6step_lib.o(i.MC_Set_Speed)
    i.MC_SixStep_Current_Reference_Setvalue  0x08001ab4   Section        0  rov_r1.o(i.MC_SixStep_Current_Reference_Setvalue)
    i.MC_SixStep_Current_Reference_Start     0x08001acc   Section        0  rov_r1.o(i.MC_SixStep_Current_Reference_Start)
    i.MC_SixStep_Current_Reference_Stop      0x08001adc   Section        0  rov_r1.o(i.MC_SixStep_Current_Reference_Stop)
    i.MC_SixStep_DisableInput_CH1_D_CH2_D_CH3_D 0x08001af4   Section        0  rov_r1.o(i.MC_SixStep_DisableInput_CH1_D_CH2_D_CH3_D)
    i.MC_SixStep_EnableInput_CH1_D_CH2_E_CH3_E 0x08001b00   Section        0  rov_r1.o(i.MC_SixStep_EnableInput_CH1_D_CH2_E_CH3_E)
    i.MC_SixStep_EnableInput_CH1_E_CH2_D_CH3_E 0x08001b0c   Section        0  rov_r1.o(i.MC_SixStep_EnableInput_CH1_E_CH2_D_CH3_E)
    i.MC_SixStep_EnableInput_CH1_E_CH2_E_CH3_D 0x08001b18   Section        0  rov_r1.o(i.MC_SixStep_EnableInput_CH1_E_CH2_E_CH3_D)
    i.MC_SixStep_HF_TIMx_SetDutyCycle        0x08001b24   Section        0  rov_r1.o(i.MC_SixStep_HF_TIMx_SetDutyCycle)
    i.MC_SixStep_HF_TIMx_SetDutyCycle_CH1    0x08001b30   Section        0  rov_r1.o(i.MC_SixStep_HF_TIMx_SetDutyCycle_CH1)
    i.MC_SixStep_HF_TIMx_SetDutyCycle_CH2    0x08001b3c   Section        0  rov_r1.o(i.MC_SixStep_HF_TIMx_SetDutyCycle_CH2)
    i.MC_SixStep_HF_TIMx_SetDutyCycle_CH3    0x08001b48   Section        0  rov_r1.o(i.MC_SixStep_HF_TIMx_SetDutyCycle_CH3)
    i.MC_SixStep_Hall_Run_Failure_Handler    0x08001b54   Section        0  6step_lib.o(i.MC_SixStep_Hall_Run_Failure_Handler)
    i.MC_SixStep_Hall_Startup_Failure_Handler 0x08001ba0   Section        0  6step_lib.o(i.MC_SixStep_Hall_Startup_Failure_Handler)
    i.MC_SixStep_INIT                        0x08001bf0   Section        0  6step_lib.o(i.MC_SixStep_INIT)
    i.MC_SixStep_Init_main_data              0x08001c2c   Section        0  6step_lib.o(i.MC_SixStep_Init_main_data)
    i.MC_SixStep_NEXT_step                   0x08001c5c   Section        0  6step_lib.o(i.MC_SixStep_NEXT_step)
    i.MC_SixStep_RESET                       0x08001d7c   Section        0  6step_lib.o(i.MC_SixStep_RESET)
    i.MC_SixStep_TABLE                       0x08001e5c   Section        0  6step_lib.o(i.MC_SixStep_TABLE)
    i.MC_Speed_Filter                        0x08001ef0   Section        0  6step_lib.o(i.MC_Speed_Filter)
    i.MC_StartMotor                          0x08001f60   Section        0  6step_lib.o(i.MC_StartMotor)
    i.MC_StopMotor                           0x08002048   Section        0  6step_lib.o(i.MC_StopMotor)
    i.MC_SysTick_SixStep_MediumFrequencyTask 0x080020a4   Section        0  6step_lib.o(i.MC_SysTick_SixStep_MediumFrequencyTask)
    i.MC_TIMx_SixStep_CommutationEvent       0x08002100   Section        0  6step_lib.o(i.MC_TIMx_SixStep_CommutationEvent)
    i.MC_TIMx_SixStep_timebase               0x0800213c   Section        0  6step_lib.o(i.MC_TIMx_SixStep_timebase)
    i.MC_Task_Speed                          0x08002150   Section        0  6step_lib.o(i.MC_Task_Speed)
    i.MX_GPIO_Init                           0x080021ac   Section        0  main_32f0.o(i.MX_GPIO_Init)
    MX_GPIO_Init                             0x080021ad   Thumb Code   162  main_32f0.o(i.MX_GPIO_Init)
    i.MX_HF_TIMx_Init                        0x08002260   Section        0  main_32f0.o(i.MX_HF_TIMx_Init)
    MX_HF_TIMx_Init                          0x08002261   Thumb Code   142  main_32f0.o(i.MX_HF_TIMx_Init)
    i.MX_REFx_Init                           0x080022fc   Section        0  main_32f0.o(i.MX_REFx_Init)
    MX_REFx_Init                             0x080022fd   Thumb Code    88  main_32f0.o(i.MX_REFx_Init)
    i.MX_SPI1_Init                           0x0800235c   Section        0  main_32f0.o(i.MX_SPI1_Init)
    MX_SPI1_Init                             0x0800235d   Thumb Code    46  main_32f0.o(i.MX_SPI1_Init)
    i.Overcurrent_Selection                  0x08002394   Section        0  stspin32f0.o(i.Overcurrent_Selection)
    i.Overcurrent_Threshold_Setvalue         0x080023a8   Section        0  stspin32f0.o(i.Overcurrent_Threshold_Setvalue)
    i.SPI_Communication_Task                 0x080023ec   Section        0  spi_ui.o(i.SPI_Communication_Task)
    i.SPI_EndRxTransaction                   0x080024ec   Section        0  stm32f0xx_hal_spi.o(i.SPI_EndRxTransaction)
    SPI_EndRxTransaction                     0x080024ed   Thumb Code    90  stm32f0xx_hal_spi.o(i.SPI_EndRxTransaction)
    i.SPI_Send_16BIT                         0x08002548   Section        0  spi_ui.o(i.SPI_Send_16BIT)
    i.SPI_WaitFifoStateUntilTimeout          0x08002570   Section        0  stm32f0xx_hal_spi.o(i.SPI_WaitFifoStateUntilTimeout)
    SPI_WaitFifoStateUntilTimeout            0x08002571   Thumb Code   158  stm32f0xx_hal_spi.o(i.SPI_WaitFifoStateUntilTimeout)
    i.SPI_WaitFlagStateUntilTimeout          0x08002614   Section        0  stm32f0xx_hal_spi.o(i.SPI_WaitFlagStateUntilTimeout)
    SPI_WaitFlagStateUntilTimeout            0x08002615   Thumb Code   138  stm32f0xx_hal_spi.o(i.SPI_WaitFlagStateUntilTimeout)
    i.SetSysClock                            0x080026a4   Section        0  system_stm32f0xx.o(i.SetSysClock)
    SetSysClock                              0x080026a5   Thumb Code   140  system_stm32f0xx.o(i.SetSysClock)
    i.SysTick_Handler                        0x0800273c   Section        0  stspin32f0_it.o(i.SysTick_Handler)
    i.SystemClock_Config                     0x08002748   Section        0  main_32f0.o(i.SystemClock_Config)
    i.SystemInit                             0x08002794   Section        0  system_stm32f0xx.o(i.SystemInit)
    i.TIM1_BRK_UP_TRG_COM_IRQHandler         0x080027f4   Section        0  stspin32f0_it.o(i.TIM1_BRK_UP_TRG_COM_IRQHandler)
    i.TIM2_IRQHandler                        0x08002804   Section        0  stspin32f0_it.o(i.TIM2_IRQHandler)
    i.TIM3_IRQHandler                        0x08002814   Section        0  stspin32f0_it.o(i.TIM3_IRQHandler)
    i.TIM_Base_SetConfig                     0x08002824   Section        0  stm32f0xx_hal_tim.o(i.TIM_Base_SetConfig)
    i.TIM_CCxChannelCmd                      0x080028a0   Section        0  stm32f0xx_hal_tim.o(i.TIM_CCxChannelCmd)
    i.TIM_CCxNChannelCmd                     0x080028b6   Section        0  stm32f0xx_hal_tim_ex.o(i.TIM_CCxNChannelCmd)
    TIM_CCxNChannelCmd                       0x080028b7   Thumb Code    22  stm32f0xx_hal_tim_ex.o(i.TIM_CCxNChannelCmd)
    i.TIM_ETR_SetConfig                      0x080028cc   Section        0  stm32f0xx_hal_tim.o(i.TIM_ETR_SetConfig)
    TIM_ETR_SetConfig                        0x080028cd   Thumb Code    22  stm32f0xx_hal_tim.o(i.TIM_ETR_SetConfig)
    i.TIM_OC1_SetConfig                      0x080028e4   Section        0  stm32f0xx_hal_tim.o(i.TIM_OC1_SetConfig)
    TIM_OC1_SetConfig                        0x080028e5   Thumb Code   108  stm32f0xx_hal_tim.o(i.TIM_OC1_SetConfig)
    i.TIM_OC2_SetConfig                      0x0800295c   Section        0  stm32f0xx_hal_tim.o(i.TIM_OC2_SetConfig)
    i.TIM_OC3_SetConfig                      0x080029d0   Section        0  stm32f0xx_hal_tim.o(i.TIM_OC3_SetConfig)
    TIM_OC3_SetConfig                        0x080029d1   Thumb Code   106  stm32f0xx_hal_tim.o(i.TIM_OC3_SetConfig)
    i.TIM_OC4_SetConfig                      0x08002a48   Section        0  stm32f0xx_hal_tim.o(i.TIM_OC4_SetConfig)
    TIM_OC4_SetConfig                        0x08002a49   Thumb Code    84  stm32f0xx_hal_tim.o(i.TIM_OC4_SetConfig)
    i.TIM_SlaveTimer_SetConfig               0x08002aa8   Section        0  stm32f0xx_hal_tim.o(i.TIM_SlaveTimer_SetConfig)
    TIM_SlaveTimer_SetConfig                 0x08002aa9   Thumb Code   122  stm32f0xx_hal_tim.o(i.TIM_SlaveTimer_SetConfig)
    i.TIM_TI1_ConfigInputStage               0x08002b22   Section        0  stm32f0xx_hal_tim.o(i.TIM_TI1_ConfigInputStage)
    TIM_TI1_ConfigInputStage                 0x08002b23   Thumb Code    34  stm32f0xx_hal_tim.o(i.TIM_TI1_ConfigInputStage)
    i.TIM_TI1_SetConfig                      0x08002b44   Section        0  stm32f0xx_hal_tim.o(i.TIM_TI1_SetConfig)
    i.TIM_TI2_ConfigInputStage               0x08002b90   Section        0  stm32f0xx_hal_tim.o(i.TIM_TI2_ConfigInputStage)
    TIM_TI2_ConfigInputStage                 0x08002b91   Thumb Code    38  stm32f0xx_hal_tim.o(i.TIM_TI2_ConfigInputStage)
    i.USART1_IRQHandler                      0x08002bb6   Section        0  stspin32f0_it.o(i.USART1_IRQHandler)
    i.__ARM_common_switch8                   0x08002bb8   Section        0  stm32f0xx_hal_tim.o(i.__ARM_common_switch8)
    i.__NVIC_SetPriority                     0x08002bd4   Section        0  stm32f0xx_hal_cortex.o(i.__NVIC_SetPriority)
    __NVIC_SetPriority                       0x08002bd5   Thumb Code    60  stm32f0xx_hal_cortex.o(i.__NVIC_SetPriority)
    i.main                                   0x08002c18   Section        0  main_32f0.o(i.main)
    .constdata                               0x08002c6c   Section       16  stm32f0xx_hal_rcc.o(.constdata)
    .constdata                               0x08002c7c   Section       32  stm32f0xx_hal_rcc_ex.o(.constdata)
    .data                                    0x20000000   Section       48  stspin32f0.o(.data)
    .data                                    0x20000030   Section       64  6step_lib.o(.data)
    uwTick                                   0x20000050   Data           4  6step_lib.o(.data)
    .data                                    0x20000070   Section        5  spi_ui.o(.data)
    .data                                    0x20000078   Section       20  system_stm32f0xx.o(.data)
    .bss                                     0x2000008c   Section      132  stspin32f0.o(.bss)
    .bss                                     0x20000110   Section       60  stspin32f0.o(.bss)
    .bss                                     0x2000014c   Section       60  stspin32f0.o(.bss)
    .bss                                     0x20000188   Section      100  stspin32f0.o(.bss)
    .bss                                     0x200001ec   Section      300  6step_lib.o(.bss)
    .bss                                     0x20000318   Section       32  spi_ui.o(.bss)
    .bss                                     0x20000338   Section       96  libspace.o(.bss)
    HEAP                                     0x20000398   Section      512  startup_stm32f031.o(HEAP)
    Heap_Mem                                 0x20000398   Data         512  startup_stm32f031.o(HEAP)
    STACK                                    0x20000598   Section     1024  startup_stm32f031.o(STACK)
    Stack_Mem                                0x20000598   Data        1024  startup_stm32f031.o(STACK)
    __initial_sp                             0x20000998   Data           0  startup_stm32f031.o(STACK)

    Global Symbols

    Symbol Name                              Value     Ov Type        Size  Object(Section)

    BuildAttributes$$THM_ISAv3M$S$PE$A:L22$X:L11$S22$IEEE1$IW$USESV6$~STKCKD$USESV7$~SHL$OSPACE$ROPI$EBA8$UX$STANDARDLIB$REQ8$PRES8$EABIv2 0x00000000   Number         0  anon$$obj.o ABSOLUTE
    __ARM_use_no_argv                        0x00000000   Number         0  main_32f0.o ABSOLUTE
    __ARM_exceptions_init                     - Undefined Weak Reference
    __alloca_initialize                       - Undefined Weak Reference
    __arm_preinit_                            - Undefined Weak Reference
    __cpp_initialize__aeabi_                  - Undefined Weak Reference
    __cxa_finalize                            - Undefined Weak Reference
    __rt_locale                               - Undefined Weak Reference
    __sigvec_lookup                           - Undefined Weak Reference
    _atexit_init                              - Undefined Weak Reference
    _call_atexit_fns                          - Undefined Weak Reference
    _clock_init                               - Undefined Weak Reference
    _fp_trap_init                             - Undefined Weak Reference
    _fp_trap_shutdown                         - Undefined Weak Reference
    _get_lc_collate                           - Undefined Weak Reference
    _get_lc_ctype                             - Undefined Weak Reference
    _get_lc_monetary                          - Undefined Weak Reference
    _get_lc_numeric                           - Undefined Weak Reference
    _get_lc_time                              - Undefined Weak Reference
    _getenv_init                              - Undefined Weak Reference
    _handle_redirection                       - Undefined Weak Reference
    _init_alloc                               - Undefined Weak Reference
    _init_user_alloc                          - Undefined Weak Reference
    _initio                                   - Undefined Weak Reference
    _rand_init                                - Undefined Weak Reference
    _signal_finish                            - Undefined Weak Reference
    _signal_init                              - Undefined Weak Reference
    _terminate_alloc                          - Undefined Weak Reference
    _terminate_user_alloc                     - Undefined Weak Reference
    _terminateio                              - Undefined Weak Reference
    __Vectors_Size                           0x000000b0   Number         0  startup_stm32f031.o ABSOLUTE
    __Vectors                                0x08000000   Data           4  startup_stm32f031.o(RESET)
    __Vectors_End                            0x080000b0   Data           0  startup_stm32f031.o(RESET)
    __main                                   0x080000b1   Thumb Code     8  __main.o(!!!main)
    __scatterload                            0x080000b9   Thumb Code     0  __scatter.o(!!!scatter)
    __scatterload_rt2                        0x080000b9   Thumb Code    52  __scatter.o(!!!scatter)
    __scatterload_rt2_thumb_only             0x080000b9   Thumb Code     0  __scatter.o(!!!scatter)
    __scatterload_null                       0x080000c9   Thumb Code     0  __scatter.o(!!!scatter)
    __scatterload_copy                       0x080000f5   Thumb Code    26  __scatter_copy.o(!!handler_copy)
    __scatterload_zeroinit                   0x08000111   Thumb Code    28  __scatter_zi.o(!!handler_zi)
    __rt_lib_init                            0x0800012d   Thumb Code     0  libinit.o(.ARM.Collect$$libinit$$00000000)
    __rt_lib_init_alloca_1                   0x0800012f   Thumb Code     0  libinit2.o(.ARM.Collect$$libinit$$0000002E)
    __rt_lib_init_argv_1                     0x0800012f   Thumb Code     0  libinit2.o(.ARM.Collect$$libinit$$0000002C)
    __rt_lib_init_atexit_1                   0x0800012f   Thumb Code     0  libinit2.o(.ARM.Collect$$libinit$$0000001B)
    __rt_lib_init_clock_1                    0x0800012f   Thumb Code     0  libinit2.o(.ARM.Collect$$libinit$$00000021)
    __rt_lib_init_cpp_1                      0x0800012f   Thumb Code     0  libinit2.o(.ARM.Collect$$libinit$$00000032)
    __rt_lib_init_exceptions_1               0x0800012f   Thumb Code     0  libinit2.o(.ARM.Collect$$libinit$$00000030)
    __rt_lib_init_fp_1                       0x0800012f   Thumb Code     0  libinit2.o(.ARM.Collect$$libinit$$00000002)
    __rt_lib_init_fp_trap_1                  0x0800012f   Thumb Code     0  libinit2.o(.ARM.Collect$$libinit$$0000001F)
    __rt_lib_init_getenv_1                   0x0800012f   Thumb Code     0  libinit2.o(.ARM.Collect$$libinit$$00000023)
    __rt_lib_init_heap_1                     0x0800012f   Thumb Code     0  libinit2.o(.ARM.Collect$$libinit$$0000000A)
    __rt_lib_init_lc_collate_1               0x0800012f   Thumb Code     0  libinit2.o(.ARM.Collect$$libinit$$00000011)
    __rt_lib_init_lc_ctype_1                 0x0800012f   Thumb Code     0  libinit2.o(.ARM.Collect$$libinit$$00000013)
    __rt_lib_init_lc_monetary_1              0x0800012f   Thumb Code     0  libinit2.o(.ARM.Collect$$libinit$$00000015)
    __rt_lib_init_lc_numeric_1               0x0800012f   Thumb Code     0  libinit2.o(.ARM.Collect$$libinit$$00000017)
    __rt_lib_init_lc_time_1                  0x0800012f   Thumb Code     0  libinit2.o(.ARM.Collect$$libinit$$00000019)
    __rt_lib_init_preinit_1                  0x0800012f   Thumb Code     0  libinit2.o(.ARM.Collect$$libinit$$00000004)
    __rt_lib_init_rand_1                     0x0800012f   Thumb Code     0  libinit2.o(.ARM.Collect$$libinit$$0000000E)
    __rt_lib_init_return                     0x0800012f   Thumb Code     0  libinit2.o(.ARM.Collect$$libinit$$00000033)
    __rt_lib_init_signal_1                   0x0800012f   Thumb Code     0  libinit2.o(.ARM.Collect$$libinit$$0000001D)
    __rt_lib_init_stdio_1                    0x0800012f   Thumb Code     0  libinit2.o(.ARM.Collect$$libinit$$00000025)
    __rt_lib_init_user_alloc_1               0x0800012f   Thumb Code     0  libinit2.o(.ARM.Collect$$libinit$$0000000C)
    __rt_lib_shutdown                        0x08000131   Thumb Code     0  libshutdown.o(.ARM.Collect$$libshutdown$$00000000)
    __rt_lib_shutdown_cpp_1                  0x08000133   Thumb Code     0  libshutdown2.o(.ARM.Collect$$libshutdown$$00000002)
    __rt_lib_shutdown_fp_trap_1              0x08000133   Thumb Code     0  libshutdown2.o(.ARM.Collect$$libshutdown$$00000007)
    __rt_lib_shutdown_heap_1                 0x08000133   Thumb Code     0  libshutdown2.o(.ARM.Collect$$libshutdown$$0000000F)
    __rt_lib_shutdown_return                 0x08000133   Thumb Code     0  libshutdown2.o(.ARM.Collect$$libshutdown$$00000010)
    __rt_lib_shutdown_signal_1               0x08000133   Thumb Code     0  libshutdown2.o(.ARM.Collect$$libshutdown$$0000000A)
    __rt_lib_shutdown_stdio_1                0x08000133   Thumb Code     0  libshutdown2.o(.ARM.Collect$$libshutdown$$00000004)
    __rt_lib_shutdown_user_alloc_1           0x08000133   Thumb Code     0  libshutdown2.o(.ARM.Collect$$libshutdown$$0000000C)
    __rt_entry                               0x08000135   Thumb Code     0  __rtentry.o(.ARM.Collect$$rtentry$$00000000)
    __rt_entry_presh_1                       0x08000135   Thumb Code     0  __rtentry2.o(.ARM.Collect$$rtentry$$00000002)
    __rt_entry_sh                            0x08000135   Thumb Code     0  __rtentry4.o(.ARM.Collect$$rtentry$$00000004)
    __rt_entry_li                            0x0800013b   Thumb Code     0  __rtentry2.o(.ARM.Collect$$rtentry$$0000000A)
    __rt_entry_postsh_1                      0x0800013b   Thumb Code     0  __rtentry2.o(.ARM.Collect$$rtentry$$00000009)
    __rt_entry_main                          0x0800013f   Thumb Code     0  __rtentry2.o(.ARM.Collect$$rtentry$$0000000D)
    __rt_entry_postli_1                      0x0800013f   Thumb Code     0  __rtentry2.o(.ARM.Collect$$rtentry$$0000000C)
    __rt_exit                                0x08000147   Thumb Code     0  rtexit.o(.ARM.Collect$$rtexit$$00000000)
    __rt_exit_ls                             0x08000149   Thumb Code     0  rtexit2.o(.ARM.Collect$$rtexit$$00000003)
    __rt_exit_prels_1                        0x08000149   Thumb Code     0  rtexit2.o(.ARM.Collect$$rtexit$$00000002)
    __rt_exit_exit                           0x0800014d   Thumb Code     0  rtexit2.o(.ARM.Collect$$rtexit$$00000004)
    Reset_Handler                            0x08000155   Thumb Code    38  startup_stm32f031.o(.text)
    NMI_Handler                              0x0800017b   Thumb Code     2  startup_stm32f031.o(.text)
    SVC_Handler                              0x0800017f   Thumb Code     2  startup_stm32f031.o(.text)
    PendSV_Handler                           0x08000181   Thumb Code     2  startup_stm32f031.o(.text)
    ADC1_IRQHandler                          0x08000185   Thumb Code     0  startup_stm32f031.o(.text)
    DMA1_Channel1_IRQHandler                 0x08000185   Thumb Code     0  startup_stm32f031.o(.text)
    DMA1_Channel4_5_IRQHandler               0x08000185   Thumb Code     0  startup_stm32f031.o(.text)
    EXTI2_3_IRQHandler                       0x08000185   Thumb Code     0  startup_stm32f031.o(.text)
    EXTI4_15_IRQHandler                      0x08000185   Thumb Code     0  startup_stm32f031.o(.text)
    FLASH_IRQHandler                         0x08000185   Thumb Code     0  startup_stm32f031.o(.text)
    I2C1_IRQHandler                          0x08000185   Thumb Code     0  startup_stm32f031.o(.text)
    PVD_IRQHandler                           0x08000185   Thumb Code     0  startup_stm32f031.o(.text)
    RCC_IRQHandler                           0x08000185   Thumb Code     0  startup_stm32f031.o(.text)
    RTC_IRQHandler                           0x08000185   Thumb Code     0  startup_stm32f031.o(.text)
    SPI1_IRQHandler                          0x08000185   Thumb Code     0  startup_stm32f031.o(.text)
    TIM14_IRQHandler                         0x08000185   Thumb Code     0  startup_stm32f031.o(.text)
    TIM16_IRQHandler                         0x08000185   Thumb Code     0  startup_stm32f031.o(.text)
    TIM17_IRQHandler                         0x08000185   Thumb Code     0  startup_stm32f031.o(.text)
    TIM1_CC_IRQHandler                       0x08000185   Thumb Code     0  startup_stm32f031.o(.text)
    WWDG_IRQHandler                          0x08000185   Thumb Code     0  startup_stm32f031.o(.text)
    __user_initial_stackheap                 0x08000189   Thumb Code     0  startup_stm32f031.o(.text)
    __aeabi_uidiv                            0x080001c9   Thumb Code     0  aeabi_sdiv.o(.text)
    __aeabi_uidivmod                         0x080001c9   Thumb Code    20  aeabi_sdiv.o(.text)
    __aeabi_idiv                             0x080001dd   Thumb Code     0  aeabi_sdiv.o(.text)
    __aeabi_idivmod                          0x080001dd   Thumb Code   326  aeabi_sdiv.o(.text)
    __use_two_region_memory                  0x08000323   Thumb Code     2  heapauxi.o(.text)
    __rt_heap_escrow$2region                 0x08000325   Thumb Code     2  heapauxi.o(.text)
    __rt_heap_expand$2region                 0x08000327   Thumb Code     2  heapauxi.o(.text)
    __user_setup_stackheap                   0x08000329   Thumb Code    62  sys_stackheap_outer.o(.text)
    exit                                     0x08000367   Thumb Code    16  exit.o(.text)
    __user_libspace                          0x08000379   Thumb Code     8  libspace.o(.text)
    __user_perproc_libspace                  0x08000379   Thumb Code     0  libspace.o(.text)
    __user_perthread_libspace                0x08000379   Thumb Code     0  libspace.o(.text)
    _sys_exit                                0x08000381   Thumb Code     8  sys_exit.o(.text)
    __I$use$semihosting                      0x0800038d   Thumb Code     0  use_no_semi.o(.text)
    __use_no_semihosting_swi                 0x0800038d   Thumb Code     2  use_no_semi.o(.text)
    __semihosting_library_function           0x0800038f   Thumb Code     0  indicate_semi.o(.text)
    ADC_Channel                              0x08000391   Thumb Code    50  stspin32f0.o(i.ADC_Channel)
    BSP_BOARD_FAULT_LED_OFF                  0x080003c9   Thumb Code     2  rov_r1.o(i.BSP_BOARD_FAULT_LED_OFF)
    BSP_BOARD_FAULT_LED_ON                   0x080003cb   Thumb Code     2  rov_r1.o(i.BSP_BOARD_FAULT_LED_ON)
    DMA1_Channel2_3_IRQHandler               0x080003cd   Thumb Code     2  stspin32f0_it.o(i.DMA1_Channel2_3_IRQHandler)
    DisableInput_CH1_D_CH2_D_CH3_D           0x080003d1   Thumb Code    52  stspin32f0.o(i.DisableInput_CH1_D_CH2_D_CH3_D)
    EXTI0_1_IRQHandler                       0x08000409   Thumb Code     2  stspin32f0_it.o(i.EXTI0_1_IRQHandler)
    EnableInput_CH1_D_CH2_E_CH3_E            0x0800040d   Thumb Code    52  stspin32f0.o(i.EnableInput_CH1_D_CH2_E_CH3_E)
    EnableInput_CH1_E_CH2_D_CH3_E            0x08000445   Thumb Code    52  stspin32f0.o(i.EnableInput_CH1_E_CH2_D_CH3_E)
    EnableInput_CH1_E_CH2_E_CH3_D            0x0800047d   Thumb Code    52  stspin32f0.o(i.EnableInput_CH1_E_CH2_E_CH3_D)
    HAL_GPIO_Init                            0x080004b5   Thumb Code   286  stm32f0xx_hal_gpio.o(i.HAL_GPIO_Init)
    HAL_GPIO_ReadPin                         0x080005e9   Thumb Code    10  stm32f0xx_hal_gpio.o(i.HAL_GPIO_ReadPin)
    HAL_GPIO_TogglePin                       0x080005f3   Thumb Code     8  stm32f0xx_hal_gpio.o(i.HAL_GPIO_TogglePin)
    HAL_GPIO_WritePin                        0x080005fb   Thumb Code    12  stm32f0xx_hal_gpio.o(i.HAL_GPIO_WritePin)
    HAL_GetTick                              0x08000609   Thumb Code     6  6step_lib.o(i.HAL_GetTick)
    HAL_IncTick                              0x08000615   Thumb Code    10  6step_lib.o(i.HAL_IncTick)
    HAL_Init                                 0x08000625   Thumb Code    26  stm32f0xx_hal.o(i.HAL_Init)
    HAL_InitTick                             0x08000645   Thumb Code    34  stm32f0xx_hal.o(i.HAL_InitTick)
    HAL_MspInit                              0x08000667   Thumb Code    14  stspin32f0_hal_msp.o(i.HAL_MspInit)
    HAL_NVIC_EnableIRQ                       0x08000675   Thumb Code    18  stm32f0xx_hal_cortex.o(i.HAL_NVIC_EnableIRQ)
    HAL_NVIC_SetPriority                     0x0800068d   Thumb Code     8  stm32f0xx_hal_cortex.o(i.HAL_NVIC_SetPriority)
    HAL_RCC_ClockConfig                      0x08000695   Thumb Code   400  stm32f0xx_hal_rcc_ex.o(i.HAL_RCC_ClockConfig)
    HAL_RCC_GetHCLKFreq                      0x08000831   Thumb Code    26  stm32f0xx_hal_rcc.o(i.HAL_RCC_GetHCLKFreq)
    HAL_RCC_GetSysClockFreq                  0x08000859   Thumb Code    60  stm32f0xx_hal_rcc_ex.o(i.HAL_RCC_GetSysClockFreq)
    HAL_RCC_OscConfig                        0x080008a5   Thumb Code   784  stm32f0xx_hal_rcc_ex.o(i.HAL_RCC_OscConfig)
    HAL_SPI_Init                             0x08000bc1   Thumb Code   190  stm32f0xx_hal_spi.o(i.HAL_SPI_Init)
    HAL_SPI_MspInit                          0x08000c85   Thumb Code    54  stspin32f0_hal_msp.o(i.HAL_SPI_MspInit)
    HAL_SPI_Receive                          0x08000cc5   Thumb Code   564  stm32f0xx_hal_spi.o(i.HAL_SPI_Receive)
    HAL_SPI_TransmitReceive                  0x08000f05   Thumb Code   646  stm32f0xx_hal_spi.o(i.HAL_SPI_TransmitReceive)
    HAL_SYSTICK_Callback                     0x08001195   Thumb Code     8  stspin32f0_hal_msp.o(i.HAL_SYSTICK_Callback)
    HAL_SYSTICK_Config                       0x0800119d   Thumb Code    38  stm32f0xx_hal_cortex.o(i.HAL_SYSTICK_Config)
    HAL_SYSTICK_IRQHandler                   0x080011cd   Thumb Code     8  stm32f0xx_hal_cortex.o(i.HAL_SYSTICK_IRQHandler)
    HAL_TIMEx_BreakCallback                  0x080011d5   Thumb Code    10  stspin32f0_hal_msp.o(i.HAL_TIMEx_BreakCallback)
    HAL_TIMEx_CommutationCallback            0x080011e5   Thumb Code    12  stspin32f0_hal_msp.o(i.HAL_TIMEx_CommutationCallback)
    HAL_TIMEx_ConfigBreakDeadTime            0x080011f5   Thumb Code    60  stm32f0xx_hal_tim_ex.o(i.HAL_TIMEx_ConfigBreakDeadTime)
    HAL_TIMEx_ConfigCommutationEvent_IT      0x08001231   Thumb Code    98  stm32f0xx_hal_tim_ex.o(i.HAL_TIMEx_ConfigCommutationEvent_IT)
    HAL_TIMEx_HallSensor_Init                0x08001293   Thumb Code   172  stm32f0xx_hal_tim_ex.o(i.HAL_TIMEx_HallSensor_Init)
    HAL_TIMEx_HallSensor_MspInit             0x08001341   Thumb Code    80  stspin32f0_hal_msp.o(i.HAL_TIMEx_HallSensor_MspInit)
    HAL_TIMEx_HallSensor_Start_IT            0x08001395   Thumb Code    38  stm32f0xx_hal_tim_ex.o(i.HAL_TIMEx_HallSensor_Start_IT)
    HAL_TIMEx_HallSensor_Stop_IT             0x080013bd   Thumb Code    54  stm32f0xx_hal_tim_ex.o(i.HAL_TIMEx_HallSensor_Stop_IT)
    HAL_TIMEx_MasterConfigSynchronization    0x080013f9   Thumb Code    72  stm32f0xx_hal_tim_ex.o(i.HAL_TIMEx_MasterConfigSynchronization)
    HAL_TIMEx_PWMN_Start                     0x08001441   Thumb Code    38  stm32f0xx_hal_tim_ex.o(i.HAL_TIMEx_PWMN_Start)
    HAL_TIMEx_PWMN_Stop                      0x08001469   Thumb Code    66  stm32f0xx_hal_tim_ex.o(i.HAL_TIMEx_PWMN_Stop)
    HAL_TIM_Base_Init                        0x080014b5   Thumb Code    48  stm32f0xx_hal_tim.o(i.HAL_TIM_Base_Init)
    HAL_TIM_Base_MspInit                     0x080014e5   Thumb Code   194  stspin32f0_hal_msp.o(i.HAL_TIM_Base_MspInit)
    HAL_TIM_IC_CaptureCallback               0x080015bd   Thumb Code    12  stspin32f0_hal_msp.o(i.HAL_TIM_IC_CaptureCallback)
    HAL_TIM_IRQHandler                       0x080015c9   Thumb Code   354  stm32f0xx_hal_tim.o(i.HAL_TIM_IRQHandler)
    HAL_TIM_OC_DelayElapsedCallback          0x0800172d   Thumb Code    86  stspin32f0_hal_msp.o(i.HAL_TIM_OC_DelayElapsedCallback)
    HAL_TIM_PWM_ConfigChannel                0x08001789   Thumb Code   208  stm32f0xx_hal_tim.o(i.HAL_TIM_PWM_ConfigChannel)
    HAL_TIM_PWM_Init                         0x08001859   Thumb Code    48  stm32f0xx_hal_tim.o(i.HAL_TIM_PWM_Init)
    HAL_TIM_PWM_MspInit                      0x08001889   Thumb Code     2  stm32f0xx_hal_tim.o(i.HAL_TIM_PWM_MspInit)
    HAL_TIM_PWM_PulseFinishedCallback        0x0800188b   Thumb Code     2  stm32f0xx_hal_tim.o(i.HAL_TIM_PWM_PulseFinishedCallback)
    HAL_TIM_PWM_Start                        0x0800188d   Thumb Code    56  stm32f0xx_hal_tim.o(i.HAL_TIM_PWM_Start)
    HAL_TIM_PWM_Stop                         0x080018d1   Thumb Code    90  stm32f0xx_hal_tim.o(i.HAL_TIM_PWM_Stop)
    HAL_TIM_PeriodElapsedCallback            0x0800193d   Thumb Code     2  stm32f0xx_hal_tim.o(i.HAL_TIM_PeriodElapsedCallback)
    HAL_TIM_SlaveConfigSynchronization       0x0800193f   Thumb Code    60  stm32f0xx_hal_tim.o(i.HAL_TIM_SlaveConfigSynchronization)
    HAL_TIM_TriggerCallback                  0x0800197b   Thumb Code     2  stm32f0xx_hal_tim.o(i.HAL_TIM_TriggerCallback)
    HF_TIMx_SetDutyCycle                     0x0800197d   Thumb Code    20  stspin32f0.o(i.HF_TIMx_SetDutyCycle)
    HF_TIMx_SetDutyCycle_CH1                 0x08001995   Thumb Code     8  stspin32f0.o(i.HF_TIMx_SetDutyCycle_CH1)
    HF_TIMx_SetDutyCycle_CH2                 0x080019a1   Thumb Code     8  stspin32f0.o(i.HF_TIMx_SetDutyCycle_CH2)
    HF_TIMx_SetDutyCycle_CH3                 0x080019ad   Thumb Code     8  stspin32f0.o(i.HF_TIMx_SetDutyCycle_CH3)
    HardFault_Handler                        0x080019b9   Thumb Code     2  stspin32f0_it.o(i.HardFault_Handler)
    MC_GetMechSpeedRPM                       0x080019bd   Thumb Code    48  6step_lib.o(i.MC_GetMechSpeedRPM)
    MC_PI_Controller                         0x080019f9   Thumb Code    58  6step_lib.o(i.MC_PI_Controller)
    MC_Set_PI_param                          0x08001a39   Thumb Code    82  6step_lib.o(i.MC_Set_PI_param)
    MC_Set_Speed                             0x08001a95   Thumb Code    26  6step_lib.o(i.MC_Set_Speed)
    MC_SixStep_Current_Reference_Setvalue    0x08001ab5   Thumb Code    20  rov_r1.o(i.MC_SixStep_Current_Reference_Setvalue)
    MC_SixStep_Current_Reference_Start       0x08001acd   Thumb Code    12  rov_r1.o(i.MC_SixStep_Current_Reference_Start)
    MC_SixStep_Current_Reference_Stop        0x08001add   Thumb Code    20  rov_r1.o(i.MC_SixStep_Current_Reference_Stop)
    MC_SixStep_DisableInput_CH1_D_CH2_D_CH3_D 0x08001af5   Thumb Code     6  rov_r1.o(i.MC_SixStep_DisableInput_CH1_D_CH2_D_CH3_D)
    MC_SixStep_EnableInput_CH1_D_CH2_E_CH3_E 0x08001b01   Thumb Code     6  rov_r1.o(i.MC_SixStep_EnableInput_CH1_D_CH2_E_CH3_E)
    MC_SixStep_EnableInput_CH1_E_CH2_D_CH3_E 0x08001b0d   Thumb Code     6  rov_r1.o(i.MC_SixStep_EnableInput_CH1_E_CH2_D_CH3_E)
    MC_SixStep_EnableInput_CH1_E_CH2_E_CH3_D 0x08001b19   Thumb Code     6  rov_r1.o(i.MC_SixStep_EnableInput_CH1_E_CH2_E_CH3_D)
    MC_SixStep_HF_TIMx_SetDutyCycle          0x08001b25   Thumb Code     6  rov_r1.o(i.MC_SixStep_HF_TIMx_SetDutyCycle)
    MC_SixStep_HF_TIMx_SetDutyCycle_CH1      0x08001b31   Thumb Code     6  rov_r1.o(i.MC_SixStep_HF_TIMx_SetDutyCycle_CH1)
    MC_SixStep_HF_TIMx_SetDutyCycle_CH2      0x08001b3d   Thumb Code     6  rov_r1.o(i.MC_SixStep_HF_TIMx_SetDutyCycle_CH2)
    MC_SixStep_HF_TIMx_SetDutyCycle_CH3      0x08001b49   Thumb Code     6  rov_r1.o(i.MC_SixStep_HF_TIMx_SetDutyCycle_CH3)
    MC_SixStep_Hall_Run_Failure_Handler      0x08001b55   Thumb Code    60  6step_lib.o(i.MC_SixStep_Hall_Run_Failure_Handler)
    MC_SixStep_Hall_Startup_Failure_Handler  0x08001ba1   Thumb Code    64  6step_lib.o(i.MC_SixStep_Hall_Startup_Failure_Handler)
    MC_SixStep_INIT                          0x08001bf1   Thumb Code    46  6step_lib.o(i.MC_SixStep_INIT)
    MC_SixStep_Init_main_data                0x08001c2d   Thumb Code    44  6step_lib.o(i.MC_SixStep_Init_main_data)
    MC_SixStep_NEXT_step                     0x08001c5d   Thumb Code   272  6step_lib.o(i.MC_SixStep_NEXT_step)
    MC_SixStep_RESET                         0x08001d7d   Thumb Code   202  6step_lib.o(i.MC_SixStep_RESET)
    MC_SixStep_TABLE                         0x08001e5d   Thumb Code   138  6step_lib.o(i.MC_SixStep_TABLE)
    MC_Speed_Filter                          0x08001ef1   Thumb Code   104  6step_lib.o(i.MC_Speed_Filter)
    MC_StartMotor                            0x08001f61   Thumb Code   210  6step_lib.o(i.MC_StartMotor)
    MC_StopMotor                             0x08002049   Thumb Code    72  6step_lib.o(i.MC_StopMotor)
    MC_SysTick_SixStep_MediumFrequencyTask   0x080020a5   Thumb Code    82  6step_lib.o(i.MC_SysTick_SixStep_MediumFrequencyTask)
    MC_TIMx_SixStep_CommutationEvent         0x08002101   Thumb Code    52  6step_lib.o(i.MC_TIMx_SixStep_CommutationEvent)
    MC_TIMx_SixStep_timebase                 0x0800213d   Thumb Code    16  6step_lib.o(i.MC_TIMx_SixStep_timebase)
    MC_Task_Speed                            0x08002151   Thumb Code    88  6step_lib.o(i.MC_Task_Speed)
    Overcurrent_Selection                    0x08002395   Thumb Code    18  stspin32f0.o(i.Overcurrent_Selection)
    Overcurrent_Threshold_Setvalue           0x080023a9   Thumb Code    64  stspin32f0.o(i.Overcurrent_Threshold_Setvalue)
    SPI_Communication_Task                   0x080023ed   Thumb Code   236  spi_ui.o(i.SPI_Communication_Task)
    SPI_Send_16BIT                           0x08002549   Thumb Code    32  spi_ui.o(i.SPI_Send_16BIT)
    SysTick_Handler                          0x0800273d   Thumb Code    12  stspin32f0_it.o(i.SysTick_Handler)
    SystemClock_Config                       0x08002749   Thumb Code    70  main_32f0.o(i.SystemClock_Config)
    SystemInit                               0x08002795   Thumb Code    84  system_stm32f0xx.o(i.SystemInit)
    TIM1_BRK_UP_TRG_COM_IRQHandler           0x080027f5   Thumb Code    10  stspin32f0_it.o(i.TIM1_BRK_UP_TRG_COM_IRQHandler)
    TIM2_IRQHandler                          0x08002805   Thumb Code    10  stspin32f0_it.o(i.TIM2_IRQHandler)
    TIM3_IRQHandler                          0x08002815   Thumb Code    10  stspin32f0_it.o(i.TIM3_IRQHandler)
    TIM_Base_SetConfig                       0x08002825   Thumb Code   104  stm32f0xx_hal_tim.o(i.TIM_Base_SetConfig)
    TIM_CCxChannelCmd                        0x080028a1   Thumb Code    22  stm32f0xx_hal_tim.o(i.TIM_CCxChannelCmd)
    TIM_OC2_SetConfig                        0x0800295d   Thumb Code   104  stm32f0xx_hal_tim.o(i.TIM_OC2_SetConfig)
    TIM_TI1_SetConfig                        0x08002b45   Thumb Code    68  stm32f0xx_hal_tim.o(i.TIM_TI1_SetConfig)
    USART1_IRQHandler                        0x08002bb7   Thumb Code     2  stspin32f0_it.o(i.USART1_IRQHandler)
    __ARM_common_switch8                     0x08002bb9   Thumb Code    26  stm32f0xx_hal_tim.o(i.__ARM_common_switch8)
    main                                     0x08002c19   Thumb Code    76  main_32f0.o(i.main)
    APBAHBPrescTable                         0x08002c6c   Data          16  stm32f0xx_hal_rcc.o(.constdata)
    PLLMULFactorTable                        0x08002c7c   Data          16  stm32f0xx_hal_rcc_ex.o(.constdata)
    PredivFactorTable                        0x08002c8c   Data          16  stm32f0xx_hal_rcc_ex.o(.constdata)
    Region$$Table$$Base                      0x08002c9c   Number         0  anon$$obj.o(Region$$Table)
    Region$$Table$$Limit                     0x08002cbc   Number         0  anon$$obj.o(Region$$Table)
    STSPIN32F0MotorDriver                    0x20000000   Data          48  stspin32f0.o(.data)
    array_completed                          0x20000030   Data           1  6step_lib.o(.data)
    Enable_start_button                      0x20000031   Data           1  6step_lib.o(.data)
    hallStatus                               0x20000032   Data           1  6step_lib.o(.data)
    index_array                              0x20000034   Data           2  6step_lib.o(.data)
    index_adc_chn                            0x20000036   Data           2  6step_lib.o(.data)
    shift_n_sqrt                             0x20000038   Data           2  6step_lib.o(.data)
    index_align                              0x2000003a   Data           2  6step_lib.o(.data)
    index_pot_filt                           0x2000003c   Data           2  6step_lib.o(.data)
    potent_filtered                          0x2000003e   Data           2  6step_lib.o(.data)
    H1                                       0x20000040   Data           2  6step_lib.o(.data)
    H2                                       0x20000042   Data           2  6step_lib.o(.data)
    H3                                       0x20000044   Data           2  6step_lib.o(.data)
    Rotor_poles_pairs                        0x20000046   Data           2  6step_lib.o(.data)
    Mech_Speed_RPM                           0x20000048   Data           4  6step_lib.o(.data)
    El_Speed_Hz                              0x2000004c   Data           4  6step_lib.o(.data)
    speed_sum_sp_filt                        0x20000054   Data           4  6step_lib.o(.data)
    speed_sum_pot_filt                       0x20000058   Data           4  6step_lib.o(.data)
    Tick_cnt                                 0x2000005c   Data           4  6step_lib.o(.data)
    counter_ARR_Bemf                         0x20000060   Data           4  6step_lib.o(.data)
    constant_multiplier_tmp                  0x20000068   Data           8  6step_lib.o(.data)
    new16BitValue                            0x20000070   Data           2  spi_ui.o(.data)
    SPI_Receive_Buffer                       0x20000072   Data           3  spi_ui.o(.data)
    SystemCoreClock                          0x20000078   Data           4  system_stm32f0xx.o(.data)
    AHBPrescTable                            0x2000007c   Data          16  system_stm32f0xx.o(.data)
    HF_TIMx                                  0x2000008c   Data          60  stspin32f0.o(.bss)
    ADCx                                     0x200000c8   Data          72  stspin32f0.o(.bss)
    LF_TIMx                                  0x20000110   Data          60  stspin32f0.o(.bss)
    REFx                                     0x2000014c   Data          60  stspin32f0.o(.bss)
    hspi1                                    0x20000188   Data         100  stspin32f0.o(.bss)
    SIXSTEP_parameters                       0x200001ec   Data         128  6step_lib.o(.bss)
    PI_parameters                            0x2000026c   Data          16  6step_lib.o(.bss)
    sConfig                                  0x2000027c   Data          28  6step_lib.o(.bss)
    speed_tmp_array                          0x20000298   Data         128  6step_lib.o(.bss)
    statusStructUnion                        0x20000318   Data          12  spi_ui.o(.bss)
    SPI_Recived_DUMP                         0x20000324   Data          20  spi_ui.o(.bss)
    __libspace_start                         0x20000338   Data          96  libspace.o(.bss)
    __temporary_stack_top$libspace           0x20000398   Data           0  libspace.o(.bss)



==============================================================================

Memory Map of the image

  Image Entry point : 0x080000b1

  Load Region LR_IROM1 (Base: 0x08000000, Size: 0x00002d48, Max: 0x00008000, ABSOLUTE)

    Execution Region ER_IROM1 (Exec base: 0x08000000, Load base: 0x08000000, Size: 0x00002cbc, Max: 0x00008000, ABSOLUTE)

    Exec Addr    Load Addr    Size         Type   Attr      Idx    E Section Name        Object

    0x08000000   0x08000000   0x000000b0   Data   RO         2787    RESET               startup_stm32f031.o
    0x080000b0   0x080000b0   0x00000008   Code   RO         2843  * !!!main             c_p.l(__main.o)
    0x080000b8   0x080000b8   0x0000003c   Code   RO         3016    !!!scatter          c_p.l(__scatter.o)
    0x080000f4   0x080000f4   0x0000001a   Code   RO         3018    !!handler_copy      c_p.l(__scatter_copy.o)
    0x0800010e   0x0800010e   0x00000002   PAD
    0x08000110   0x08000110   0x0000001c   Code   RO         3020    !!handler_zi        c_p.l(__scatter_zi.o)
    0x0800012c   0x0800012c   0x00000002   Code   RO         2885    .ARM.Collect$$libinit$$00000000  c_p.l(libinit.o)
    0x0800012e   0x0800012e   0x00000000   Code   RO         2899    .ARM.Collect$$libinit$$00000002  c_p.l(libinit2.o)
    0x0800012e   0x0800012e   0x00000000   Code   RO         2901    .ARM.Collect$$libinit$$00000004  c_p.l(libinit2.o)
    0x0800012e   0x0800012e   0x00000000   Code   RO         2904    .ARM.Collect$$libinit$$0000000A  c_p.l(libinit2.o)
    0x0800012e   0x0800012e   0x00000000   Code   RO         2906    .ARM.Collect$$libinit$$0000000C  c_p.l(libinit2.o)
    0x0800012e   0x0800012e   0x00000000   Code   RO         2908    .ARM.Collect$$libinit$$0000000E  c_p.l(libinit2.o)
    0x0800012e   0x0800012e   0x00000000   Code   RO         2911    .ARM.Collect$$libinit$$00000011  c_p.l(libinit2.o)
    0x0800012e   0x0800012e   0x00000000   Code   RO         2913    .ARM.Collect$$libinit$$00000013  c_p.l(libinit2.o)
    0x0800012e   0x0800012e   0x00000000   Code   RO         2915    .ARM.Collect$$libinit$$00000015  c_p.l(libinit2.o)
    0x0800012e   0x0800012e   0x00000000   Code   RO         2917    .ARM.Collect$$libinit$$00000017  c_p.l(libinit2.o)
    0x0800012e   0x0800012e   0x00000000   Code   RO         2919    .ARM.Collect$$libinit$$00000019  c_p.l(libinit2.o)
    0x0800012e   0x0800012e   0x00000000   Code   RO         2921    .ARM.Collect$$libinit$$0000001B  c_p.l(libinit2.o)
    0x0800012e   0x0800012e   0x00000000   Code   RO         2923    .ARM.Collect$$libinit$$0000001D  c_p.l(libinit2.o)
    0x0800012e   0x0800012e   0x00000000   Code   RO         2925    .ARM.Collect$$libinit$$0000001F  c_p.l(libinit2.o)
    0x0800012e   0x0800012e   0x00000000   Code   RO         2927    .ARM.Collect$$libinit$$00000021  c_p.l(libinit2.o)
    0x0800012e   0x0800012e   0x00000000   Code   RO         2929    .ARM.Collect$$libinit$$00000023  c_p.l(libinit2.o)
    0x0800012e   0x0800012e   0x00000000   Code   RO         2931    .ARM.Collect$$libinit$$00000025  c_p.l(libinit2.o)
    0x0800012e   0x0800012e   0x00000000   Code   RO         2935    .ARM.Collect$$libinit$$0000002C  c_p.l(libinit2.o)
    0x0800012e   0x0800012e   0x00000000   Code   RO         2937    .ARM.Collect$$libinit$$0000002E  c_p.l(libinit2.o)
    0x0800012e   0x0800012e   0x00000000   Code   RO         2939    .ARM.Collect$$libinit$$00000030  c_p.l(libinit2.o)
    0x0800012e   0x0800012e   0x00000000   Code   RO         2941    .ARM.Collect$$libinit$$00000032  c_p.l(libinit2.o)
    0x0800012e   0x0800012e   0x00000002   Code   RO         2942    .ARM.Collect$$libinit$$00000033  c_p.l(libinit2.o)
    0x08000130   0x08000130   0x00000002   Code   RO         2973    .ARM.Collect$$libshutdown$$00000000  c_p.l(libshutdown.o)
    0x08000132   0x08000132   0x00000000   Code   RO         2999    .ARM.Collect$$libshutdown$$00000002  c_p.l(libshutdown2.o)
    0x08000132   0x08000132   0x00000000   Code   RO         3001    .ARM.Collect$$libshutdown$$00000004  c_p.l(libshutdown2.o)
    0x08000132   0x08000132   0x00000000   Code   RO         3004    .ARM.Collect$$libshutdown$$00000007  c_p.l(libshutdown2.o)
    0x08000132   0x08000132   0x00000000   Code   RO         3007    .ARM.Collect$$libshutdown$$0000000A  c_p.l(libshutdown2.o)
    0x08000132   0x08000132   0x00000000   Code   RO         3009    .ARM.Collect$$libshutdown$$0000000C  c_p.l(libshutdown2.o)
    0x08000132   0x08000132   0x00000000   Code   RO         3012    .ARM.Collect$$libshutdown$$0000000F  c_p.l(libshutdown2.o)
    0x08000132   0x08000132   0x00000002   Code   RO         3013    .ARM.Collect$$libshutdown$$00000010  c_p.l(libshutdown2.o)
    0x08000134   0x08000134   0x00000000   Code   RO         2845    .ARM.Collect$$rtentry$$00000000  c_p.l(__rtentry.o)
    0x08000134   0x08000134   0x00000000   Code   RO         2855    .ARM.Collect$$rtentry$$00000002  c_p.l(__rtentry2.o)
    0x08000134   0x08000134   0x00000006   Code   RO         2867    .ARM.Collect$$rtentry$$00000004  c_p.l(__rtentry4.o)
    0x0800013a   0x0800013a   0x00000000   Code   RO         2857    .ARM.Collect$$rtentry$$00000009  c_p.l(__rtentry2.o)
    0x0800013a   0x0800013a   0x00000004   Code   RO         2858    .ARM.Collect$$rtentry$$0000000A  c_p.l(__rtentry2.o)
    0x0800013e   0x0800013e   0x00000000   Code   RO         2860    .ARM.Collect$$rtentry$$0000000C  c_p.l(__rtentry2.o)
    0x0800013e   0x0800013e   0x00000008   Code   RO         2861    .ARM.Collect$$rtentry$$0000000D  c_p.l(__rtentry2.o)
    0x08000146   0x08000146   0x00000002   Code   RO         2890    .ARM.Collect$$rtexit$$00000000  c_p.l(rtexit.o)
    0x08000148   0x08000148   0x00000000   Code   RO         2946    .ARM.Collect$$rtexit$$00000002  c_p.l(rtexit2.o)
    0x08000148   0x08000148   0x00000004   Code   RO         2947    .ARM.Collect$$rtexit$$00000003  c_p.l(rtexit2.o)
    0x0800014c   0x0800014c   0x00000006   Code   RO         2948    .ARM.Collect$$rtexit$$00000004  c_p.l(rtexit2.o)
    0x08000152   0x08000152   0x00000002   PAD
    0x08000154   0x08000154   0x00000074   Code   RO         2788    .text               startup_stm32f031.o
    0x080001c8   0x080001c8   0x0000015a   Code   RO         2837    .text               c_p.l(aeabi_sdiv.o)
    0x08000322   0x08000322   0x00000006   Code   RO         2841    .text               c_p.l(heapauxi.o)
    0x08000328   0x08000328   0x0000003e   Code   RO         2871    .text               c_p.l(sys_stackheap_outer.o)
    0x08000366   0x08000366   0x00000010   Code   RO         2874    .text               c_p.l(exit.o)
    0x08000376   0x08000376   0x00000002   PAD
    0x08000378   0x08000378   0x00000008   Code   RO         2886    .text               c_p.l(libspace.o)
    0x08000380   0x08000380   0x0000000c   Code   RO         2943    .text               c_p.l(sys_exit.o)
    0x0800038c   0x0800038c   0x00000002   Code   RO         2962    .text               c_p.l(use_no_semi.o)
    0x0800038e   0x0800038e   0x00000000   Code   RO         2964    .text               c_p.l(indicate_semi.o)
    0x0800038e   0x0800038e   0x00000002   PAD
    0x08000390   0x08000390   0x00000038   Code   RO            3    i.ADC_Channel       stspin32f0.o
    0x080003c8   0x080003c8   0x00000002   Code   RO         2683    i.BSP_BOARD_FAULT_LED_OFF  rov_r1.o
    0x080003ca   0x080003ca   0x00000002   Code   RO         2684    i.BSP_BOARD_FAULT_LED_ON  rov_r1.o
    0x080003cc   0x080003cc   0x00000002   Code   RO         2583    i.DMA1_Channel2_3_IRQHandler  stspin32f0_it.o
    0x080003ce   0x080003ce   0x00000002   PAD
    0x080003d0   0x080003d0   0x00000038   Code   RO            4    i.DisableInput_CH1_D_CH2_D_CH3_D  stspin32f0.o
    0x08000408   0x08000408   0x00000002   Code   RO         2584    i.EXTI0_1_IRQHandler  stspin32f0_it.o
    0x0800040a   0x0800040a   0x00000002   PAD
    0x0800040c   0x0800040c   0x00000038   Code   RO            5    i.EnableInput_CH1_D_CH2_E_CH3_E  stspin32f0.o
    0x08000444   0x08000444   0x00000038   Code   RO            6    i.EnableInput_CH1_E_CH2_D_CH3_E  stspin32f0.o
    0x0800047c   0x0800047c   0x00000038   Code   RO            7    i.EnableInput_CH1_E_CH2_E_CH3_D  stspin32f0.o
    0x080004b4   0x080004b4   0x00000134   Code   RO          822    i.HAL_GPIO_Init     stm32f0xx_hal_gpio.o
    0x080005e8   0x080005e8   0x0000000a   Code   RO          824    i.HAL_GPIO_ReadPin  stm32f0xx_hal_gpio.o
    0x080005f2   0x080005f2   0x00000008   Code   RO          825    i.HAL_GPIO_TogglePin  stm32f0xx_hal_gpio.o
    0x080005fa   0x080005fa   0x0000000c   Code   RO          826    i.HAL_GPIO_WritePin  stm32f0xx_hal_gpio.o
    0x08000606   0x08000606   0x00000002   PAD
    0x08000608   0x08000608   0x0000000c   Code   RO         2273    i.HAL_GetTick       6step_lib.o
    0x08000614   0x08000614   0x00000010   Code   RO         2274    i.HAL_IncTick       6step_lib.o
    0x08000624   0x08000624   0x00000020   Code   RO          195    i.HAL_Init          stm32f0xx_hal.o
    0x08000644   0x08000644   0x00000022   Code   RO          196    i.HAL_InitTick      stm32f0xx_hal.o
    0x08000666   0x08000666   0x0000000e   Code   RO         2497    i.HAL_MspInit       stspin32f0_hal_msp.o
    0x08000674   0x08000674   0x00000018   Code   RO          500    i.HAL_NVIC_EnableIRQ  stm32f0xx_hal_cortex.o
    0x0800068c   0x0800068c   0x00000008   Code   RO          504    i.HAL_NVIC_SetPriority  stm32f0xx_hal_cortex.o
    0x08000694   0x08000694   0x0000019c   Code   RO          978    i.HAL_RCC_ClockConfig  stm32f0xx_hal_rcc_ex.o
    0x08000830   0x08000830   0x00000028   Code   RO          887    i.HAL_RCC_GetHCLKFreq  stm32f0xx_hal_rcc.o
    0x08000858   0x08000858   0x0000004c   Code   RO          979    i.HAL_RCC_GetSysClockFreq  stm32f0xx_hal_rcc_ex.o
    0x080008a4   0x080008a4   0x0000031c   Code   RO          980    i.HAL_RCC_OscConfig  stm32f0xx_hal_rcc_ex.o
    0x08000bc0   0x08000bc0   0x000000c4   Code   RO         1938    i.HAL_SPI_Init      stm32f0xx_hal_spi.o
    0x08000c84   0x08000c84   0x00000040   Code   RO         2498    i.HAL_SPI_MspInit   stspin32f0_hal_msp.o
    0x08000cc4   0x08000cc4   0x00000240   Code   RO         1941    i.HAL_SPI_Receive   stm32f0xx_hal_spi.o
    0x08000f04   0x08000f04   0x00000290   Code   RO         1947    i.HAL_SPI_TransmitReceive  stm32f0xx_hal_spi.o
    0x08001194   0x08001194   0x00000008   Code   RO         2499    i.HAL_SYSTICK_Callback  stspin32f0_hal_msp.o
    0x0800119c   0x0800119c   0x00000030   Code   RO          508    i.HAL_SYSTICK_Config  stm32f0xx_hal_cortex.o
    0x080011cc   0x080011cc   0x00000008   Code   RO          509    i.HAL_SYSTICK_IRQHandler  stm32f0xx_hal_cortex.o
    0x080011d4   0x080011d4   0x00000010   Code   RO         2500    i.HAL_TIMEx_BreakCallback  stspin32f0_hal_msp.o
    0x080011e4   0x080011e4   0x00000010   Code   RO         2501    i.HAL_TIMEx_CommutationCallback  stspin32f0_hal_msp.o
    0x080011f4   0x080011f4   0x0000003c   Code   RO         1654    i.HAL_TIMEx_ConfigBreakDeadTime  stm32f0xx_hal_tim_ex.o
    0x08001230   0x08001230   0x00000062   Code   RO         1657    i.HAL_TIMEx_ConfigCommutationEvent_IT  stm32f0xx_hal_tim_ex.o
    0x08001292   0x08001292   0x000000ac   Code   RO         1661    i.HAL_TIMEx_HallSensor_Init  stm32f0xx_hal_tim_ex.o
    0x0800133e   0x0800133e   0x00000002   PAD
    0x08001340   0x08001340   0x00000054   Code   RO         2503    i.HAL_TIMEx_HallSensor_MspInit  stspin32f0_hal_msp.o
    0x08001394   0x08001394   0x00000026   Code   RO         1666    i.HAL_TIMEx_HallSensor_Start_IT  stm32f0xx_hal_tim_ex.o
    0x080013ba   0x080013ba   0x00000002   PAD
    0x080013bc   0x080013bc   0x0000003c   Code   RO         1669    i.HAL_TIMEx_HallSensor_Stop_IT  stm32f0xx_hal_tim_ex.o
    0x080013f8   0x080013f8   0x00000048   Code   RO         1670    i.HAL_TIMEx_MasterConfigSynchronization  stm32f0xx_hal_tim_ex.o
    0x08001440   0x08001440   0x00000026   Code   RO         1681    i.HAL_TIMEx_PWMN_Start  stm32f0xx_hal_tim_ex.o
    0x08001466   0x08001466   0x00000002   PAD
    0x08001468   0x08001468   0x0000004c   Code   RO         1684    i.HAL_TIMEx_PWMN_Stop  stm32f0xx_hal_tim_ex.o
    0x080014b4   0x080014b4   0x00000030   Code   RO         1025    i.HAL_TIM_Base_Init  stm32f0xx_hal_tim.o
    0x080014e4   0x080014e4   0x000000d8   Code   RO         2505    i.HAL_TIM_Base_MspInit  stspin32f0_hal_msp.o
    0x080015bc   0x080015bc   0x0000000c   Code   RO         2506    i.HAL_TIM_IC_CaptureCallback  stspin32f0_hal_msp.o
    0x080015c8   0x080015c8   0x00000162   Code   RO         1070    i.HAL_TIM_IRQHandler  stm32f0xx_hal_tim.o
    0x0800172a   0x0800172a   0x00000002   PAD
    0x0800172c   0x0800172c   0x0000005c   Code   RO         2507    i.HAL_TIM_OC_DelayElapsedCallback  stspin32f0_hal_msp.o
    0x08001788   0x08001788   0x000000d0   Code   RO         1094    i.HAL_TIM_PWM_ConfigChannel  stm32f0xx_hal_tim.o
    0x08001858   0x08001858   0x00000030   Code   RO         1097    i.HAL_TIM_PWM_Init  stm32f0xx_hal_tim.o
    0x08001888   0x08001888   0x00000002   Code   RO         1099    i.HAL_TIM_PWM_MspInit  stm32f0xx_hal_tim.o
    0x0800188a   0x0800188a   0x00000002   Code   RO         1100    i.HAL_TIM_PWM_PulseFinishedCallback  stm32f0xx_hal_tim.o
    0x0800188c   0x0800188c   0x00000044   Code   RO         1101    i.HAL_TIM_PWM_Start  stm32f0xx_hal_tim.o
    0x080018d0   0x080018d0   0x0000006c   Code   RO         1104    i.HAL_TIM_PWM_Stop  stm32f0xx_hal_tim.o
    0x0800193c   0x0800193c   0x00000002   Code   RO         1107    i.HAL_TIM_PeriodElapsedCallback  stm32f0xx_hal_tim.o
    0x0800193e   0x0800193e   0x0000003c   Code   RO         1109    i.HAL_TIM_SlaveConfigSynchronization  stm32f0xx_hal_tim.o
    0x0800197a   0x0800197a   0x00000002   Code   RO         1111    i.HAL_TIM_TriggerCallback  stm32f0xx_hal_tim.o
    0x0800197c   0x0800197c   0x00000018   Code   RO            8    i.HF_TIMx_SetDutyCycle  stspin32f0.o
    0x08001994   0x08001994   0x0000000c   Code   RO            9    i.HF_TIMx_SetDutyCycle_CH1  stspin32f0.o
    0x080019a0   0x080019a0   0x0000000c   Code   RO           10    i.HF_TIMx_SetDutyCycle_CH2  stspin32f0.o
    0x080019ac   0x080019ac   0x0000000c   Code   RO           11    i.HF_TIMx_SetDutyCycle_CH3  stspin32f0.o
    0x080019b8   0x080019b8   0x00000002   Code   RO         2585    i.HardFault_Handler  stspin32f0_it.o
    0x080019ba   0x080019ba   0x00000002   PAD
    0x080019bc   0x080019bc   0x0000003c   Code   RO         2279    i.MC_GetMechSpeedRPM  6step_lib.o
    0x080019f8   0x080019f8   0x00000040   Code   RO         2280    i.MC_PI_Controller  6step_lib.o
    0x08001a38   0x08001a38   0x0000005c   Code   RO         2281    i.MC_Set_PI_param   6step_lib.o
    0x08001a94   0x08001a94   0x00000020   Code   RO         2282    i.MC_Set_Speed      6step_lib.o
    0x08001ab4   0x08001ab4   0x00000018   Code   RO         2686    i.MC_SixStep_Current_Reference_Setvalue  rov_r1.o
    0x08001acc   0x08001acc   0x00000010   Code   RO         2687    i.MC_SixStep_Current_Reference_Start  rov_r1.o
    0x08001adc   0x08001adc   0x00000018   Code   RO         2688    i.MC_SixStep_Current_Reference_Stop  rov_r1.o
    0x08001af4   0x08001af4   0x0000000c   Code   RO         2689    i.MC_SixStep_DisableInput_CH1_D_CH2_D_CH3_D  rov_r1.o
    0x08001b00   0x08001b00   0x0000000c   Code   RO         2690    i.MC_SixStep_EnableInput_CH1_D_CH2_E_CH3_E  rov_r1.o
    0x08001b0c   0x08001b0c   0x0000000c   Code   RO         2691    i.MC_SixStep_EnableInput_CH1_E_CH2_D_CH3_E  rov_r1.o
    0x08001b18   0x08001b18   0x0000000c   Code   RO         2692    i.MC_SixStep_EnableInput_CH1_E_CH2_E_CH3_D  rov_r1.o
    0x08001b24   0x08001b24   0x0000000c   Code   RO         2693    i.MC_SixStep_HF_TIMx_SetDutyCycle  rov_r1.o
    0x08001b30   0x08001b30   0x0000000c   Code   RO         2694    i.MC_SixStep_HF_TIMx_SetDutyCycle_CH1  rov_r1.o
    0x08001b3c   0x08001b3c   0x0000000c   Code   RO         2695    i.MC_SixStep_HF_TIMx_SetDutyCycle_CH2  rov_r1.o
    0x08001b48   0x08001b48   0x0000000c   Code   RO         2696    i.MC_SixStep_HF_TIMx_SetDutyCycle_CH3  rov_r1.o
    0x08001b54   0x08001b54   0x0000004c   Code   RO         2283    i.MC_SixStep_Hall_Run_Failure_Handler  6step_lib.o
    0x08001ba0   0x08001ba0   0x00000050   Code   RO         2284    i.MC_SixStep_Hall_Startup_Failure_Handler  6step_lib.o
    0x08001bf0   0x08001bf0   0x0000003c   Code   RO         2285    i.MC_SixStep_INIT   6step_lib.o
    0x08001c2c   0x08001c2c   0x00000030   Code   RO         2286    i.MC_SixStep_Init_main_data  6step_lib.o
    0x08001c5c   0x08001c5c   0x00000120   Code   RO         2287    i.MC_SixStep_NEXT_step  6step_lib.o
    0x08001d7c   0x08001d7c   0x000000e0   Code   RO         2288    i.MC_SixStep_RESET  6step_lib.o
    0x08001e5c   0x08001e5c   0x00000094   Code   RO         2289    i.MC_SixStep_TABLE  6step_lib.o
    0x08001ef0   0x08001ef0   0x00000070   Code   RO         2290    i.MC_Speed_Filter   6step_lib.o
    0x08001f60   0x08001f60   0x000000e8   Code   RO         2291    i.MC_StartMotor     6step_lib.o
    0x08002048   0x08002048   0x0000005c   Code   RO         2292    i.MC_StopMotor      6step_lib.o
    0x080020a4   0x080020a4   0x0000005c   Code   RO         2293    i.MC_SysTick_SixStep_MediumFrequencyTask  6step_lib.o
    0x08002100   0x08002100   0x0000003c   Code   RO         2294    i.MC_TIMx_SixStep_CommutationEvent  6step_lib.o
    0x0800213c   0x0800213c   0x00000014   Code   RO         2295    i.MC_TIMx_SixStep_timebase  6step_lib.o
    0x08002150   0x08002150   0x0000005c   Code   RO         2296    i.MC_Task_Speed     6step_lib.o
    0x080021ac   0x080021ac   0x000000b4   Code   RO         2443    i.MX_GPIO_Init      main_32f0.o
    0x08002260   0x08002260   0x0000009c   Code   RO         2444    i.MX_HF_TIMx_Init   main_32f0.o
    0x080022fc   0x080022fc   0x00000060   Code   RO         2445    i.MX_REFx_Init      main_32f0.o
    0x0800235c   0x0800235c   0x00000038   Code   RO         2446    i.MX_SPI1_Init      main_32f0.o
    0x08002394   0x08002394   0x00000012   Code   RO           12    i.Overcurrent_Selection  stspin32f0.o
    0x080023a6   0x080023a6   0x00000002   PAD
    0x080023a8   0x080023a8   0x00000044   Code   RO           13    i.Overcurrent_Threshold_Setvalue  stspin32f0.o
    0x080023ec   0x080023ec   0x00000100   Code   RO         2649    i.SPI_Communication_Task  spi_ui.o
    0x080024ec   0x080024ec   0x0000005a   Code   RO         1972    i.SPI_EndRxTransaction  stm32f0xx_hal_spi.o
    0x08002546   0x08002546   0x00000002   PAD
    0x08002548   0x08002548   0x00000028   Code   RO         2650    i.SPI_Send_16BIT    spi_ui.o
    0x08002570   0x08002570   0x000000a4   Code   RO         1979    i.SPI_WaitFifoStateUntilTimeout  stm32f0xx_hal_spi.o
    0x08002614   0x08002614   0x00000090   Code   RO         1980    i.SPI_WaitFlagStateUntilTimeout  stm32f0xx_hal_spi.o
    0x080026a4   0x080026a4   0x00000098   Code   RO         2794    i.SetSysClock       system_stm32f0xx.o
    0x0800273c   0x0800273c   0x0000000c   Code   RO         2586    i.SysTick_Handler   stspin32f0_it.o
    0x08002748   0x08002748   0x0000004c   Code   RO         2447    i.SystemClock_Config  main_32f0.o
    0x08002794   0x08002794   0x00000060   Code   RO         2796    i.SystemInit        system_stm32f0xx.o
    0x080027f4   0x080027f4   0x00000010   Code   RO         2587    i.TIM1_BRK_UP_TRG_COM_IRQHandler  stspin32f0_it.o
    0x08002804   0x08002804   0x00000010   Code   RO         2588    i.TIM2_IRQHandler   stspin32f0_it.o
    0x08002814   0x08002814   0x00000010   Code   RO         2589    i.TIM3_IRQHandler   stspin32f0_it.o
    0x08002824   0x08002824   0x0000007c   Code   RO         1112    i.TIM_Base_SetConfig  stm32f0xx_hal_tim.o
    0x080028a0   0x080028a0   0x00000016   Code   RO         1113    i.TIM_CCxChannelCmd  stm32f0xx_hal_tim.o
    0x080028b6   0x080028b6   0x00000016   Code   RO         1688    i.TIM_CCxNChannelCmd  stm32f0xx_hal_tim_ex.o
    0x080028cc   0x080028cc   0x00000016   Code   RO         1116    i.TIM_ETR_SetConfig  stm32f0xx_hal_tim.o
    0x080028e2   0x080028e2   0x00000002   PAD
    0x080028e4   0x080028e4   0x00000078   Code   RO         1118    i.TIM_OC1_SetConfig  stm32f0xx_hal_tim.o
    0x0800295c   0x0800295c   0x00000074   Code   RO         1119    i.TIM_OC2_SetConfig  stm32f0xx_hal_tim.o
    0x080029d0   0x080029d0   0x00000078   Code   RO         1120    i.TIM_OC3_SetConfig  stm32f0xx_hal_tim.o
    0x08002a48   0x08002a48   0x00000060   Code   RO         1121    i.TIM_OC4_SetConfig  stm32f0xx_hal_tim.o
    0x08002aa8   0x08002aa8   0x0000007a   Code   RO         1122    i.TIM_SlaveTimer_SetConfig  stm32f0xx_hal_tim.o
    0x08002b22   0x08002b22   0x00000022   Code   RO         1123    i.TIM_TI1_ConfigInputStage  stm32f0xx_hal_tim.o
    0x08002b44   0x08002b44   0x0000004c   Code   RO         1124    i.TIM_TI1_SetConfig  stm32f0xx_hal_tim.o
    0x08002b90   0x08002b90   0x00000026   Code   RO         1125    i.TIM_TI2_ConfigInputStage  stm32f0xx_hal_tim.o
    0x08002bb6   0x08002bb6   0x00000002   Code   RO         2590    i.USART1_IRQHandler  stspin32f0_it.o
    0x08002bb8   0x08002bb8   0x0000001a   Code   RO         1644    i.__ARM_common_switch8  stm32f0xx_hal_tim.o
    0x08002bd2   0x08002bd2   0x00000002   PAD
    0x08002bd4   0x08002bd4   0x00000044   Code   RO          510    i.__NVIC_SetPriority  stm32f0xx_hal_cortex.o
    0x08002c18   0x08002c18   0x00000054   Code   RO         2448    i.main              main_32f0.o
    0x08002c6c   0x08002c6c   0x00000010   Data   RO          894    .constdata          stm32f0xx_hal_rcc.o
    0x08002c7c   0x08002c7c   0x00000020   Data   RO          981    .constdata          stm32f0xx_hal_rcc_ex.o
    0x08002c9c   0x08002c9c   0x00000020   Data   RO         3014    Region$$Table       anon$$obj.o


    Execution Region RW_IRAM1 (Exec base: 0x20000000, Load base: 0x08002cbc, Size: 0x00000998, Max: 0x00001000, ABSOLUTE)

    Exec Addr    Load Addr    Size         Type   Attr      Idx    E Section Name        Object

    0x20000000   0x08002cbc   0x00000030   Data   RW           18    .data               stspin32f0.o
    0x20000030   0x08002cec   0x00000040   Data   RW         2305    .data               6step_lib.o
    0x20000070   0x08002d2c   0x00000005   Data   RW         2653    .data               spi_ui.o
    0x20000075   0x08002d31   0x00000003   PAD
    0x20000078   0x08002d34   0x00000014   Data   RW         2797    .data               system_stm32f0xx.o
    0x2000008c        -       0x00000084   Zero   RW           14    .bss                stspin32f0.o
    0x20000110        -       0x0000003c   Zero   RW           15    .bss                stspin32f0.o
    0x2000014c        -       0x0000003c   Zero   RW           16    .bss                stspin32f0.o
    0x20000188        -       0x00000064   Zero   RW           17    .bss                stspin32f0.o
    0x200001ec        -       0x0000012c   Zero   RW         2297    .bss                6step_lib.o
    0x20000318        -       0x00000020   Zero   RW         2651    .bss                spi_ui.o
    0x20000338        -       0x00000060   Zero   RW         2887    .bss                c_p.l(libspace.o)
    0x20000398        -       0x00000200   Zero   RW         2786    HEAP                startup_stm32f031.o
    0x20000598        -       0x00000400   Zero   RW         2785    STACK               startup_stm32f031.o


==============================================================================

Image component sizes


      Code (inc. data)   RO Data    RW Data    ZI Data      Debug   Object Name

      1900        250          0         64        300      16732   6step_lib.o
       648         64          0          0          0       5476   main_32f0.o
       164         60          0          0          0       7881   rov_r1.o
       296         46          0          5         32       2492   spi_ui.o
       116         56        176          0       1536        748   startup_stm32f031.o
        66          6          0          0          0       1322   stm32f0xx_hal.o
       156         24          0          0          0      10662   stm32f0xx_hal_cortex.o
       338         22          0          0          0       4032   stm32f0xx_hal_gpio.o
        40         14         16          0          0       1705   stm32f0xx_hal_rcc.o
      1284         40         32          0          0       4718   stm32f0xx_hal_rcc_ex.o
      1826         40          0          0          0       7719   stm32f0xx_hal_spi.o
      1818        118          0          0          0      18417   stm32f0xx_hal_tim.o
       636         16          0          0          0       7874   stm32f0xx_hal_tim_ex.o
       426         42          0         48        352     181576   stspin32f0.o
       522         52          0          0          0       6173   stspin32f0_hal_msp.o
        68         18          0          0          0       4141   stspin32f0_it.o
       248         24          0         20          0       2105   system_stm32f0xx.o
         0          0          0          0          0       2428   uart_ui.o

    ----------------------------------------------------------------------
     10576        892        256        140       2220     286201   Object Totals
         0          0         32          0          0          0   (incl. Generated)
        24          0          0          3          0          0   (incl. Padding)

    ----------------------------------------------------------------------

      Code (inc. data)   RO Data    RW Data    ZI Data      Debug   Library Member Name

         8          0          0          0          0         68   __main.o
         0          0          0          0          0          0   __rtentry.o
        12          0          0          0          0          0   __rtentry2.o
         6          0          0          0          0          0   __rtentry4.o
        60          8          0          0          0          0   __scatter.o
        26          0          0          0          0          0   __scatter_copy.o
        28          0          0          0          0          0   __scatter_zi.o
       346          0          0          0          0         92   aeabi_sdiv.o
        16          0          0          0          0         68   exit.o
         6          0          0          0          0        136   heapauxi.o
         0          0          0          0          0          0   indicate_semi.o
         2          0          0          0          0          0   libinit.o
         2          0          0          0          0          0   libinit2.o
         2          0          0          0          0          0   libshutdown.o
         2          0          0          0          0          0   libshutdown2.o
         8          4          0          0         96         68   libspace.o
         2          0          0          0          0          0   rtexit.o
        10          0          0          0          0          0   rtexit2.o
        12          4          0          0          0         60   sys_exit.o
        62          0          0          0          0         80   sys_stackheap_outer.o
         2          0          0          0          0         68   use_no_semi.o

    ----------------------------------------------------------------------
       620         16          0          0         96        640   Library Totals
         8          0          0          0          0          0   (incl. Padding)

    ----------------------------------------------------------------------

      Code (inc. data)   RO Data    RW Data    ZI Data      Debug   Library Name

       612         16          0          0         96        640   c_p.l

    ----------------------------------------------------------------------
       620         16          0          0         96        640   Library Totals

    ----------------------------------------------------------------------

==============================================================================


      Code (inc. data)   RO Data    RW Data    ZI Data      Debug   

     11196        908        256        140       2316     281417   Grand Totals
     11196        908        256        140       2316     281417   ELF Image Totals
     11196        908        256        140          0          0   ROM Totals

==============================================================================

    Total RO  Size (Code + RO Data)                11452 (  11.18kB)
    Total RW  Size (RW Data + ZI Data)              2456 (   2.40kB)
    Total ROM Size (Code + RO Data + RW Data)      11592 (  11.32kB)

==============================================================================

